Archive member included to satisfy reference by file (symbol)

D:/devkitpro/libctru/lib\libctru.a(gfx.o)
                              main.o (gfxInitDefault)
D:/devkitpro/libctru/lib\libctru.a(gspgpu.o)
                              D:/devkitpro/libctru/lib\libctru.a(gfx.o) (gspInit)
D:/devkitpro/libctru/lib\libctru.a(initArgv.o)
                              d:/devkitpro/devkitarm/bin/../lib/gcc/arm-none-eabi/10.2.0/../../../../arm-none-eabi/lib/armv6k/fpu/3dsx_crt0.o (__system_argv)
D:/devkitpro/libctru/lib\libctru.a(svc.o)
                              D:/devkitpro/libctru/lib\libctru.a(gspgpu.o) (svcCreateEvent)
D:/devkitpro/libctru/lib\libctru.a(stack_adjust.o)
                              d:/devkitpro/devkitarm/bin/../lib/gcc/arm-none-eabi/10.2.0/../../../../arm-none-eabi/lib/armv6k/fpu/3dsx_crt0.o (initSystem)
D:/devkitpro/libctru/lib\libctru.a(vram.o)
                              D:/devkitpro/libctru/lib\libctru.a(gfx.o) (vramAlloc)
D:/devkitpro/libctru/lib\libctru.a(linear.o)
                              D:/devkitpro/libctru/lib\libctru.a(gfx.o) (linearAlloc)
D:/devkitpro/libctru/lib\libctru.a(mem_pool.o)
                              D:/devkitpro/libctru/lib\libctru.a(vram.o) (MemPool::Allocate(MemChunk&, unsigned long, int))
D:/devkitpro/libctru/lib\libctru.a(synchronization.o)
                              D:/devkitpro/libctru/lib\libctru.a(gspgpu.o) (syncArbitrateAddress)
D:/devkitpro/libctru/lib\libctru.a(srv.o)
                              D:/devkitpro/libctru/lib\libctru.a(gspgpu.o) (srvGetServiceHandle)
D:/devkitpro/libctru/lib\libctru.a(thread.o)
                              D:/devkitpro/libctru/lib\libctru.a(gspgpu.o) (threadCreate)
D:/devkitpro/libctru/lib\libctru.a(mappable.o)
                              D:/devkitpro/libctru/lib\libctru.a(gspgpu.o) (mappableAlloc)
D:/devkitpro/libctru/lib\libctru.a(srvpm.o)
                              D:/devkitpro/libctru/lib\libctru.a(srv.o) (srvPmGetSessionHandle)
D:/devkitpro/libctru/lib\libctru.a(rbtree_init.o)
                              D:/devkitpro/libctru/lib\libctru.a(vram.o) (rbtree_init)
D:/devkitpro/libctru/lib\libctru.a(rbtree_insert.o)
                              D:/devkitpro/libctru/lib\libctru.a(vram.o) (rbtree_insert)
D:/devkitpro/libctru/lib\libctru.a(rbtree_rotate.o)
                              D:/devkitpro/libctru/lib\libctru.a(rbtree_insert.o) (rbtree_rotate)
D:/devkitpro/libctru/lib\libctru.a(rbtree_remove.o)
                              D:/devkitpro/libctru/lib\libctru.a(vram.o) (rbtree_remove)
D:/devkitpro/libctru/lib\libctru.a(rbtree_find.o)
                              D:/devkitpro/libctru/lib\libctru.a(vram.o) (rbtree_find)
D:/devkitpro/libctru/lib\libctru.a(appInit.o)
                              D:/devkitpro/libctru/lib\libctru.a(stack_adjust.o) (__appInit)
D:/devkitpro/libctru/lib\libctru.a(allocateHeaps.o)
                              D:/devkitpro/libctru/lib\libctru.a(linear.o) (__ctru_linear_heap_size)
D:/devkitpro/libctru/lib\libctru.a(appExit.o)
                              D:/devkitpro/libctru/lib\libctru.a(stack_adjust.o) (__appExit)
D:/devkitpro/libctru/lib\libctru.a(ctru_init.o)
                              D:/devkitpro/libctru/lib\libctru.a(stack_adjust.o) (__libctru_init)
D:/devkitpro/libctru/lib\libctru.a(ctru_exit.o)
                              D:/devkitpro/libctru/lib\libctru.a(stack_adjust.o) (__libctru_exit)
D:/devkitpro/libctru/lib\libctru.a(env.o)
                              D:/devkitpro/libctru/lib\libctru.a(srv.o) (envGetHandle)
D:/devkitpro/libctru/lib\libctru.a(archive_dev.o)
                              D:/devkitpro/libctru/lib\libctru.a(appInit.o) (archiveMountSdmc)
D:/devkitpro/libctru/lib\libctru.a(apt.o)
                              D:/devkitpro/libctru/lib\libctru.a(appExit.o) (aptExit)
D:/devkitpro/libctru/lib\libctru.a(hid.o)
                              D:/devkitpro/libctru/lib\libctru.a(appInit.o) (hidInit)
D:/devkitpro/libctru/lib\libctru.a(fs.o)
                              D:/devkitpro/libctru/lib\libctru.a(appInit.o) (fsInit)
D:/devkitpro/libctru/lib\libctru.a(rbtree_iterator.o)
                              D:/devkitpro/libctru/lib\libctru.a(rbtree_remove.o) (rbtree_node_next)
D:/devkitpro/libctru/lib\libctru.a(utf16_to_utf8.o)
                              D:/devkitpro/libctru/lib\libctru.a(archive_dev.o) (utf16_to_utf8)
D:/devkitpro/libctru/lib\libctru.a(decode_utf16.o)
                              D:/devkitpro/libctru/lib\libctru.a(utf16_to_utf8.o) (decode_utf16)
D:/devkitpro/libctru/lib\libctru.a(decode_utf8.o)
                              D:/devkitpro/libctru/lib\libctru.a(archive_dev.o) (decode_utf8)
D:/devkitpro/libctru/lib\libctru.a(utf8_to_utf16.o)
                              D:/devkitpro/libctru/lib\libctru.a(archive_dev.o) (utf8_to_utf16)
D:/devkitpro/libctru/lib\libctru.a(syscalls.o)
                              D:/devkitpro/libctru/lib\libctru.a(ctru_init.o) (__system_initSyscalls)
D:/devkitpro/libctru/lib\libctru.a(readtp.o)
[...]
Memory Configuration

Name             Origin             Length             Attributes
*default*        0x0000000000000000 0xffffffffffffffff

Linker script and memory map

                0x0000000000100000                PROVIDE (__start__ = 0x100000)
                0x0000000000100000                . = __start__

.text           0x0000000000100000     0xecfc
 *(.crt0)
 .crt0          0x0000000000100000       0x94 d:/devkitpro/devkitarm/bin/../lib/gcc/arm-none-eabi/10.2.0/../../../../arm-none-eabi/lib/armv6k/fpu/3dsx_crt0.o
                0x0000000000100000                _start
                0x0000000000100008                __service_ptr
                0x000000000010000c                __apt_appid
                0x0000000000100010                __heap_size
                0x0000000000100014                __linear_heap_size
                0x0000000000100018                __system_arglist
                0x000000000010001c                __system_runflags
 *(.init)
 .init          0x0000000000100094        0xc d:/devkitpro/devkitarm/bin/../lib/gcc/arm-none-eabi/10.2.0/armv6k/fpu/crti.o
                0x0000000000100094                _init
 .init          0x00000000001000a0        0xc d:/devkitpro/devkitarm/bin/../lib/gcc/arm-none-eabi/10.2.0/armv6k/fpu/crtn.o
                0x00000000001000ac                . = ALIGN (0x4)
 *(.text)
 .text          0x00000000001000ac       0xd4 d:/devkitpro/devkitarm/bin/../lib/gcc/arm-none-eabi/10.2.0/armv6k/fpu\libgcc.a(_aeabi_ldivmod.o)
                0x00000000001000ac                __aeabi_ldivmod
 .text          0x0000000000100180       0x3c d:/devkitpro/devkitarm/bin/../lib/gcc/arm-none-eabi/10.2.0/armv6k/fpu\libgcc.a(_aeabi_uldivmod.o)
                0x0000000000100180                __aeabi_uldivmod
 .text          0x00000000001001bc        0x4 d:/devkitpro/devkitarm/bin/../lib/gcc/arm-none-eabi/10.2.0/armv6k/fpu\libgcc.a(_dvmd_tls.o)
                0x00000000001001bc                __aeabi_idiv0
                0x00000000001001bc                __aeabi_ldiv0
 .text          0x00000000001001c0      0x390 d:/devkitpro/devkitarm/bin/../lib/gcc/arm-none-eabi/10.2.0/../../../../arm-none-eabi/lib/armv6k/fpu\libg.a(lib_a-strcmp.o)
                0x00000000001001c8                strcmp
 .text          0x0000000000100550      0x20c d:/devkitpro/devkitarm/bin/../lib/gcc/arm-none-eabi/10.2.0/armv6k/fpu\libgcc.a(_udivsi3.o)
                0x0000000000100550                __aeabi_uidiv
                0x0000000000100550                __udivsi3
                0x000000000010073c                __aeabi_uidivmod
 .text          0x000000000010075c      0x240 d:/devkitpro/devkitarm/bin/../lib/gcc/arm-none-eabi/10.2.0/armv6k/fpu\libgcc.a(_divsi3.o)
                0x000000000010075c                __divsi3
                0x000000000010075c                __aeabi_idiv
                0x000000000010097c                __aeabi_idivmod
 *(.text.*)
 .text.__do_global_dtors_aux
                0x000000000010099c       0x40 d:/devkitpro/devkitarm/bin/../lib/gcc/arm-none-eabi/10.2.0/armv6k/fpu/crtbegin.o
 .text.frame_dummy
                0x00000000001009dc       0x2c d:/devkitpro/devkitarm/bin/../lib/gcc/arm-none-eabi/10.2.0/armv6k/fpu/crtbegin.o
 .text.startup.main
                0x0000000000100a08       0x24 main.o
                0x0000000000100a08                main
 .text.gfxPresentFramebuffer
                0x0000000000100a2c       0xd0 D:/devkitpro/libctru/lib\libctru.a(gfx.o)
 .text.gfxSetScreenFormat
                0x0000000000100afc       0xec D:/devkitpro/libctru/lib\libctru.a(gfx.o)
                0x0000000000100afc                gfxSetScreenFormat
 .text.gfxInit  0x0000000000100be8      0x108 D:/devkitpro/libctru/lib\libctru.a(gfx.o)
                0x0000000000100be8                gfxInit
 .text.gfxInitDefault
                0x0000000000100cf0       0x10 D:/devkitpro/libctru/lib\libctru.a(gfx.o)
                0x0000000000100cf0                gfxInitDefault
 .text.gspHardwareInit
                0x0000000000100d00      0xc58 D:/devkitpro/libctru/lib\libctru.a(gspgpu.o)
 .text.gspInit  0x0000000000101958      0x254 D:/devkitpro/libctru/lib\libctru.a(gspgpu.o)
                0x0000000000101958                gspInit
 .text.gspPresentBuffer
                0x0000000000101bac       0x98 D:/devkitpro/libctru/lib\libctru.a(gspgpu.o)
                0x0000000000101bac                gspPresentBuffer
 .text.gspWaitForEvent
                0x0000000000101c44       0x50 D:/devkitpro/libctru/lib\libctru.a(gspgpu.o)
                0x0000000000101c44                gspWaitForEvent
 .text.gxCmdQueueInterrupt
                0x0000000000101c94        0x4 D:/devkitpro/libctru/lib\libctru.a(gspgpu.o)
                0x0000000000101c94                gxCmdQueueInterrupt
 .text.gspEventThreadMain
                0x0000000000101c98      0x160 D:/devkitpro/libctru/lib\libctru.a(gspgpu.o)
 .text.GSPGPU_SetLcdForceBlack
                0x0000000000101df8       0x34 D:/devkitpro/libctru/lib\libctru.a(gspgpu.o)
                0x0000000000101df8                GSPGPU_SetLcdForceBlack
 .text.GSPGPU_AcquireRight
                0x0000000000101e2c       0x68 D:/devkitpro/libctru/lib\libctru.a(gspgpu.o)
                0x0000000000101e2c                GSPGPU_AcquireRight
 .text.GSPGPU_RestoreVramSysArea
                0x0000000000101e94       0x2c D:/devkitpro/libctru/lib\libctru.a(gspgpu.o)
                0x0000000000101e94                GSPGPU_RestoreVramSysArea
 .text.__system_initArgv
                0x0000000000101ec0       0xf0 D:/devkitpro/libctru/lib\libctru.a(initArgv.o)
                0x0000000000101ec0                __system_initArgv
 .text.svcControlMemory
                0x0000000000101fb0       0x20 D:/devkitpro/libctru/lib\libctru.a(svc.o)
                0x0000000000101fb0                svcControlMemory
 .text.svcQueryMemory
                0x0000000000101fd0       0x30 D:/devkitpro/libctru/lib\libctru.a(svc.o)
                0x0000000000101fd0                svcQueryMemory
 .text.svcExitProcess
                0x0000000000102000        0x8 D:/devkitpro/libctru/lib\libctru.a(svc.o)
                0x0000000000102000                svcExitProcess
 .text.svcCreateThread
                0x0000000000102008       0x20 D:/devkitpro/libctru/lib\libctru.a(svc.o)
                0x0000000000102008                svcCreateThread
 .text.svcExitThread
                0x0000000000102028        0x8 D:/devkitpro/libctru/lib\libctru.a(svc.o)
                0x0000000000102028                svcExitThread
 .text.svcSleepThread
                0x0000000000102030        0x8 D:/devkitpro/libctru/lib\libctru.a(svc.o)
                0x0000000000102030                svcSleepThread
 .text.svcReleaseMutex
                0x0000000000102038        0x8 D:/devkitpro/libctru/lib\libctru.a(svc.o)
                0x0000000000102038                svcReleaseMutex
 .text.svcCreateEvent
                0x0000000000102040       0x14 D:/devkitpro/libctru/lib\libctru.a(svc.o)
                0x0000000000102040                svcCreateEvent
 .text.svcSignalEvent
                0x0000000000102054        0x8 D:/devkitpro/libctru/lib\libctru.a(svc.o)
                0x0000000000102054                svcSignalEvent
 .text.svcClearEvent
                0x000000000010205c        0x8 D:/devkitpro/libctru/lib\libctru.a(svc.o)
                0x000000000010205c                svcClearEvent
 .text.svcMapMemoryBlock
                0x0000000000102064        0x8 D:/devkitpro/libctru/lib\libctru.a(svc.o)
                0x0000000000102064                svcMapMemoryBlock
 .text.svcUnmapMemoryBlock
                0x000000000010206c        0x8 D:/devkitpro/libctru/lib\libctru.a(svc.o)
                0x000000000010206c                svcUnmapMemoryBlock
 .text.svcCreateAddressArbiter
                0x0000000000102074       0x14 D:/devkitpro/libctru/lib\libctru.a(svc.o)
                0x0000000000102074                svcCreateAddressArbiter
 .text.svcArbitrateAddressNoTimeout
                0x0000000000102088        0x8 D:/devkitpro/libctru/lib\libctru.a(svc.o)
                0x0000000000102088                svcArbitrateAddressNoTimeout
 .text.svcCloseHandle
                0x0000000000102090        0x8 D:/devkitpro/libctru/lib\libctru.a(svc.o)
                0x0000000000102090                svcCloseHandle
 .text.svcWaitSynchronization
                0x0000000000102098        0x8 D:/devkitpro/libctru/lib\libctru.a(svc.o)
                0x0000000000102098                svcWaitSynchronization
 .text.svcWaitSynchronizationN
                0x00000000001020a0       0x28 D:/devkitpro/libctru/lib\libctru.a(svc.o)
                0x00000000001020a0                svcWaitSynchronizationN
 .text.svcDuplicateHandle
                0x00000000001020c8       0x14 D:/devkitpro/libctru/lib\libctru.a(svc.o)
                0x00000000001020c8                svcDuplicateHandle
 .text.svcGetSystemTick
                0x00000000001020dc        0x8 D:/devkitpro/libctru/lib\libctru.a(svc.o)
                0x00000000001020dc                svcGetSystemTick
 .text.svcConnectToPort
                0x00000000001020e4       0x14 D:/devkitpro/libctru/lib\libctru.a(svc.o)
                0x00000000001020e4                svcConnectToPort
 .text.svcSendSyncRequest
                0x00000000001020f8        0x8 D:/devkitpro/libctru/lib\libctru.a(svc.o)
                0x00000000001020f8                svcSendSyncRequest
 .text.svcGetResourceLimit
                0x0000000000102100       0x14 D:/devkitpro/libctru/lib\libctru.a(svc.o)
                0x0000000000102100                svcGetResourceLimit
 .text.svcGetResourceLimitLimitValues
                0x0000000000102114        0x8 D:/devkitpro/libctru/lib\libctru.a(svc.o)
                0x0000000000102114                svcGetResourceLimitLimitValues
 .text.svcGetResourceLimitCurrentValues
                0x000000000010211c        0x8 D:/devkitpro/libctru/lib\libctru.a(svc.o)
                0x000000000010211c                svcGetResourceLimitCurrentValues
 .text.svcBreak
                0x0000000000102124        0x8 D:/devkitpro/libctru/lib\libctru.a(svc.o)
                0x0000000000102124                svcBreak
 .text.initSystem
                0x000000000010212c       0x50 D:/devkitpro/libctru/lib\libctru.a(stack_adjust.o)
                0x000000000010212c                initSystem
 .text.__ctru_exit
                0x000000000010217c       0x18 D:/devkitpro/libctru/lib\libctru.a(stack_adjust.o)
                0x000000000010217c                __ctru_exit
 .text._ZL21addrMapNodeComparatorPK11rbtree_nodeS1_
                0x0000000000102194       0x24 D:/devkitpro/libctru/lib\libctru.a(vram.o)
 .text._ZL21addrMapNodeDestructorP11rbtree_node
                0x00000000001021b8        0x4 D:/devkitpro/libctru/lib\libctru.a(vram.o)
 .text.vramMemAlign
                0x00000000001021bc      0x114 D:/devkitpro/libctru/lib\libctru.a(vram.o)
                0x00000000001021bc                vramMemAlign
 .text.vramAlloc
                0x00000000001022d0        0x8 D:/devkitpro/libctru/lib\libctru.a(vram.o)
                0x00000000001022d0                vramAlloc
 .text.vramFree
                0x00000000001022d8       0x5c D:/devkitpro/libctru/lib\libctru.a(vram.o)
                0x00000000001022d8                vramFree
 .text._ZL21addrMapNodeComparatorPK11rbtree_nodeS1_
                0x0000000000102334       0x24 D:/devkitpro/libctru/lib\libctru.a(linear.o)
 .text._ZL21addrMapNodeDestructorP11rbtree_node
                0x0000000000102358        0x4 D:/devkitpro/libctru/lib\libctru.a(linear.o)
 .text.linearMemAlign
                0x000000000010235c      0x120 D:/devkitpro/libctru/lib\libctru.a(linear.o)
                0x000000000010235c                linearMemAlign
 .text.linearAlloc
                0x000000000010247c        0x8 D:/devkitpro/libctru/lib\libctru.a(linear.o)
                0x000000000010247c                linearAlloc
 .text.linearFree
                0x0000000000102484       0x5c D:/devkitpro/libctru/lib\libctru.a(linear.o)
                0x0000000000102484                linearFree
 .text._ZN7MemPool13CoalesceRightEP8MemBlock
                0x00000000001024e0       0x84 D:/devkitpro/libctru/lib\libctru.a(mem_pool.o)
                0x00000000001024e0                MemPool::CoalesceRight(MemBlock*)
 .text._ZN7MemPool8AllocateER8MemChunkmi
                0x0000000000102564      0x170 D:/devkitpro/libctru/lib\libctru.a(mem_pool.o)
                0x0000000000102564                MemPool::Allocate(MemChunk&, unsigned long, int)
 .text._ZN7MemPool10DeallocateERK8MemChunk
                0x00000000001026d4       0xfc D:/devkitpro/libctru/lib\libctru.a(mem_pool.o)
                0x00000000001026d4                MemPool::Deallocate(MemChunk const&)
 .text.__sync_init
                0x00000000001027d0        0xc D:/devkitpro/libctru/lib\libctru.a(synchronization.o)
                0x00000000001027d0                __sync_init
 .text.__sync_fini
                0x00000000001027dc       0x18 D:/devkitpro/libctru/lib\libctru.a(synchronization.o)
                0x00000000001027dc                __sync_fini
 .text.syncArbitrateAddress
                0x00000000001027f4       0x2c D:/devkitpro/libctru/lib\libctru.a(synchronization.o)
                0x00000000001027f4                syncArbitrateAddress
 .text.LightLock_Init
                0x0000000000102820       0x1c D:/devkitpro/libctru/lib\libctru.a(synchronization.o)
                0x0000000000102820                LightLock_Init
 .text.LightLock_Lock
                0x000000000010283c       0x94 D:/devkitpro/libctru/lib\libctru.a(synchronization.o)
                0x000000000010283c                LightLock_Lock
 .text.LightLock_TryLock
                0x00000000001028d0       0x44 D:/devkitpro/libctru/lib\libctru.a(synchronization.o)
                0x00000000001028d0                LightLock_TryLock
 .text.LightLock_Unlock
                0x0000000000102914       0x40 D:/devkitpro/libctru/lib\libctru.a(synchronization.o)
                0x0000000000102914                LightLock_Unlock
 .text.RecursiveLock_Init
                0x0000000000102954       0x24 D:/devkitpro/libctru/lib\libctru.a(synchronization.o)
                0x0000000000102954                RecursiveLock_Init
 .text.RecursiveLock_Lock
                0x0000000000102978       0x30 D:/devkitpro/libctru/lib\libctru.a(synchronization.o)
                0x0000000000102978                RecursiveLock_Lock
 .text.RecursiveLock_TryLock
                0x00000000001029a8       0x78 D:/devkitpro/libctru/lib\libctru.a(synchronization.o)
                0x00000000001029a8                RecursiveLock_TryLock
 .text.RecursiveLock_Unlock
                0x0000000000102a20       0x54 D:/devkitpro/libctru/lib\libctru.a(synchronization.o)
                0x0000000000102a20                RecursiveLock_Unlock
 .text.LightEvent_Init
                0x0000000000102a74       0x40 D:/devkitpro/libctru/lib\libctru.a(synchronization.o)
                0x0000000000102a74                LightEvent_Init
 .text.LightEvent_Clear
                0x0000000000102ab4       0xa4 D:/devkitpro/libctru/lib\libctru.a(synchronization.o)
                0x0000000000102ab4                LightEvent_Clear
 .text.LightEvent_Signal
                0x0000000000102b58       0xc8 D:/devkitpro/libctru/lib\libctru.a(synchronization.o)
                0x0000000000102b58                LightEvent_Signal
 .text.LightEvent_TryWait
                0x0000000000102c20       0x58 D:/devkitpro/libctru/lib\libctru.a(synchronization.o)
                0x0000000000102c20                LightEvent_TryWait
 .text.LightEvent_Wait
                0x0000000000102c78       0xb0 D:/devkitpro/libctru/lib\libctru.a(synchronization.o)
                0x0000000000102c78                LightEvent_Wait
 .text.srvInit  0x0000000000102d28      0x124 D:/devkitpro/libctru/lib\libctru.a(srv.o)
                0x0000000000102d28                srvInit
 .text.srvExit  0x0000000000102e4c       0x58 D:/devkitpro/libctru/lib\libctru.a(srv.o)
                0x0000000000102e4c                srvExit
 .text.srvGetServiceHandleDirect
                0x0000000000102ea4       0x80 D:/devkitpro/libctru/lib\libctru.a(srv.o)
                0x0000000000102ea4                srvGetServiceHandleDirect
 .text.srvGetServiceHandle
                0x0000000000102f24       0x48 D:/devkitpro/libctru/lib\libctru.a(srv.o)
                0x0000000000102f24                srvGetServiceHandle
 .text.srvPublishToSubscriber
                0x0000000000102f6c       0x38 D:/devkitpro/libctru/lib\libctru.a(srv.o)
                0x0000000000102f6c                srvPublishToSubscriber
 .text.threadCreate
                0x0000000000102fa4      0x188 D:/devkitpro/libctru/lib\libctru.a(thread.o)
                0x0000000000102fa4                threadCreate
 .text.threadFree
                0x000000000010312c       0x2c D:/devkitpro/libctru/lib\libctru.a(thread.o)
                0x000000000010312c                threadFree
 .text.threadJoin
                0x0000000000103158       0x24 D:/devkitpro/libctru/lib\libctru.a(thread.o)
                0x0000000000103158                threadJoin
 .text.threadGetCurrent
                0x000000000010317c       0x30 D:/devkitpro/libctru/lib\libctru.a(thread.o)
                0x000000000010317c                threadGetCurrent
 .text.threadExit
                0x00000000001031ac       0x40 D:/devkitpro/libctru/lib\libctru.a(thread.o)
                0x00000000001031ac                threadExit
 .text._thread_begin
                0x00000000001031ec       0x44 D:/devkitpro/libctru/lib\libctru.a(thread.o)
 .text.mappableFindAddressWithin
                0x0000000000103230       0x94 D:/devkitpro/libctru/lib\libctru.a(mappable.o)
 .text.mappableInit
                0x00000000001032c4       0x28 D:/devkitpro/libctru/lib\libctru.a(mappable.o)
                0x00000000001032c4                mappableInit
 .text.mappableAlloc
                0x00000000001032ec       0x80 D:/devkitpro/libctru/lib\libctru.a(mappable.o)
                0x00000000001032ec                mappableAlloc
 .text.mappableFree
                0x000000000010336c        0x4 D:/devkitpro/libctru/lib\libctru.a(mappable.o)
                0x000000000010336c                mappableFree
 .text.srvPmGetSessionHandle
                0x0000000000103370        0xc D:/devkitpro/libctru/lib\libctru.a(srvpm.o)
                0x0000000000103370                srvPmGetSessionHandle
 .text.rbtree_init
                0x000000000010337c       0x10 D:/devkitpro/libctru/lib\libctru.a(rbtree_init.o)
                0x000000000010337c                rbtree_init
 .text.do_insert
                0x000000000010338c      0x1a0 D:/devkitpro/libctru/lib\libctru.a(rbtree_insert.o)
 .text.rbtree_insert
                0x000000000010352c        0x8 D:/devkitpro/libctru/lib\libctru.a(rbtree_insert.o)
                0x000000000010352c                rbtree_insert
 .text.rbtree_rotate
                0x0000000000103534       0x90 D:/devkitpro/libctru/lib\libctru.a(rbtree_rotate.o)
                0x0000000000103534                rbtree_rotate
 .text.rbtree_remove
                0x00000000001035c4      0x338 D:/devkitpro/libctru/lib\libctru.a(rbtree_remove.o)
                0x00000000001035c4                rbtree_remove
 .text.rbtree_find
                0x00000000001038fc       0x74 D:/devkitpro/libctru/lib\libctru.a(rbtree_find.o)
                0x00000000001038fc                rbtree_find
 .text.__appInit
                0x0000000000103970       0x30 D:/devkitpro/libctru/lib\libctru.a(appInit.o)
                0x0000000000103970                __appInit
 .text.__system_allocateHeaps
                0x00000000001039a0      0x1e0 D:/devkitpro/libctru/lib\libctru.a(allocateHeaps.o)
                0x00000000001039a0                __system_allocateHeaps
 .text.__appExit
                0x0000000000103b80       0x30 D:/devkitpro/libctru/lib\libctru.a(appExit.o)
                0x0000000000103b80                __appExit
 .text.__libctru_init
                0x0000000000103bb0       0x38 D:/devkitpro/libctru/lib\libctru.a(ctru_init.o)
                0x0000000000103bb0                __libctru_init
 .text.__libctru_exit
                0x0000000000103be8       0x90 D:/devkitpro/libctru/lib\libctru.a(ctru_exit.o)
                0x0000000000103be8                __libctru_exit
 .text.envGetHandle
                0x0000000000103c78       0x84 D:/devkitpro/libctru/lib\libctru.a(env.o)
                0x0000000000103c78                envGetHandle
 .text.envDestroyHandles
                0x0000000000103cfc       0x50 D:/devkitpro/libctru/lib\libctru.a(env.o)
                0x0000000000103cfc                envDestroyHandles
 .text.archive_link
                0x0000000000103d4c       0x14 D:/devkitpro/libctru/lib\libctru.a(archive_dev.o)
 .text.archive_dirreset
                0x0000000000103d60       0x14 D:/devkitpro/libctru/lib\libctru.a(archive_dev.o)
 .text.archive_chmod
                0x0000000000103d74       0x14 D:/devkitpro/libctru/lib\libctru.a(archive_dev.o)
 .text.error_cmp
                0x0000000000103d88       0x24 D:/devkitpro/libctru/lib\libctru.a(archive_dev.o)
 .text.archive_translate_error
                0x0000000000103dac       0x50 D:/devkitpro/libctru/lib\libctru.a(archive_dev.o)
 .text.archive_seek
                0x0000000000103dfc       0xd4 D:/devkitpro/libctru/lib\libctru.a(archive_dev.o)
 .text._archiveInit.part.0
                0x0000000000103ed0       0x7c D:/devkitpro/libctru/lib\libctru.a(archive_dev.o)
 .text.archiveFindDevice.part.0
                0x0000000000103f4c       0x8c D:/devkitpro/libctru/lib\libctru.a(archive_dev.o)
 .text.archive_utf16path
                0x0000000000103fd8      0x294 D:/devkitpro/libctru/lib\libctru.a(archive_dev.o)
 .text._archiveUnmountDeviceStruct.part.0
                0x000000000010426c       0xa0 D:/devkitpro/libctru/lib\libctru.a(archive_dev.o)
 .text.archive_fchmod
                0x000000000010430c       0x14 D:/devkitpro/libctru/lib\libctru.a(archive_dev.o)
 .text.archive_statvfs
                0x0000000000104320       0x14 D:/devkitpro/libctru/lib\libctru.a(archive_dev.o)
 .text._archiveMountDevice
                0x0000000000104334      0x158 D:/devkitpro/libctru/lib\libctru.a(archive_dev.o)
 .text.archive_diropen
                0x000000000010448c       0xe8 D:/devkitpro/libctru/lib\libctru.a(archive_dev.o)
 .text.archive_fstat
                0x0000000000104574       0xa4 D:/devkitpro/libctru/lib\libctru.a(archive_dev.o)
 .text.archive_close
                0x0000000000104618       0x6c D:/devkitpro/libctru/lib\libctru.a(archive_dev.o)
 .text.archive_fsync
                0x0000000000104684       0x6c D:/devkitpro/libctru/lib\libctru.a(archive_dev.o)
 .text.archive_dirclose
                0x00000000001046f0       0x70 D:/devkitpro/libctru/lib\libctru.a(archive_dev.o)
 .text.sdmc_statvfs
                0x0000000000104760       0xe8 D:/devkitpro/libctru/lib\libctru.a(archive_dev.o)
 .text.archive_ftruncate
                0x0000000000104848       0x80 D:/devkitpro/libctru/lib\libctru.a(archive_dev.o)
 .text.archive_chdir
                0x00000000001048c8       0xfc D:/devkitpro/libctru/lib\libctru.a(archive_dev.o)
 .text.archive_read
                0x00000000001049c4       0xb0 D:/devkitpro/libctru/lib\libctru.a(archive_dev.o)
 .text.archive_unlink
                0x0000000000104a74       0xac D:/devkitpro/libctru/lib\libctru.a(archive_dev.o)
 .text.archive_rmdir
                0x0000000000104b20       0xc8 D:/devkitpro/libctru/lib\libctru.a(archive_dev.o)
 .text.archive_mkdir
                0x0000000000104be8       0xec D:/devkitpro/libctru/lib\libctru.a(archive_dev.o)
 .text.archive_stat
                0x0000000000104cd4      0x1a8 D:/devkitpro/libctru/lib\libctru.a(archive_dev.o)
 .text.archive_rename
                0x0000000000104e7c      0x184 D:/devkitpro/libctru/lib\libctru.a(archive_dev.o)
 .text.archive_dirnext
                0x0000000000105000      0x168 D:/devkitpro/libctru/lib\libctru.a(archive_dev.o)
 .text.archive_write
                0x0000000000105168      0x12c D:/devkitpro/libctru/lib\libctru.a(archive_dev.o)
 .text.archive_open
                0x0000000000105294      0x1f0 D:/devkitpro/libctru/lib\libctru.a(archive_dev.o)
 .text.archiveMountSdmc
                0x0000000000105484      0x1a4 D:/devkitpro/libctru/lib\libctru.a(archive_dev.o)
                0x0000000000105484                archiveMountSdmc
 .text.archiveUnmountAll
                0x0000000000105628       0x54 D:/devkitpro/libctru/lib\libctru.a(archive_dev.o)
                0x0000000000105628                archiveUnmountAll
 .text.aptDspSleep
                0x000000000010567c        0x8 D:/devkitpro/libctru/lib\libctru.a(apt.o)
                0x000000000010567c                aptDspSleep
 .text.aptDspWakeup
                0x0000000000105684        0x4 D:/devkitpro/libctru/lib\libctru.a(apt.o)
                0x0000000000105684                aptDspWakeup
 .text.aptDspCancel
                0x0000000000105688        0x4 D:/devkitpro/libctru/lib\libctru.a(apt.o)
                0x0000000000105688                aptDspCancel
 .text.aptSendCommand
                0x000000000010568c      0x15c D:/devkitpro/libctru/lib\libctru.a(apt.o)
                0x000000000010568c                aptSendCommand
 .text.aptExitProcess
                0x00000000001057e8       0x38 D:/devkitpro/libctru/lib\libctru.a(apt.o)
 .text.aptExit  0x0000000000105820      0x2f0 D:/devkitpro/libctru/lib\libctru.a(apt.o)
                0x0000000000105820                aptExit
 .text.APT_SleepIfShellClosed
                0x0000000000105b10       0x84 D:/devkitpro/libctru/lib\libctru.a(apt.o)
                0x0000000000105b10                APT_SleepIfShellClosed
 .text.APT_UnlockTransition
                0x0000000000105b94       0x84 D:/devkitpro/libctru/lib\libctru.a(apt.o)
                0x0000000000105b94                APT_UnlockTransition
 .text.aptEventHandler
                0x0000000000105c18      0x484 D:/devkitpro/libctru/lib\libctru.a(apt.o)
 .text.APT_ReceiveParameter
                0x000000000010609c       0xb0 D:/devkitpro/libctru/lib\libctru.a(apt.o)
                0x000000000010609c                APT_ReceiveParameter
 .text.aptReceiveParameter.constprop.0
                0x000000000010614c       0xb0 D:/devkitpro/libctru/lib\libctru.a(apt.o)
 .text.aptWaitForWakeUp.isra.0
                0x00000000001061fc      0x2d0 D:/devkitpro/libctru/lib\libctru.a(apt.o)
 .text.aptInit  0x00000000001064cc      0x234 D:/devkitpro/libctru/lib\libctru.a(apt.o)
                0x00000000001064cc                aptInit
 .text.APT_CheckNew3DS
                0x0000000000106700       0x7c D:/devkitpro/libctru/lib\libctru.a(apt.o)
                0x0000000000106700                APT_CheckNew3DS
 .text.hidShouldUseIrrst
                0x000000000010677c       0x24 D:/devkitpro/libctru/lib\libctru.a(hid.o)
                0x000000000010677c                hidShouldUseIrrst
 .text.hidInit  0x00000000001067a0      0x18c D:/devkitpro/libctru/lib\libctru.a(hid.o)
                0x00000000001067a0                hidInit
 .text.hidExit  0x000000000010692c       0xe8 D:/devkitpro/libctru/lib\libctru.a(hid.o)
                0x000000000010692c                hidExit
 .text.fsInit   0x0000000000106a14       0xc8 D:/devkitpro/libctru/lib\libctru.a(fs.o)
                0x0000000000106a14                fsInit
 .text.fsExit   0x0000000000106adc       0x3c D:/devkitpro/libctru/lib\libctru.a(fs.o)
                0x0000000000106adc                fsExit
 .text.fsExemptFromSession
                0x0000000000106b18       0x60 D:/devkitpro/libctru/lib\libctru.a(fs.o)
                0x0000000000106b18                fsExemptFromSession
 .text.fsUnexemptFromSession
                0x0000000000106b78       0x50 D:/devkitpro/libctru/lib\libctru.a(fs.o)
                0x0000000000106b78                fsUnexemptFromSession
 .text.FSUSER_OpenFile
                0x0000000000106bc8       0xcc D:/devkitpro/libctru/lib\libctru.a(fs.o)
                0x0000000000106bc8                FSUSER_OpenFile
 .text.FSUSER_DeleteFile
                0x0000000000106c94       0xbc D:/devkitpro/libctru/lib\libctru.a(fs.o)
                0x0000000000106c94                FSUSER_DeleteFile
 .text.FSUSER_RenameFile
                0x0000000000106d50       0xf8 D:/devkitpro/libctru/lib\libctru.a(fs.o)
                0x0000000000106d50                FSUSER_RenameFile
 .text.FSUSER_DeleteDirectory
                0x0000000000106e48       0xbc D:/devkitpro/libctru/lib\libctru.a(fs.o)
                0x0000000000106e48                FSUSER_DeleteDirectory
 .text.FSUSER_CreateFile
                0x0000000000106f04       0xd4 D:/devkitpro/libctru/lib\libctru.a(fs.o)
                0x0000000000106f04                FSUSER_CreateFile
 .text.FSUSER_CreateDirectory
                0x0000000000106fd8       0xc4 D:/devkitpro/libctru/lib\libctru.a(fs.o)
                0x0000000000106fd8                FSUSER_CreateDirectory
 .text.FSUSER_RenameDirectory
                0x000000000010709c       0xf8 D:/devkitpro/libctru/lib\libctru.a(fs.o)
                0x000000000010709c                FSUSER_RenameDirectory
 .text.FSUSER_OpenDirectory
                0x0000000000107194       0xb4 D:/devkitpro/libctru/lib\libctru.a(fs.o)
                0x0000000000107194                FSUSER_OpenDirectory
 .text.FSUSER_OpenArchive
                0x0000000000107248       0x94 D:/devkitpro/libctru/lib\libctru.a(fs.o)
                0x0000000000107248                FSUSER_OpenArchive
 .text.FSUSER_CloseArchive
                0x00000000001072dc       0x8c D:/devkitpro/libctru/lib\libctru.a(fs.o)
                0x00000000001072dc                FSUSER_CloseArchive
 .text.FSUSER_GetSdmcArchiveResource
                0x0000000000107368       0x74 D:/devkitpro/libctru/lib\libctru.a(fs.o)
                0x0000000000107368                FSUSER_GetSdmcArchiveResource
 .text.FSUSER_IsSdmcWritable
                0x00000000001073dc       0x64 D:/devkitpro/libctru/lib\libctru.a(fs.o)
                0x00000000001073dc                FSUSER_IsSdmcWritable
 .text.FSFILE_Read
                0x0000000000107440       0x58 D:/devkitpro/libctru/lib\libctru.a(fs.o)
                0x0000000000107440                FSFILE_Read
 .text.FSFILE_Write
                0x0000000000107498       0x60 D:/devkitpro/libctru/lib\libctru.a(fs.o)
                0x0000000000107498                FSFILE_Write
 .text.FSFILE_GetSize
                0x00000000001074f8       0x38 D:/devkitpro/libctru/lib\libctru.a(fs.o)
                0x00000000001074f8                FSFILE_GetSize
 .text.FSFILE_SetSize
                0x0000000000107530       0x28 D:/devkitpro/libctru/lib\libctru.a(fs.o)
                0x0000000000107530                FSFILE_SetSize
 .text.FSFILE_Close
                0x0000000000107558       0x3c D:/devkitpro/libctru/lib\libctru.a(fs.o)
                0x0000000000107558                FSFILE_Close
 .text.FSFILE_Flush
                0x0000000000107594       0x24 D:/devkitpro/libctru/lib\libctru.a(fs.o)
                0x0000000000107594                FSFILE_Flush
 .text.FSDIR_Read
                0x00000000001075b8       0x50 D:/devkitpro/libctru/lib\libctru.a(fs.o)
                0x00000000001075b8                FSDIR_Read
 .text.FSDIR_Close
                0x0000000000107608       0x3c D:/devkitpro/libctru/lib\libctru.a(fs.o)
                0x0000000000107608                FSDIR_Close
 .text.rbtree_node_next
                0x0000000000107644       0x50 D:/devkitpro/libctru/lib\libctru.a(rbtree_iterator.o)
                0x0000000000107644                rbtree_node_next
 .text.utf16_to_utf8
                0x0000000000107694       0xe8 D:/devkitpro/libctru/lib\libctru.a(utf16_to_utf8.o)
                0x0000000000107694                utf16_to_utf8
 .text.decode_utf16
                0x000000000010777c       0x64 D:/devkitpro/libctru/lib\libctru.a(decode_utf16.o)
                0x000000000010777c                decode_utf16
 .text.decode_utf8
                0x00000000001077e0      0x13c D:/devkitpro/libctru/lib\libctru.a(decode_utf8.o)
                0x00000000001077e0                decode_utf8
 .text.utf8_to_utf16
                0x000000000010791c       0xc0 D:/devkitpro/libctru/lib\libctru.a(utf8_to_utf16.o)
                0x000000000010791c                utf8_to_utf16
 .text.__libctru_nanosleep
                0x00000000001079dc       0x30 D:/devkitpro/libctru/lib\libctru.a(syscalls.o)
 .text.__libctru_get_reent
                0x0000000000107a0c       0x30 D:/devkitpro/libctru/lib\libctru.a(syscalls.o)
 .text.__system_initSyscalls
                0x0000000000107a3c       0xf8 D:/devkitpro/libctru/lib\libctru.a(syscalls.o)
                0x0000000000107a3c                __system_initSyscalls
 .text.__aeabi_read_tp
                0x0000000000107b34        0xc D:/devkitpro/libctru/lib\libctru.a(readtp.o)
                0x0000000000107b34                __aeabi_read_tp
 .text.osGetTimeRef
                0x0000000000107b40       0x54 D:/devkitpro/libctru/lib\libctru.a(os.o)
                0x0000000000107b40                osGetTimeRef
 .text.osGetTime
                0x0000000000107b94       0xe4 D:/devkitpro/libctru/lib\libctru.a(os.o)
                0x0000000000107b94                osGetTime
 .text.__libctru_gtod
                0x0000000000107c78       0x74 D:/devkitpro/libctru/lib\libctru.a(os.o)
                0x0000000000107c78                __libctru_gtod
 .text.__ctru_speedup_config
                0x0000000000107cec       0x34 D:/devkitpro/libctru/lib\libctru.a(os.o)
                0x0000000000107cec                __ctru_speedup_config
 .text.irrstInit
                0x0000000000107d20      0x160 D:/devkitpro/libctru/lib\libctru.a(irrst.o)
                0x0000000000107d20                irrstInit
 .text.irrstExit
                0x0000000000107e80       0xcc D:/devkitpro/libctru/lib\libctru.a(irrst.o)
                0x0000000000107e80                irrstExit
 .text.ptmSysmInit
                0x0000000000107f4c       0x74 D:/devkitpro/libctru/lib\libctru.a(ptmsysm.o)
                0x0000000000107f4c                ptmSysmInit
 .text.ptmSysmExit
                0x0000000000107fc0       0x3c D:/devkitpro/libctru/lib\libctru.a(ptmsysm.o)
                0x0000000000107fc0                ptmSysmExit
 .text.PTMSYSM_ConfigureNew3DSCPU
                0x0000000000107ffc       0x34 D:/devkitpro/libctru/lib\libctru.a(ptmsysm.o)
                0x0000000000107ffc                PTMSYSM_ConfigureNew3DSCPU
 .text.encode_utf16
                0x0000000000108030       0x60 D:/devkitpro/libctru/lib\libctru.a(encode_utf16.o)
                0x0000000000108030                encode_utf16
 .text.encode_utf8
                0x0000000000108090       0xfc D:/devkitpro/libctru/lib\libctru.a(encode_utf8.o)
                0x0000000000108090                encode_utf8
 .text.__udivmoddi4
                0x000000000010818c      0x120 d:/devkitpro/devkitarm/bin/../lib/gcc/arm-none-eabi/10.2.0/armv6k/fpu\libgcc.a(_udivmoddi4.o)
                0x000000000010818c                __udivmoddi4
 .text.bsearch  0x00000000001082ac       0x78 d:/devkitpro/devkitarm/bin/../lib/gcc/arm-none-eabi/10.2.0/../../../../arm-none-eabi/lib/armv6k/fpu\libg.a(lib_a-bsearch.o)
                0x00000000001082ac                bsearch
 .text.exit     0x0000000000108324       0x34 d:/devkitpro/devkitarm/bin/../lib/gcc/arm-none-eabi/10.2.0/../../../../arm-none-eabi/lib/armv6k/fpu\libg.a(lib_a-exit.o)
                0x0000000000108324                exit
 .text.__libc_fini_array
                0x0000000000108358       0x3c d:/devkitpro/devkitarm/bin/../lib/gcc/arm-none-eabi/10.2.0/../../../../arm-none-eabi/lib/armv6k/fpu\libg.a(lib_a-fini.o)
                0x0000000000108358                __libc_fini_array
 .text.__libc_init_array
                0x0000000000108394       0x7c d:/devkitpro/devkitarm/bin/../lib/gcc/arm-none-eabi/10.2.0/../../../../arm-none-eabi/lib/armv6k/fpu\libg.a(lib_a-init.o)
                0x0000000000108394                __libc_init_array
 .text.iprintf  0x0000000000108410       0x34 d:/devkitpro/devkitarm/bin/../lib/gcc/arm-none-eabi/10.2.0/../../../../arm-none-eabi/lib/armv6k/fpu\libg.a(lib_a-iprintf.o)
                0x0000000000108410                iprintf
 .text.memalign
                0x0000000000108444       0x28 d:/devkitpro/devkitarm/bin/../lib/gcc/arm-none-eabi/10.2.0/../../../../arm-none-eabi/lib/armv6k/fpu\libg.a(lib_a-malign.o)
                0x0000000000108444                memalign
 .text._memalign_r
                0x000000000010846c      0x148 d:/devkitpro/devkitarm/bin/../lib/gcc/arm-none-eabi/10.2.0/../../../../arm-none-eabi/lib/armv6k/fpu\libg.a(lib_a-malignr.o)
                0x000000000010846c                _memalign_r
 .text.malloc   0x00000000001085b4       0x20 d:/devkitpro/devkitarm/bin/../lib/gcc/arm-none-eabi/10.2.0/../../../../arm-none-eabi/lib/armv6k/fpu\libg.a(lib_a-malloc.o)
                0x00000000001085b4                malloc
 .text.free     0x00000000001085d4       0x20 d:/devkitpro/devkitarm/bin/../lib/gcc/arm-none-eabi/10.2.0/../../../../arm-none-eabi/lib/armv6k/fpu\libg.a(lib_a-malloc.o)
                0x00000000001085d4                free
 .text._malloc_r
                0x00000000001085f4      0x7f0 d:/devkitpro/devkitarm/bin/../lib/gcc/arm-none-eabi/10.2.0/../../../../arm-none-eabi/lib/armv6k/fpu\libg.a(lib_a-mallocr.o)
                0x00000000001085f4                _malloc_r
 .text.memcpy   0x0000000000108de4      0x11c d:/devkitpro/devkitarm/bin/../lib/gcc/arm-none-eabi/10.2.0/../../../../arm-none-eabi/lib/armv6k/fpu\libg.a(lib_a-memcpy-stub.o)
                0x0000000000108de4                memcpy
 .text.memset   0x0000000000108f00      0x118 d:/devkitpro/devkitarm/bin/../lib/gcc/arm-none-eabi/10.2.0/../../../../arm-none-eabi/lib/armv6k/fpu\libg.a(lib_a-memset.o)
                0x0000000000108f00                memset
 .text.__malloc_lock
                0x0000000000109018        0xc d:/devkitpro/devkitarm/bin/../lib/gcc/arm-none-eabi/10.2.0/../../../../arm-none-eabi/lib/armv6k/fpu\libg.a(lib_a-mlock.o)
                0x0000000000109018                __malloc_lock
 .text.__malloc_unlock
                0x0000000000109024        0xc d:/devkitpro/devkitarm/bin/../lib/gcc/arm-none-eabi/10.2.0/../../../../arm-none-eabi/lib/armv6k/fpu\libg.a(lib_a-mlock.o)
                0x0000000000109024                __malloc_unlock
 .text.strlen   0x0000000000109030       0x5c d:/devkitpro/devkitarm/bin/../lib/gcc/arm-none-eabi/10.2.0/../../../../arm-none-eabi/lib/armv6k/fpu\libg.a(lib_a-strlen-stub.o)
                0x0000000000109030                strlen
 .text.strncat  0x000000000010908c       0xec d:/devkitpro/devkitarm/bin/../lib/gcc/arm-none-eabi/10.2.0/../../../../arm-none-eabi/lib/armv6k/fpu\libg.a(lib_a-strncat.o)
                0x000000000010908c                strncat
 .text.strncmp  0x0000000000109178       0xdc d:/devkitpro/devkitarm/bin/../lib/gcc/arm-none-eabi/10.2.0/../../../../arm-none-eabi/lib/armv6k/fpu\libg.a(lib_a-strncmp.o)
                0x0000000000109178                strncmp
 .text.strncpy  0x0000000000109254       0xc0 d:/devkitpro/devkitarm/bin/../lib/gcc/arm-none-eabi/10.2.0/../../../../arm-none-eabi/lib/armv6k/fpu\libg.a(lib_a-strncpy.o)
                0x0000000000109254                strncpy
 .text.strnlen  0x0000000000109314       0x48 d:/devkitpro/devkitarm/bin/../lib/gcc/arm-none-eabi/10.2.0/../../../../arm-none-eabi/lib/armv6k/fpu\libg.a(lib_a-strnlen.o)
                0x0000000000109314                strnlen
 .text.get_arg  0x000000000010935c      0x64c d:/devkitpro/devkitarm/bin/../lib/gcc/arm-none-eabi/10.2.0/../../../../arm-none-eabi/lib/armv6k/fpu\libg.a(lib_a-vfiprintf.o)
 .text.__sprint_r
                0x00000000001099a8       0x34 d:/devkitpro/devkitarm/bin/../lib/gcc/arm-none-eabi/10.2.0/../../../../arm-none-eabi/lib/armv6k/fpu\libg.a(lib_a-vfiprintf.o)
                0x00000000001099a8                __sprint_r
 .text._vfiprintf_r
                0x00000000001099dc     0x2584 d:/devkitpro/devkitarm/bin/../lib/gcc/arm-none-eabi/10.2.0/../../../../arm-none-eabi/lib/armv6k/fpu\libg.a(lib_a-vfiprintf.o)
                0x00000000001099dc                _vfiprintf_r
 .text.__sbprintf
                0x000000000010bf60       0xd4 d:/devkitpro/devkitarm/bin/../lib/gcc/arm-none-eabi/10.2.0/../../../../arm-none-eabi/lib/armv6k/fpu\libg.a(lib_a-vfiprintf.o)
 .text._wcrtomb_r
                0x000000000010c034       0x54 d:/devkitpro/devkitarm/bin/../lib/gcc/arm-none-eabi/10.2.0/../../../../arm-none-eabi/lib/armv6k/fpu\libg.a(lib_a-wcrtomb.o)
                0x000000000010c034                _wcrtomb_r
 .text._wcsrtombs_r
                0x000000000010c088       0x28 d:/devkitpro/devkitarm/bin/../lib/gcc/arm-none-eabi/10.2.0/../../../../arm-none-eabi/lib/armv6k/fpu\libg.a(lib_a-wcsrtombs.o)
                0x000000000010c088                _wcsrtombs_r
 .text.__swsetup_r
                0x000000000010c0b0      0x154 d:/devkitpro/devkitarm/bin/../lib/gcc/arm-none-eabi/10.2.0/../../../../arm-none-eabi/lib/armv6k/fpu\libg.a(lib_a-wsetup.o)
                0x000000000010c0b0                __swsetup_r
 .text.__call_exitprocs
                0x000000000010c204      0x114 d:/devkitpro/devkitarm/bin/../lib/gcc/arm-none-eabi/10.2.0/../../../../arm-none-eabi/lib/armv6k/fpu\libg.a(lib_a-__call_atexit.o)
                0x000000000010c204                __call_exitprocs
 .text.__sflush_r
                0x000000000010c318      0x258 d:/devkitpro/devkitarm/bin/../lib/gcc/arm-none-eabi/10.2.0/../../../../arm-none-eabi/lib/armv6k/fpu\libg.a(lib_a-fflush.o)
                0x000000000010c318                __sflush_r
 .text._fflush_r
                0x000000000010c570       0x94 d:/devkitpro/devkitarm/bin/../lib/gcc/arm-none-eabi/10.2.0/../../../../arm-none-eabi/lib/armv6k/fpu\libg.a(lib_a-fflush.o)
                0x000000000010c570                _fflush_r
 .text._cleanup_r
                0x000000000010c604        0xc d:/devkitpro/devkitarm/bin/../lib/gcc/arm-none-eabi/10.2.0/../../../../arm-none-eabi/lib/armv6k/fpu\libg.a(lib_a-findfp.o)
                0x000000000010c604                _cleanup_r
 .text.__sinit  0x000000000010c610      0x184 d:/devkitpro/devkitarm/bin/../lib/gcc/arm-none-eabi/10.2.0/../../../../arm-none-eabi/lib/armv6k/fpu\libg.a(lib_a-findfp.o)
                0x000000000010c610                __sinit
 .text.__sfp_lock_acquire
                0x000000000010c794        0xc d:/devkitpro/devkitarm/bin/../lib/gcc/arm-none-eabi/10.2.0/../../../../arm-none-eabi/lib/armv6k/fpu\libg.a(lib_a-findfp.o)
                0x000000000010c794                __sfp_lock_acquire
 .text.__sfp_lock_release
                0x000000000010c7a0        0xc d:/devkitpro/devkitarm/bin/../lib/gcc/arm-none-eabi/10.2.0/../../../../arm-none-eabi/lib/armv6k/fpu\libg.a(lib_a-findfp.o)
                0x000000000010c7a0                __sfp_lock_release
 .text._malloc_trim_r
                0x000000000010c7ac       0xf8 d:/devkitpro/devkitarm/bin/../lib/gcc/arm-none-eabi/10.2.0/../../../../arm-none-eabi/lib/armv6k/fpu\libg.a(lib_a-freer.o)
                0x000000000010c7ac                _malloc_trim_r
 .text._free_r  0x000000000010c8a4      0x2e4 d:/devkitpro/devkitarm/bin/../lib/gcc/arm-none-eabi/10.2.0/../../../../arm-none-eabi/lib/armv6k/fpu\libg.a(lib_a-freer.o)
                0x000000000010c8a4                _free_r
 .text.__sfvwrite_r
                0x000000000010cb88      0x4a4 d:/devkitpro/devkitarm/bin/../lib/gcc/arm-none-eabi/10.2.0/../../../../arm-none-eabi/lib/armv6k/fpu\libg.a(lib_a-fvwrite.o)
                0x000000000010cb88                __sfvwrite_r
 .text._fwalk_reent
                0x000000000010d02c       0x70 d:/devkitpro/devkitarm/bin/../lib/gcc/arm-none-eabi/10.2.0/../../../../arm-none-eabi/lib/armv6k/fpu\libg.a(lib_a-fwalk.o)
                0x000000000010d02c                _fwalk_reent
 .text._localeconv_r
                0x000000000010d09c        0xc d:/devkitpro/devkitarm/bin/../lib/gcc/arm-none-eabi/10.2.0/../../../../arm-none-eabi/lib/armv6k/fpu\libg.a(lib_a-localeconv.o)
                0x000000000010d09c                _localeconv_r
 .text.__locale_mb_cur_max
                0x000000000010d0a8       0x10 d:/devkitpro/devkitarm/bin/../lib/gcc/arm-none-eabi/10.2.0/../../../../arm-none-eabi/lib/armv6k/fpu\libg.a(lib_a-locale.o)
                0x000000000010d0a8                __locale_mb_cur_max
 .text.__smakebuf_r
                0x000000000010d0b8      0x138 d:/devkitpro/devkitarm/bin/../lib/gcc/arm-none-eabi/10.2.0/../../../../arm-none-eabi/lib/armv6k/fpu\libg.a(lib_a-makebuf.o)
                0x000000000010d0b8                __smakebuf_r
 .text.__utf8_mbtowc
                0x000000000010d1f0      0x2fc d:/devkitpro/devkitarm/bin/../lib/gcc/arm-none-eabi/10.2.0/../../../../arm-none-eabi/lib/armv6k/fpu\libg.a(lib_a-mbtowc_r.o)
                0x000000000010d1f0                __utf8_mbtowc
 .text.memchr   0x000000000010d4ec       0xe0 d:/devkitpro/devkitarm/bin/../lib/gcc/arm-none-eabi/10.2.0/../../../../arm-none-eabi/lib/armv6k/fpu\libg.a(lib_a-memchr-stub.o)
                0x000000000010d4ec                memchr
 .text.memmove  0x000000000010d5cc      0x154 d:/devkitpro/devkitarm/bin/../lib/gcc/arm-none-eabi/10.2.0/../../../../arm-none-eabi/lib/armv6k/fpu\libg.a(lib_a-memmove.o)
                0x000000000010d5cc                memmove
 .text._realloc_r
                0x000000000010d720      0x598 d:/devkitpro/devkitarm/bin/../lib/gcc/arm-none-eabi/10.2.0/../../../../arm-none-eabi/lib/armv6k/fpu\libg.a(lib_a-reallocr.o)
                0x000000000010d720                _realloc_r
 .text.__sread  0x000000000010dcb8       0x44 d:/devkitpro/devkitarm/bin/../lib/gcc/arm-none-eabi/10.2.0/../../../../arm-none-eabi/lib/armv6k/fpu\libg.a(lib_a-stdio.o)
                0x000000000010dcb8                __sread
 .text.__swrite
                0x000000000010dcfc       0x68 d:/devkitpro/devkitarm/bin/../lib/gcc/arm-none-eabi/10.2.0/../../../../arm-none-eabi/lib/armv6k/fpu\libg.a(lib_a-stdio.o)
                0x000000000010dcfc                __swrite
 .text.__sseek  0x000000000010dd64       0x48 d:/devkitpro/devkitarm/bin/../lib/gcc/arm-none-eabi/10.2.0/../../../../arm-none-eabi/lib/armv6k/fpu\libg.a(lib_a-stdio.o)
                0x000000000010dd64                __sseek
 .text.__sclose
                0x000000000010ddac        0x8 d:/devkitpro/devkitarm/bin/../lib/gcc/arm-none-eabi/10.2.0/../../../../arm-none-eabi/lib/armv6k/fpu\libg.a(lib_a-stdio.o)
                0x000000000010ddac                __sclose
 .text.strchr   0x000000000010ddb4      0x144 d:/devkitpro/devkitarm/bin/../lib/gcc/arm-none-eabi/10.2.0/../../../../arm-none-eabi/lib/armv6k/fpu\libg.a(lib_a-strchr.o)
                0x000000000010ddb4                strchr
 .text._wcsnrtombs_l
                0x000000000010def8      0x190 d:/devkitpro/devkitarm/bin/../lib/gcc/arm-none-eabi/10.2.0/../../../../arm-none-eabi/lib/armv6k/fpu\libg.a(lib_a-wcsnrtombs.o)
                0x000000000010def8                _wcsnrtombs_l
 .text._wcsnrtombs_r
                0x000000000010e088       0x4c d:/devkitpro/devkitarm/bin/../lib/gcc/arm-none-eabi/10.2.0/../../../../arm-none-eabi/lib/armv6k/fpu\libg.a(lib_a-wcsnrtombs.o)
                0x000000000010e088                _wcsnrtombs_r
 .text.__utf8_wctomb
                0x000000000010e0d4       0xf0 d:/devkitpro/devkitarm/bin/../lib/gcc/arm-none-eabi/10.2.0/../../../../arm-none-eabi/lib/armv6k/fpu\libg.a(lib_a-wctomb_r.o)
                0x000000000010e0d4                __utf8_wctomb
 .text._fclose_r
                0x000000000010e1c4      0x160 d:/devkitpro/devkitarm/bin/../lib/gcc/arm-none-eabi/10.2.0/../../../../arm-none-eabi/lib/armv6k/fpu\libg.a(lib_a-fclose.o)
                0x000000000010e1c4                _fclose_r
 .text.null_write
                0x000000000010e324        0x8 d:/devkitpro/devkitarm/bin/../lib/gcc/arm-none-eabi/10.2.0/../../../../arm-none-eabi/lib/armv6k/fpu\libsysbase.a(iosupport.o)
 .text.setDefaultDevice
                0x000000000010e32c       0x18 d:/devkitpro/devkitarm/bin/../lib/gcc/arm-none-eabi/10.2.0/../../../../arm-none-eabi/lib/armv6k/fpu\libsysbase.a(iosupport.o)
                0x000000000010e32c                setDefaultDevice
 .text.FindDevice
                0x000000000010e344       0xc8 d:/devkitpro/devkitarm/bin/../lib/gcc/arm-none-eabi/10.2.0/../../../../arm-none-eabi/lib/armv6k/fpu\libsysbase.a(iosupport.o)
                0x000000000010e344                FindDevice
 .text.RemoveDevice
                0x000000000010e40c       0x28 d:/devkitpro/devkitarm/bin/../lib/gcc/arm-none-eabi/10.2.0/../../../../arm-none-eabi/lib/armv6k/fpu\libsysbase.a(iosupport.o)
                0x000000000010e40c                RemoveDevice
 .text.AddDevice
                0x000000000010e434       0x9c d:/devkitpro/devkitarm/bin/../lib/gcc/arm-none-eabi/10.2.0/../../../../arm-none-eabi/lib/armv6k/fpu\libsysbase.a(iosupport.o)
                0x000000000010e434                AddDevice
 .text.GetDeviceOpTab
                0x000000000010e4d0       0x20 d:/devkitpro/devkitarm/bin/../lib/gcc/arm-none-eabi/10.2.0/../../../../arm-none-eabi/lib/armv6k/fpu\libsysbase.a(iosupport.o)
                0x000000000010e4d0                GetDeviceOpTab
 .text._fstat_r
                0x000000000010e4f0       0x78 d:/devkitpro/devkitarm/bin/../lib/gcc/arm-none-eabi/10.2.0/../../../../arm-none-eabi/lib/armv6k/fpu\libsysbase.a(fstat.o)
                0x000000000010e4f0                _fstat_r
 .text._isatty_r
                0x000000000010e568        0x8 d:/devkitpro/devkitarm/bin/../lib/gcc/arm-none-eabi/10.2.0/../../../../arm-none-eabi/lib/armv6k/fpu\libsysbase.a(isatty.o)
                0x000000000010e568                _isatty_r
 .text._lseek_r
                0x000000000010e570       0x84 d:/devkitpro/devkitarm/bin/../lib/gcc/arm-none-eabi/10.2.0/../../../../arm-none-eabi/lib/armv6k/fpu\libsysbase.a(lseek.o)
                0x000000000010e570                _lseek_r
 .text._read_r  0x000000000010e5f4       0x80 d:/devkitpro/devkitarm/bin/../lib/gcc/arm-none-eabi/10.2.0/../../../../arm-none-eabi/lib/armv6k/fpu\libsysbase.a(read.o)
                0x000000000010e5f4                _read_r
 .text._sbrk_r  0x000000000010e674       0x78 d:/devkitpro/devkitarm/bin/../lib/gcc/arm-none-eabi/10.2.0/../../../../arm-none-eabi/lib/armv6k/fpu\libsysbase.a(sbrk.o)
                0x000000000010e674                _sbrk_r
 .text._write_r
                0x000000000010e6ec       0x80 d:/devkitpro/devkitarm/bin/../lib/gcc/arm-none-eabi/10.2.0/../../../../arm-none-eabi/lib/armv6k/fpu\libsysbase.a(write.o)
                0x000000000010e6ec                _write_r
 .text._exit    0x000000000010e76c       0x24 d:/devkitpro/devkitarm/bin/../lib/gcc/arm-none-eabi/10.2.0/../../../../arm-none-eabi/lib/armv6k/fpu\libsysbase.a(_exit.o)
                0x000000000010e76c                _exit
 .text._concatenate_path
                0x000000000010e790      0x1b8 d:/devkitpro/devkitarm/bin/../lib/gcc/arm-none-eabi/10.2.0/../../../../arm-none-eabi/lib/armv6k/fpu\libsysbase.a(chdir.o)
                0x000000000010e790                _concatenate_path
 .text.chdir    0x000000000010e948      0x160 d:/devkitpro/devkitarm/bin/../lib/gcc/arm-none-eabi/10.2.0/../../../../arm-none-eabi/lib/armv6k/fpu\libsysbase.a(chdir.o)
                0x000000000010e948                chdir
 .text.__flockfile
                0x000000000010eaa8        0x8 d:/devkitpro/devkitarm/bin/../lib/gcc/arm-none-eabi/10.2.0/../../../../arm-none-eabi/lib/armv6k/fpu\libsysbase.a(flock.o)
                0x000000000010eaa8                __flockfile
 .text.__funlockfile
                0x000000000010eab0        0x8 d:/devkitpro/devkitarm/bin/../lib/gcc/arm-none-eabi/10.2.0/../../../../arm-none-eabi/lib/armv6k/fpu\libsysbase.a(flock.o)
                0x000000000010eab0                __funlockfile
 .text.__libc_lock_acquire
                0x000000000010eab8       0x18 d:/devkitpro/devkitarm/bin/../lib/gcc/arm-none-eabi/10.2.0/../../../../arm-none-eabi/lib/armv6k/fpu\libsysbase.a(syscall_support.o)
                0x000000000010eab8                __libc_lock_acquire
 .text.__libc_lock_release
                0x000000000010ead0       0x18 d:/devkitpro/devkitarm/bin/../lib/gcc/arm-none-eabi/10.2.0/../../../../arm-none-eabi/lib/armv6k/fpu\libsysbase.a(syscall_support.o)
                0x000000000010ead0                __libc_lock_release
 .text.__libc_lock_init_recursive
                0x000000000010eae8       0x18 d:/devkitpro/devkitarm/bin/../lib/gcc/arm-none-eabi/10.2.0/../../../../arm-none-eabi/lib/armv6k/fpu\libsysbase.a(syscall_support.o)
                0x000000000010eae8                __libc_lock_init_recursive
 .text.__libc_lock_acquire_recursive
                0x000000000010eb00       0x18 d:/devkitpro/devkitarm/bin/../lib/gcc/arm-none-eabi/10.2.0/../../../../arm-none-eabi/lib/armv6k/fpu\libsysbase.a(syscall_support.o)
                0x000000000010eb00                __libc_lock_acquire_recursive
 .text.__libc_lock_release_recursive
                0x000000000010eb18       0x18 d:/devkitpro/devkitarm/bin/../lib/gcc/arm-none-eabi/10.2.0/../../../../arm-none-eabi/lib/armv6k/fpu\libsysbase.a(syscall_support.o)
                0x000000000010eb18                __libc_lock_release_recursive
 .text.__libc_lock_close_recursive
                0x000000000010eb30       0x18 d:/devkitpro/devkitarm/bin/../lib/gcc/arm-none-eabi/10.2.0/../../../../arm-none-eabi/lib/armv6k/fpu\libsysbase.a(syscall_support.o)
                0x000000000010eb30                __libc_lock_close_recursive
 .text.__get_handle
                0x000000000010eb48       0x3c d:/devkitpro/devkitarm/bin/../lib/gcc/arm-none-eabi/10.2.0/../../../../arm-none-eabi/lib/armv6k/fpu\libsysbase.a(handle_manager.o)
                0x000000000010eb48                __get_handle
 .text._close_r
                0x000000000010eb84       0xf4 d:/devkitpro/devkitarm/bin/../lib/gcc/arm-none-eabi/10.2.0/../../../../arm-none-eabi/lib/armv6k/fpu\libsysbase.a(handle_manager.o)
                0x000000000010eb84                _close_r
 .text.__getreent
                0x000000000010ec78       0x28 d:/devkitpro/devkitarm/bin/../lib/gcc/arm-none-eabi/10.2.0/../../../../arm-none-eabi/lib/armv6k/fpu\libsysbase.a(getreent.o)
                0x000000000010ec78                __getreent
 .text.strrchr  0x000000000010eca0       0x44 d:/devkitpro/devkitarm/bin/../lib/gcc/arm-none-eabi/10.2.0/../../../../arm-none-eabi/lib/armv6k/fpu\libg.a(lib_a-strrchr.o)
                0x000000000010eca0                strrchr
 *(.glue_7)
 .glue_7        0x000000000010ece4        0x0 linker stubs
 *(.glue_7t)
 .glue_7t       0x000000000010ece4        0x0 linker stubs
 *(.stub)
 *(.gnu.warning)
 *(.gnu.linkonce.t*)
                0x000000000010ece4                . = ALIGN (0x4)
 *(.fini)
 .fini          0x000000000010ece4        0xc d:/devkitpro/devkitarm/bin/../lib/gcc/arm-none-eabi/10.2.0/armv6k/fpu/crti.o
                0x000000000010ece4                _fini
 .fini          0x000000000010ecf0        0xc d:/devkitpro/devkitarm/bin/../lib/gcc/arm-none-eabi/10.2.0/armv6k/fpu/crtn.o
                0x000000000010ecfc                . = ALIGN (0x4)

.vfp11_veneer   0x000000000010ecfc        0x0
 .vfp11_veneer  0x000000000010ecfc        0x0 linker stubs

.v4_bx          0x000000000010ecfc        0x0
 .v4_bx         0x000000000010ecfc        0x0 linker stubs

.iplt           0x000000000010ecfc        0x0
 .iplt          0x000000000010ecfc        0x0 d:/devkitpro/devkitarm/bin/../lib/gcc/arm-none-eabi/10.2.0/../../../../arm-none-eabi/lib/armv6k/fpu/3dsx_crt0.o
                0x000000000010f000                . = ALIGN (0x1000)

.rodata         0x000000000010f000      0x530
 *(.rodata)
 .rodata        0x000000000010f000        0xc D:/devkitpro/libctru/lib\libctru.a(archive_dev.o)
 .rodata        0x000000000010f00c        0x3 D:/devkitpro/libctru/lib\libctru.a(apt.o)
 *(.roda)
 *(.rodata.*)
 *fill*         0x000000000010f00f        0x1 
 .rodata.str1.4
                0x000000000010f010       0x17 main.o
 *fill*         0x000000000010f027        0x1 
 .rodata.gspInit.str1.4
                0x000000000010f028        0x9 D:/devkitpro/libctru/lib\libctru.a(gspgpu.o)
 *fill*         0x000000000010f031        0x3 
 .rodata.srvInit.str1.4
                0x000000000010f034        0x5 D:/devkitpro/libctru/lib\libctru.a(srv.o)
 *fill*         0x000000000010f039        0x3 
 .rodata.str1.4
                0x000000000010f03c        0x8 D:/devkitpro/libctru/lib\libctru.a(archive_dev.o)
                                          0xc (size before relaxing)
 .rodata._archiveUnmountDeviceStruct.part.0.str1.4
                0x000000000010f044        0x2 D:/devkitpro/libctru/lib\libctru.a(archive_dev.o)
 *fill*         0x000000000010f046        0x2 
 .rodata._archiveMountDevice.str1.4
                0x000000000010f048        0x8 D:/devkitpro/libctru/lib\libctru.a(archive_dev.o)
 .rodata.archiveMountSdmc.str1.4
                0x000000000010f050        0x5 D:/devkitpro/libctru/lib\libctru.a(archive_dev.o)
 *fill*         0x000000000010f055        0x3 
 .rodata.archive_devoptab
                0x000000000010f058       0x70 D:/devkitpro/libctru/lib\libctru.a(archive_dev.o)
 .rodata.error_table
                0x000000000010f0c8       0x30 D:/devkitpro/libctru/lib\libctru.a(archive_dev.o)
 .rodata.aptSendCommand.str1.4
                0x000000000010f0f8       0x16 D:/devkitpro/libctru/lib\libctru.a(apt.o)
 *fill*         0x000000000010f10e        0x2 
 .rodata.s_sleepWakeEvents.4
                0x000000000010f110        0x8 D:/devkitpro/libctru/lib\libctru.a(apt.o)
 .rodata.hidInit.str1.4
                0x000000000010f118       0x15 D:/devkitpro/libctru/lib\libctru.a(hid.o)
 *fill*         0x000000000010f12d        0x3 
 .rodata.fsInit.str1.4
                0x000000000010f130        0x8 D:/devkitpro/libctru/lib\libctru.a(fs.o)
 .rodata.irrstInit.str1.4
                0x000000000010f138        0x7 D:/devkitpro/libctru/lib\libctru.a(irrst.o)
 *fill*         0x000000000010f13f        0x1 
 .rodata.ptmSysmInit.str1.4
                0x000000000010f140        0x9 D:/devkitpro/libctru/lib\libctru.a(ptmsysm.o)
 *fill*         0x000000000010f149        0x3 
 .rodata._global_impure_ptr
                0x000000000010f14c        0x4 d:/devkitpro/devkitarm/bin/../lib/gcc/arm-none-eabi/10.2.0/../../../../arm-none-eabi/lib/armv6k/fpu\libg.a(lib_a-impure.o)
                0x000000000010f14c                _global_impure_ptr
 .rodata._vfiprintf_r.str1.1
                0x000000000010f150       0x29 d:/devkitpro/devkitarm/bin/../lib/gcc/arm-none-eabi/10.2.0/../../../../arm-none-eabi/lib/armv6k/fpu\libg.a(lib_a-vfiprintf.o)
 *fill*         0x000000000010f179        0x3 
 .rodata.blanks.1
                0x000000000010f17c       0x10 d:/devkitpro/devkitarm/bin/../lib/gcc/arm-none-eabi/10.2.0/../../../../arm-none-eabi/lib/armv6k/fpu\libg.a(lib_a-vfiprintf.o)
 .rodata.zeroes.0
                0x000000000010f18c       0x10 d:/devkitpro/devkitarm/bin/../lib/gcc/arm-none-eabi/10.2.0/../../../../arm-none-eabi/lib/armv6k/fpu\libg.a(lib_a-vfiprintf.o)
 .rodata.str1.4
                0x000000000010f19c       0x48 d:/devkitpro/devkitarm/bin/../lib/gcc/arm-none-eabi/10.2.0/../../../../arm-none-eabi/lib/armv6k/fpu\libg.a(lib_a-locale.o)
                                         0x4c (size before relaxing)
 .rodata.__action_table
                0x000000000010f1e4       0x6c d:/devkitpro/devkitarm/bin/../lib/gcc/arm-none-eabi/10.2.0/../../../../arm-none-eabi/lib/armv6k/fpu\libg.a(lib_a-svfiprintf.o)
                0x000000000010f1e4                __action_table
 .rodata.__chclass
                0x000000000010f250      0x100 d:/devkitpro/devkitarm/bin/../lib/gcc/arm-none-eabi/10.2.0/../../../../arm-none-eabi/lib/armv6k/fpu\libg.a(lib_a-svfiprintf.o)
                0x000000000010f250                __chclass
 .rodata.__state_table
                0x000000000010f350       0x6c d:/devkitpro/devkitarm/bin/../lib/gcc/arm-none-eabi/10.2.0/../../../../arm-none-eabi/lib/armv6k/fpu\libg.a(lib_a-svfiprintf.o)
                0x000000000010f350                __state_table
 .rodata._ctype_
                0x000000000010f3bc      0x101 d:/devkitpro/devkitarm/bin/../lib/gcc/arm-none-eabi/10.2.0/../../../../arm-none-eabi/lib/armv6k/fpu\libg.a(lib_a-ctype_.o)
                0x000000000010f3bc                _ctype_
 .rodata.AddDevice.str1.4
                0x000000000010f4bd        0x8 d:/devkitpro/devkitarm/bin/../lib/gcc/arm-none-eabi/10.2.0/../../../../arm-none-eabi/lib/armv6k/fpu\libsysbase.a(iosupport.o)
 *fill*         0x000000000010f4bd        0x3 
 .rodata.dotab_stdnull
                0x000000000010f4c0       0x70 d:/devkitpro/devkitarm/bin/../lib/gcc/arm-none-eabi/10.2.0/../../../../arm-none-eabi/lib/armv6k/fpu\libsysbase.a(iosupport.o)
                0x000000000010f4c0                dotab_stdnull
 *all.rodata*(*)
 *(.gnu.linkonce.r*)
                0x000000000010f530                . = ALIGN (0x4)

.eh_frame       0x000000000010f530        0x0
 .eh_frame      0x000000000010f530        0x0 d:/devkitpro/devkitarm/bin/../lib/gcc/arm-none-eabi/10.2.0/armv6k/fpu/crtbegin.o

.rel.dyn        0x000000000010f530        0x0
 .rel.iplt      0x000000000010f530        0x0 d:/devkitpro/devkitarm/bin/../lib/gcc/arm-none-eabi/10.2.0/../../../../arm-none-eabi/lib/armv6k/fpu/3dsx_crt0.o
 .rel.got       0x000000000010f530        0x0 d:/devkitpro/devkitarm/bin/../lib/gcc/arm-none-eabi/10.2.0/../../../../arm-none-eabi/lib/armv6k/fpu/3dsx_crt0.o

.ARM.extab
 *(.ARM.extab* .gnu.linkonce.armextab.*)
                0x000000000010f530                __exidx_start = .

ARM.exidx
 *(.ARM.exidx* .gnu.linkonce.armexidx.*)
                0x000000000010f530                __exidx_end = .
                0x0000000000110000                . = ALIGN (0x1000)

.data           0x0000000000110000     0x1ecc
 *(.data)
 *(.data.*)
 .data.__stacksize__
                0x0000000000110000        0x4 D:/devkitpro/libctru/lib\libctru.a(stack_adjust.o)
                0x0000000000110000                __stacksize__
 .data._impure_ptr
                0x0000000000110004        0x4 d:/devkitpro/devkitarm/bin/../lib/gcc/arm-none-eabi/10.2.0/../../../../arm-none-eabi/lib/armv6k/fpu\libg.a(lib_a-impure.o)
                0x0000000000110004                _impure_ptr
 .data.impure_data
                0x0000000000110008      0x460 d:/devkitpro/devkitarm/bin/../lib/gcc/arm-none-eabi/10.2.0/../../../../arm-none-eabi/lib/armv6k/fpu\libg.a(lib_a-impure.o)
 .data.__malloc_av_
                0x0000000000110468      0x408 d:/devkitpro/devkitarm/bin/../lib/gcc/arm-none-eabi/10.2.0/../../../../arm-none-eabi/lib/armv6k/fpu\libg.a(lib_a-mallocr.o)
                0x0000000000110468                __malloc_av_
 .data.__malloc_sbrk_base
                0x0000000000110870        0x4 d:/devkitpro/devkitarm/bin/../lib/gcc/arm-none-eabi/10.2.0/../../../../arm-none-eabi/lib/armv6k/fpu\libg.a(lib_a-mallocr.o)
                0x0000000000110870                __malloc_sbrk_base
 .data.__malloc_trim_threshold
                0x0000000000110874        0x4 d:/devkitpro/devkitarm/bin/../lib/gcc/arm-none-eabi/10.2.0/../../../../arm-none-eabi/lib/armv6k/fpu\libg.a(lib_a-mallocr.o)
                0x0000000000110874                __malloc_trim_threshold
 .data.__malloc_recursive_mutex
                0x0000000000110878        0xc d:/devkitpro/devkitarm/bin/../lib/gcc/arm-none-eabi/10.2.0/../../../../arm-none-eabi/lib/armv6k/fpu\libg.a(lib_a-mlock.o)
 .data.__atexit_recursive_mutex
                0x0000000000110884        0xc d:/devkitpro/devkitarm/bin/../lib/gcc/arm-none-eabi/10.2.0/../../../../arm-none-eabi/lib/armv6k/fpu\libg.a(lib_a-__call_atexit.o)
                0x0000000000110884                __atexit_recursive_mutex
 .data.__sfp_recursive_mutex
                0x0000000000110890        0xc d:/devkitpro/devkitarm/bin/../lib/gcc/arm-none-eabi/10.2.0/../../../../arm-none-eabi/lib/armv6k/fpu\libg.a(lib_a-findfp.o)
 .data.__sinit_recursive_mutex
                0x000000000011089c        0xc d:/devkitpro/devkitarm/bin/../lib/gcc/arm-none-eabi/10.2.0/../../../../arm-none-eabi/lib/armv6k/fpu\libg.a(lib_a-findfp.o)
 .data.__global_locale
                0x00000000001108a8      0x16c d:/devkitpro/devkitarm/bin/../lib/gcc/arm-none-eabi/10.2.0/../../../../arm-none-eabi/lib/armv6k/fpu\libg.a(lib_a-locale.o)
                0x00000000001108a8                __global_locale
 .data.defaultDevice
                0x0000000000110a14        0x4 d:/devkitpro/devkitarm/bin/../lib/gcc/arm-none-eabi/10.2.0/../../../../arm-none-eabi/lib/armv6k/fpu\libsysbase.a(iosupport.o)
 .data.devoptab_list
                0x0000000000110a18       0x8c d:/devkitpro/devkitarm/bin/../lib/gcc/arm-none-eabi/10.2.0/../../../../arm-none-eabi/lib/armv6k/fpu\libsysbase.a(iosupport.o)
                0x0000000000110a18                devoptab_list
 .data._current_working_directory
                0x0000000000110aa4      0x400 d:/devkitpro/devkitarm/bin/../lib/gcc/arm-none-eabi/10.2.0/../../../../arm-none-eabi/lib/armv6k/fpu\libsysbase.a(chdir.o)
 .data.__hndl_lock
                0x0000000000110ea4        0x4 d:/devkitpro/devkitarm/bin/../lib/gcc/arm-none-eabi/10.2.0/../../../../arm-none-eabi/lib/armv6k/fpu\libsysbase.a(handle_manager.o)
 .data.__stderr_handle
                0x0000000000110ea8        0xc d:/devkitpro/devkitarm/bin/../lib/gcc/arm-none-eabi/10.2.0/../../../../arm-none-eabi/lib/armv6k/fpu\libsysbase.a(handle_manager.o)
 .data.__stdin_handle
                0x0000000000110eb4        0xc d:/devkitpro/devkitarm/bin/../lib/gcc/arm-none-eabi/10.2.0/../../../../arm-none-eabi/lib/armv6k/fpu\libsysbase.a(handle_manager.o)
 .data.__stdout_handle
                0x0000000000110ec0        0xc d:/devkitpro/devkitarm/bin/../lib/gcc/arm-none-eabi/10.2.0/../../../../arm-none-eabi/lib/armv6k/fpu\libsysbase.a(handle_manager.o)
 .data.handles  0x0000000000110ecc     0x1000 d:/devkitpro/devkitarm/bin/../lib/gcc/arm-none-eabi/10.2.0/../../../../arm-none-eabi/lib/armv6k/fpu\libsysbase.a(handle_manager.o)
 *(.gnu.linkonce.d*)
                0x0000000000111ecc                . = ALIGN (0x4)

.igot.plt       0x0000000000111ecc        0x0
 .igot.plt      0x0000000000111ecc        0x0 d:/devkitpro/devkitarm/bin/../lib/gcc/arm-none-eabi/10.2.0/../../../../arm-none-eabi/lib/armv6k/fpu/3dsx_crt0.o

.got            0x0000000000111ecc        0x8
 .got           0x0000000000111ecc        0x8 d:/devkitpro/devkitarm/bin/../lib/gcc/arm-none-eabi/10.2.0/../../../../arm-none-eabi/lib/armv6k/fpu/3dsx_crt0.o

.got.plt        0x0000000000111ed4        0xc
 .got.plt       0x0000000000111ed4        0xc d:/devkitpro/devkitarm/bin/../lib/gcc/arm-none-eabi/10.2.0/../../../../arm-none-eabi/lib/armv6k/fpu/3dsx_crt0.o
                0x0000000000111ed4                _GLOBAL_OFFSET_TABLE_

.tdata          0x0000000000111ee0        0x0
                0x0000000000111ee0                __tdata_lma = .
 *(.tdata)
 *(.tdata.*)
 *(.gnu.linkonce.td.*)
                0x0000000000111ee0                . = ALIGN (0x4)
                0x0000000000111ee0                __tdata_lma_end = .

.tbss           0x0000000000111ee0      0xc08
 *(.tbss)
 *(.tbss.*)
 .tbss.__ctru_dev_path_buf
                0x0000000000111ee0      0x401 D:/devkitpro/libctru/lib\libctru.a(path_buf.o)
                0x0000000000111ee0                __ctru_dev_path_buf
 *fill*         0x00000000001122e1        0x3 
 .tbss.__ctru_dev_utf16_buf
                0x00000000001122e4      0x802 D:/devkitpro/libctru/lib\libctru.a(path_buf.o)
                0x00000000001122e4                __ctru_dev_utf16_buf
 *(.gnu.linkonce.tb.*)
 *(.tcommon)
                0x0000000000112ae8                . = ALIGN (0x4)
 *fill*         0x0000000000112ae6        0x2 

.preinit_array  0x0000000000111ee0        0x0
                0x0000000000111ee0                PROVIDE (__preinit_array_start = .)
 *(.preinit_array)
                0x0000000000111ee0                PROVIDE (__preinit_array_end = .)

.init_array     0x0000000000111ee0        0x4
                0x0000000000111ee0                PROVIDE (__init_array_start = .)
 *(SORT_BY_NAME(.init_array.*))
 *(.init_array)
 .init_array    0x0000000000111ee0        0x4 d:/devkitpro/devkitarm/bin/../lib/gcc/arm-none-eabi/10.2.0/armv6k/fpu/crtbegin.o
                0x0000000000111ee4                PROVIDE (__init_array_end = .)

.fini_array     0x0000000000111ee4        0x4
                0x0000000000111ee4                PROVIDE (__fini_array_start = .)
 *(.fini_array)
 .fini_array    0x0000000000111ee4        0x4 d:/devkitpro/devkitarm/bin/../lib/gcc/arm-none-eabi/10.2.0/armv6k/fpu/crtbegin.o
 *(SORT_BY_NAME(.fini_array.*))
                0x0000000000111ee8                PROVIDE (__fini_array_end = .)

.ctors
 *crtbegin.o(.ctors)
 *(EXCLUDE_FILE(*crtend.o) .ctors)
 *(SORT_BY_NAME(.ctors.*))
 *(.ctors)

.dtors
 *crtbegin.o(.dtors)
 *(EXCLUDE_FILE(*crtend.o) .dtors)
 *(SORT_BY_NAME(.dtors.*))
 *(.dtors)
                0x0000000000111ee8                __bss_start__ = .

.bss            0x0000000000111ee8     0x286c
 *(.dynbss)
 *(.bss)
 *(.bss.*)
 .bss.completed.1
                0x0000000000111ee8        0x1 d:/devkitpro/devkitarm/bin/../lib/gcc/arm-none-eabi/10.2.0/armv6k/fpu/crtbegin.o
 *fill*         0x0000000000111ee9        0x3 
 .bss.object.0  0x0000000000111eec       0x18 d:/devkitpro/devkitarm/bin/../lib/gcc/arm-none-eabi/10.2.0/armv6k/fpu/crtbegin.o
 .bss.gfxBottomFramebufferMaxSize
                0x0000000000111f04        0x4 D:/devkitpro/libctru/lib\libctru.a(gfx.o)
 .bss.gfxBottomFramebuffers
                0x0000000000111f08        0x8 D:/devkitpro/libctru/lib\libctru.a(gfx.o)
 .bss.gfxCurBuf
                0x0000000000111f10        0x2 D:/devkitpro/libctru/lib\libctru.a(gfx.o)
 *fill*         0x0000000000111f12        0x2 
 .bss.gfxFramebufferFormats
                0x0000000000111f14        0x2 D:/devkitpro/libctru/lib\libctru.a(gfx.o)
 *fill*         0x0000000000111f16        0x2 
 .bss.gfxIsDoubleBuf
                0x0000000000111f18        0x2 D:/devkitpro/libctru/lib\libctru.a(gfx.o)
 .bss.gfxIsVram
                0x0000000000111f1a        0x1 D:/devkitpro/libctru/lib\libctru.a(gfx.o)
 *fill*         0x0000000000111f1b        0x1 
 .bss.gfxTopFramebufferMaxSize
                0x0000000000111f1c        0x4 D:/devkitpro/libctru/lib\libctru.a(gfx.o)
 .bss.gfxTopFramebuffers
                0x0000000000111f20        0x8 D:/devkitpro/libctru/lib\libctru.a(gfx.o)
 .bss.gfxTopMode
                0x0000000000111f28        0x1 D:/devkitpro/libctru/lib\libctru.a(gfx.o)
 *fill*         0x0000000000111f29        0x3 
 .bss.screenAlloc
                0x0000000000111f2c        0x4 D:/devkitpro/libctru/lib\libctru.a(gfx.o)
 .bss.screenFree
                0x0000000000111f30        0x4 D:/devkitpro/libctru/lib\libctru.a(gfx.o)
 .bss.gspEvent  0x0000000000111f34        0x4 D:/devkitpro/libctru/lib\libctru.a(gspgpu.o)
 .bss.gspEventCb
                0x0000000000111f38       0x1c D:/devkitpro/libctru/lib\libctru.a(gspgpu.o)
 .bss.gspEventCbData
                0x0000000000111f54       0x1c D:/devkitpro/libctru/lib\libctru.a(gspgpu.o)
 .bss.gspEventCbOneShot
                0x0000000000111f70        0x7 D:/devkitpro/libctru/lib\libctru.a(gspgpu.o)
 *fill*         0x0000000000111f77        0x1 
 .bss.gspEventThread
                0x0000000000111f78        0x4 D:/devkitpro/libctru/lib\libctru.a(gspgpu.o)
 .bss.gspEvents
                0x0000000000111f7c       0x38 D:/devkitpro/libctru/lib\libctru.a(gspgpu.o)
 .bss.gspGpuHandle
                0x0000000000111fb4        0x4 D:/devkitpro/libctru/lib\libctru.a(gspgpu.o)
 .bss.gspGpuRight
                0x0000000000111fb8        0x1 D:/devkitpro/libctru/lib\libctru.a(gspgpu.o)
 *fill*         0x0000000000111fb9        0x3 
 .bss.gspLastEvent
                0x0000000000111fbc        0x4 D:/devkitpro/libctru/lib\libctru.a(gspgpu.o)
 .bss.gspRefCount
                0x0000000000111fc0        0x4 D:/devkitpro/libctru/lib\libctru.a(gspgpu.o)
 .bss.gspRunEvents
                0x0000000000111fc4        0x1 D:/devkitpro/libctru/lib\libctru.a(gspgpu.o)
 *fill*         0x0000000000111fc5        0x3 
 .bss.gspSharedMem
                0x0000000000111fc8        0x4 D:/devkitpro/libctru/lib\libctru.a(gspgpu.o)
 .bss.gspSharedMemHandle
                0x0000000000111fcc        0x4 D:/devkitpro/libctru/lib\libctru.a(gspgpu.o)
 .bss.gspThreadId
                0x0000000000111fd0        0x1 D:/devkitpro/libctru/lib\libctru.a(gspgpu.o)
 *fill*         0x0000000000111fd1        0x3 
 .bss.__system_argc
                0x0000000000111fd4        0x4 D:/devkitpro/libctru/lib\libctru.a(initArgv.o)
                0x0000000000111fd4                __system_argc
 .bss.__system_argv
                0x0000000000111fd8        0x4 D:/devkitpro/libctru/lib\libctru.a(initArgv.o)
                0x0000000000111fd8                __system_argv
 .bss.saved_stack.42
                0x0000000000111fdc        0x8 D:/devkitpro/libctru/lib\libctru.a(stack_adjust.o)
 .bss._ZL8sAddrMap
                0x0000000000111fe4        0xc D:/devkitpro/libctru/lib\libctru.a(vram.o)
 .bss._ZL9sVramPool
                0x0000000000111ff0        0x8 D:/devkitpro/libctru/lib\libctru.a(vram.o)
 .bss._ZL11sLinearPool
                0x0000000000111ff8        0x8 D:/devkitpro/libctru/lib\libctru.a(linear.o)
 .bss._ZL8sAddrMap
                0x0000000000112000        0xc D:/devkitpro/libctru/lib\libctru.a(linear.o)
 .bss.arbiter   0x000000000011200c        0x4 D:/devkitpro/libctru/lib\libctru.a(synchronization.o)
 .bss.srvHandle
                0x0000000000112010        0x4 D:/devkitpro/libctru/lib\libctru.a(srv.o)
 .bss.srvRefCount
                0x0000000000112014        0x4 D:/devkitpro/libctru/lib\libctru.a(srv.o)
 .bss.currentAddr
                0x0000000000112018        0x4 D:/devkitpro/libctru/lib\libctru.a(mappable.o)
 .bss.maxAddr   0x000000000011201c        0x4 D:/devkitpro/libctru/lib\libctru.a(mappable.o)
 .bss.minAddr   0x0000000000112020        0x4 D:/devkitpro/libctru/lib\libctru.a(mappable.o)
 .bss.srvPmHandle
                0x0000000000112024        0x4 D:/devkitpro/libctru/lib\libctru.a(srvpm.o)
 .bss.__ctru_heap
                0x0000000000112028        0x4 D:/devkitpro/libctru/lib\libctru.a(allocateHeaps.o)
                0x0000000000112028                __ctru_heap
 .bss.__ctru_heap_size
                0x000000000011202c        0x4 D:/devkitpro/libctru/lib\libctru.a(allocateHeaps.o)
                0x000000000011202c                __ctru_heap_size
 .bss.__ctru_linear_heap
                0x0000000000112030        0x4 D:/devkitpro/libctru/lib\libctru.a(allocateHeaps.o)
                0x0000000000112030                __ctru_linear_heap
 .bss.__ctru_linear_heap_size
                0x0000000000112034        0x4 D:/devkitpro/libctru/lib\libctru.a(allocateHeaps.o)
                0x0000000000112034                __ctru_linear_heap_size
 .bss.__system_retAddr
                0x0000000000112038        0x4 D:/devkitpro/libctru/lib\libctru.a(ctru_init.o)
                0x0000000000112038                __system_retAddr
 .bss.archive_device_cwd
                0x000000000011203c        0x4 D:/devkitpro/libctru/lib\libctru.a(archive_dev.o)
 .bss.archive_devices
                0x0000000000112040      0x540 D:/devkitpro/libctru/lib\libctru.a(archive_dev.o)
 .bss.archive_initialized
                0x0000000000112580        0x1 D:/devkitpro/libctru/lib\libctru.a(archive_dev.o)
 .bss.aptChainloadFlags
                0x0000000000112581        0x1 D:/devkitpro/libctru/lib\libctru.a(apt.o)
 .bss.aptChainloadMediatype
                0x0000000000112582        0x1 D:/devkitpro/libctru/lib\libctru.a(apt.o)
 *fill*         0x0000000000112583        0x5 
 .bss.aptChainloadTid
                0x0000000000112588        0x8 D:/devkitpro/libctru/lib\libctru.a(apt.o)
 .bss.aptEventHandlerThread
                0x0000000000112590        0x4 D:/devkitpro/libctru/lib\libctru.a(apt.o)
 .bss.aptEventHandlerThreadQuit
                0x0000000000112594        0x1 D:/devkitpro/libctru/lib\libctru.a(apt.o)
 *fill*         0x0000000000112595        0x3 
 .bss.aptEvents
                0x0000000000112598        0x8 D:/devkitpro/libctru/lib\libctru.a(apt.o)
 .bss.aptFirstHook
                0x00000000001125a0        0xc D:/devkitpro/libctru/lib\libctru.a(apt.o)
 .bss.aptFlags  0x00000000001125ac        0x4 D:/devkitpro/libctru/lib\libctru.a(apt.o)
 .bss.aptHomeButtonState
                0x00000000001125b0        0x1 D:/devkitpro/libctru/lib\libctru.a(apt.o)
 *fill*         0x00000000001125b1        0x3 
 .bss.aptLockHandle
                0x00000000001125b4        0x4 D:/devkitpro/libctru/lib\libctru.a(apt.o)
 .bss.aptMessageFunc
                0x00000000001125b8        0x4 D:/devkitpro/libctru/lib\libctru.a(apt.o)
 .bss.aptMessageFuncData
                0x00000000001125bc        0x4 D:/devkitpro/libctru/lib\libctru.a(apt.o)
 .bss.aptParameters
                0x00000000001125c0     0x1000 D:/devkitpro/libctru/lib\libctru.a(apt.o)
 .bss.aptReceiveEvent
                0x00000000001135c0        0x8 D:/devkitpro/libctru/lib\libctru.a(apt.o)
 .bss.aptRefCount
                0x00000000001135c8        0x4 D:/devkitpro/libctru/lib\libctru.a(apt.o)
 .bss.aptSleepEvent
                0x00000000001135cc        0x8 D:/devkitpro/libctru/lib\libctru.a(apt.o)
 .bss.flagInit.1
                0x00000000001135d4        0x1 D:/devkitpro/libctru/lib\libctru.a(apt.o)
 .bss.flagValue.0
                0x00000000001135d5        0x1 D:/devkitpro/libctru/lib\libctru.a(apt.o)
 *fill*         0x00000000001135d6        0x2 
 .bss.serviceName.6
                0x00000000001135d8        0x4 D:/devkitpro/libctru/lib\libctru.a(apt.o)
 .bss.hidEvents
                0x00000000001135dc       0x14 D:/devkitpro/libctru/lib\libctru.a(hid.o)
                0x00000000001135dc                hidEvents
 .bss.hidHandle
                0x00000000001135f0        0x4 D:/devkitpro/libctru/lib\libctru.a(hid.o)
                0x00000000001135f0                hidHandle
 .bss.hidMemHandle
                0x00000000001135f4        0x4 D:/devkitpro/libctru/lib\libctru.a(hid.o)
                0x00000000001135f4                hidMemHandle
 .bss.hidRefCount
                0x00000000001135f8        0x4 D:/devkitpro/libctru/lib\libctru.a(hid.o)
 .bss.hidSharedMem
                0x00000000001135fc        0x4 D:/devkitpro/libctru/lib\libctru.a(hid.o)
                0x00000000001135fc                hidSharedMem
 .bss.kDown     0x0000000000113600        0x4 D:/devkitpro/libctru/lib\libctru.a(hid.o)
 .bss.kHeld     0x0000000000113604        0x4 D:/devkitpro/libctru/lib\libctru.a(hid.o)
 .bss.kOld      0x0000000000113608        0x4 D:/devkitpro/libctru/lib\libctru.a(hid.o)
 .bss.kUp       0x000000000011360c        0x4 D:/devkitpro/libctru/lib\libctru.a(hid.o)
 .bss.usingIrrst
                0x0000000000113610        0x1 D:/devkitpro/libctru/lib\libctru.a(hid.o)
 *fill*         0x0000000000113611        0x7 
 .bss.fsExemptArchives
                0x0000000000113618       0x80 D:/devkitpro/libctru/lib\libctru.a(fs.o)
 .bss.fsuHandle
                0x0000000000113698        0x4 D:/devkitpro/libctru/lib\libctru.a(fs.o)
 .bss.fsuRefCount
                0x000000000011369c        0x4 D:/devkitpro/libctru/lib\libctru.a(fs.o)
 .bss.__ctru_speedup
                0x00000000001136a0        0x1 D:/devkitpro/libctru/lib\libctru.a(os.o)
                0x00000000001136a0                __ctru_speedup
 *fill*         0x00000000001136a1        0x3 
 .bss.irrstEvent
                0x00000000001136a4        0x4 D:/devkitpro/libctru/lib\libctru.a(irrst.o)
                0x00000000001136a4                irrstEvent
 .bss.irrstHandle
                0x00000000001136a8        0x4 D:/devkitpro/libctru/lib\libctru.a(irrst.o)
                0x00000000001136a8                irrstHandle
 .bss.irrstMemHandle
                0x00000000001136ac        0x4 D:/devkitpro/libctru/lib\libctru.a(irrst.o)
                0x00000000001136ac                irrstMemHandle
 .bss.irrstRefCount
                0x00000000001136b0        0x4 D:/devkitpro/libctru/lib\libctru.a(irrst.o)
 .bss.irrstSharedMem
                0x00000000001136b4        0x4 D:/devkitpro/libctru/lib\libctru.a(irrst.o)
                0x00000000001136b4                irrstSharedMem
 .bss.kHeld     0x00000000001136b8        0x4 D:/devkitpro/libctru/lib\libctru.a(irrst.o)
 .bss.ptmSysmHandle
                0x00000000001136bc        0x4 D:/devkitpro/libctru/lib\libctru.a(ptmsysm.o)
 .bss.ptmSysmRefCount
                0x00000000001136c0        0x4 D:/devkitpro/libctru/lib\libctru.a(ptmsysm.o)
 .bss.__malloc_current_mallinfo
                0x00000000001136c4       0x28 d:/devkitpro/devkitarm/bin/../lib/gcc/arm-none-eabi/10.2.0/../../../../arm-none-eabi/lib/armv6k/fpu\libg.a(lib_a-mallocr.o)
                0x00000000001136c4                __malloc_current_mallinfo
 .bss.__malloc_max_sbrked_mem
                0x00000000001136ec        0x4 d:/devkitpro/devkitarm/bin/../lib/gcc/arm-none-eabi/10.2.0/../../../../arm-none-eabi/lib/armv6k/fpu\libg.a(lib_a-mallocr.o)
                0x00000000001136ec                __malloc_max_sbrked_mem
 .bss.__malloc_max_total_mem
                0x00000000001136f0        0x4 d:/devkitpro/devkitarm/bin/../lib/gcc/arm-none-eabi/10.2.0/../../../../arm-none-eabi/lib/armv6k/fpu\libg.a(lib_a-mallocr.o)
                0x00000000001136f0                __malloc_max_total_mem
 .bss.__malloc_top_pad
                0x00000000001136f4        0x4 d:/devkitpro/devkitarm/bin/../lib/gcc/arm-none-eabi/10.2.0/../../../../arm-none-eabi/lib/armv6k/fpu\libg.a(lib_a-mallocr.o)
                0x00000000001136f4                __malloc_top_pad
 .bss.heap_start.0
                0x00000000001136f8        0x4 d:/devkitpro/devkitarm/bin/../lib/gcc/arm-none-eabi/10.2.0/../../../../arm-none-eabi/lib/armv6k/fpu\libsysbase.a(sbrk.o)
 .bss.fake_heap_end
                0x00000000001136fc        0x4 d:/devkitpro/devkitarm/bin/../lib/gcc/arm-none-eabi/10.2.0/../../../../arm-none-eabi/lib/armv6k/fpu\libsysbase.a(malloc_vars.o)
                0x00000000001136fc                fake_heap_end
 .bss.fake_heap_start
                0x0000000000113700        0x4 d:/devkitpro/devkitarm/bin/../lib/gcc/arm-none-eabi/10.2.0/../../../../arm-none-eabi/lib/armv6k/fpu\libsysbase.a(malloc_vars.o)
                0x0000000000113700                fake_heap_start
 .bss.temp_cwd  0x0000000000113704      0x400 d:/devkitpro/devkitarm/bin/../lib/gcc/arm-none-eabi/10.2.0/../../../../arm-none-eabi/lib/armv6k/fpu\libsysbase.a(chdir.o)
 .bss.__syscalls
                0x0000000000113b04       0x48 d:/devkitpro/devkitarm/bin/../lib/gcc/arm-none-eabi/10.2.0/../../../../arm-none-eabi/lib/armv6k/fpu\libsysbase.a(syscall_support.o)
                0x0000000000113b04                __syscalls
 *(.gnu.linkonce.b*)
 *(COMMON)
                0x0000000000113b4c                . = ALIGN (0x4)
                0x0000000000113b4c                __tls_start = .
                0x0000000000114754                . = (. + (SIZEOF (.tdata) + SIZEOF (.tbss)))
 *fill*         0x0000000000113b4c      0xc08 
                0x0000000000114754                __tls_end = .
                0x0000000000114754                __bss_end__ = .
                0x0000000000114754                __end__ = ABSOLUTE (.)

/DISCARD/
 *(.group .comment .note)

.stab
 *(.stab)

.stabstr
 *(.stabstr)

.stab.excl
 *(.stab.excl)

.stab.exclstr
 *(.stab.exclstr)

.stab.index
 *(.stab.index)

.stab.indexstr
 *(.stab.indexstr)

.debug
 *(.debug)

.line
 *(.line)

.debug_srcinfo
 *(.debug_srcinfo)

.debug_sfnames
 *(.debug_sfnames)

.debug_aranges  0x0000000000000000     0x14c8
 *(.debug_aranges)
 .debug_aranges
                0x0000000000000000       0x20 main.o
 .debug_aranges
                0x0000000000000020       0x98 D:/devkitpro/libctru/lib\libctru.a(gfx.o)
 .debug_aranges
                0x00000000000000b8       0xf8 D:/devkitpro/libctru/lib\libctru.a(gspgpu.o)
 .debug_aranges
                0x00000000000001b0       0x20 D:/devkitpro/libctru/lib\libctru.a(initArgv.o)
 .debug_aranges
                0x00000000000001d0      0x330 D:/devkitpro/libctru/lib\libctru.a(svc.o)
 .debug_aranges
                0x0000000000000500       0x28 D:/devkitpro/libctru/lib\libctru.a(stack_adjust.o)
 .debug_aranges
                0x0000000000000528       0x58 D:/devkitpro/libctru/lib\libctru.a(vram.o)
 .debug_aranges
                0x0000000000000580       0x58 D:/devkitpro/libctru/lib\libctru.a(linear.o)
 .debug_aranges
                0x00000000000005d8       0x38 D:/devkitpro/libctru/lib\libctru.a(mem_pool.o)
 .debug_aranges
                0x0000000000000610       0xf0 D:/devkitpro/libctru/lib\libctru.a(synchronization.o)
 .debug_aranges
                0x0000000000000700       0xc0 D:/devkitpro/libctru/lib\libctru.a(srv.o)
 .debug_aranges
                0x00000000000007c0       0x60 D:/devkitpro/libctru/lib\libctru.a(thread.o)
 .debug_aranges
                0x0000000000000820       0x38 D:/devkitpro/libctru/lib\libctru.a(mappable.o)
 .debug_aranges
                0x0000000000000858       0x50 D:/devkitpro/libctru/lib\libctru.a(srvpm.o)
 .debug_aranges
                0x00000000000008a8       0x20 D:/devkitpro/libctru/lib\libctru.a(rbtree_init.o)
 .debug_aranges
                0x00000000000008c8       0x30 D:/devkitpro/libctru/lib\libctru.a(rbtree_insert.o)
 .debug_aranges
                0x00000000000008f8       0x20 D:/devkitpro/libctru/lib\libctru.a(rbtree_rotate.o)
 .debug_aranges
                0x0000000000000918       0x20 D:/devkitpro/libctru/lib\libctru.a(rbtree_remove.o)
 .debug_aranges
                0x0000000000000938       0x20 D:/devkitpro/libctru/lib\libctru.a(rbtree_find.o)
 .debug_aranges
                0x0000000000000958       0x20 D:/devkitpro/libctru/lib\libctru.a(appInit.o)
 .debug_aranges
                0x0000000000000978       0x20 D:/devkitpro/libctru/lib\libctru.a(allocateHeaps.o)
 .debug_aranges
                0x0000000000000998       0x20 D:/devkitpro/libctru/lib\libctru.a(appExit.o)
 .debug_aranges
                0x00000000000009b8       0x20 D:/devkitpro/libctru/lib\libctru.a(ctru_init.o)
 .debug_aranges
                0x00000000000009d8       0x20 D:/devkitpro/libctru/lib\libctru.a(ctru_exit.o)
 .debug_aranges
                0x00000000000009f8       0x28 D:/devkitpro/libctru/lib\libctru.a(env.o)
 .debug_aranges
                0x0000000000000a20      0x130 D:/devkitpro/libctru/lib\libctru.a(archive_dev.o)
 .debug_aranges
                0x0000000000000b50      0x250 D:/devkitpro/libctru/lib\libctru.a(apt.o)
 .debug_aranges
                0x0000000000000da0       0xd0 D:/devkitpro/libctru/lib\libctru.a(hid.o)
 .debug_aranges
                0x0000000000000e70      0x3b0 D:/devkitpro/libctru/lib\libctru.a(fs.o)
 .debug_aranges
                0x0000000000001220       0x28 D:/devkitpro/libctru/lib\libctru.a(rbtree_iterator.o)
 .debug_aranges
                0x0000000000001248       0x20 D:/devkitpro/libctru/lib\libctru.a(utf16_to_utf8.o)
 .debug_aranges
                0x0000000000001268       0x20 D:/devkitpro/libctru/lib\libctru.a(decode_utf16.o)
 .debug_aranges
                0x0000000000001288       0x20 D:/devkitpro/libctru/lib\libctru.a(decode_utf8.o)
 .debug_aranges
                0x00000000000012a8       0x20 D:/devkitpro/libctru/lib\libctru.a(utf8_to_utf16.o)
 .debug_aranges
                0x00000000000012c8       0x30 D:/devkitpro/libctru/lib\libctru.a(syscalls.o)
 .debug_aranges
                0x00000000000012f8       0x20 D:/devkitpro/libctru/lib\libctru.a(readtp.o)
 .debug_aranges
                0x0000000000001318       0x60 D:/devkitpro/libctru/lib\libctru.a(os.o)
 .debug_aranges
                0x0000000000001378       0x18 D:/devkitpro/libctru/lib\libctru.a(path_buf.o)
 .debug_aranges
                0x0000000000001390       0x68 D:/devkitpro/libctru/lib\libctru.a(irrst.o)
 .debug_aranges
                0x00000000000013f8       0x90 D:/devkitpro/libctru/lib\libctru.a(ptmsysm.o)
 .debug_aranges
                0x0000000000001488       0x20 D:/devkitpro/libctru/lib\libctru.a(encode_utf16.o)
 .debug_aranges
                0x00000000000014a8       0x20 D:/devkitpro/libctru/lib\libctru.a(encode_utf8.o)

.debug_pubnames
 *(.debug_pubnames)

.debug_info     0x0000000000000000    0x2a4f2
 *(.debug_info)
 .debug_info    0x0000000000000000      0x176 main.o
 .debug_info    0x0000000000000176      0xc6c D:/devkitpro/libctru/lib\libctru.a(gfx.o)
 .debug_info    0x0000000000000de2     0x5a78 D:/devkitpro/libctru/lib\libctru.a(gspgpu.o)
 .debug_info    0x000000000000685a      0x1b7 D:/devkitpro/libctru/lib\libctru.a(initArgv.o)
 .debug_info    0x0000000000006a11       0x22 D:/devkitpro/libctru/lib\libctru.a(svc.o)
 .debug_info    0x0000000000006a33       0x22 D:/devkitpro/libctru/lib\libctru.a(stack_adjust.o)
 .debug_info    0x0000000000006a55     0x1386 D:/devkitpro/libctru/lib\libctru.a(vram.o)
 .debug_info    0x0000000000007ddb     0x1129 D:/devkitpro/libctru/lib\libctru.a(linear.o)
 .debug_info    0x0000000000008f04     0x10aa D:/devkitpro/libctru/lib\libctru.a(mem_pool.o)
 .debug_info    0x0000000000009fae     0x2918 D:/devkitpro/libctru/lib\libctru.a(synchronization.o)
 .debug_info    0x000000000000c8c6     0x1c92 D:/devkitpro/libctru/lib\libctru.a(srv.o)
 .debug_info    0x000000000000e558     0x1186 D:/devkitpro/libctru/lib\libctru.a(thread.o)
 .debug_info    0x000000000000f6de      0x342 D:/devkitpro/libctru/lib\libctru.a(mappable.o)
 .debug_info    0x000000000000fa20      0x8af D:/devkitpro/libctru/lib\libctru.a(srvpm.o)
 .debug_info    0x00000000000102cf      0x18c D:/devkitpro/libctru/lib\libctru.a(rbtree_init.o)
 .debug_info    0x000000000001045b      0x697 D:/devkitpro/libctru/lib\libctru.a(rbtree_insert.o)
 .debug_info    0x0000000000010af2      0x36f D:/devkitpro/libctru/lib\libctru.a(rbtree_rotate.o)
 .debug_info    0x0000000000010e61      0x994 D:/devkitpro/libctru/lib\libctru.a(rbtree_remove.o)
 .debug_info    0x00000000000117f5      0x1f4 D:/devkitpro/libctru/lib\libctru.a(rbtree_find.o)
 .debug_info    0x00000000000119e9      0x11d D:/devkitpro/libctru/lib\libctru.a(appInit.o)
 .debug_info    0x0000000000011b06      0x498 D:/devkitpro/libctru/lib\libctru.a(allocateHeaps.o)
 .debug_info    0x0000000000011f9e      0x11d D:/devkitpro/libctru/lib\libctru.a(appExit.o)
 .debug_info    0x00000000000120bb      0x166 D:/devkitpro/libctru/lib\libctru.a(ctru_init.o)
 .debug_info    0x0000000000012221      0x22c D:/devkitpro/libctru/lib\libctru.a(ctru_exit.o)
 .debug_info    0x000000000001244d      0x287 D:/devkitpro/libctru/lib\libctru.a(env.o)
 .debug_info    0x00000000000126d4     0x3fc3 D:/devkitpro/libctru/lib\libctru.a(archive_dev.o)
 .debug_info    0x0000000000016697     0x52df D:/devkitpro/libctru/lib\libctru.a(apt.o)
 .debug_info    0x000000000001b976     0x13e6 D:/devkitpro/libctru/lib\libctru.a(hid.o)
 .debug_info    0x000000000001cd5c     0x9519 D:/devkitpro/libctru/lib\libctru.a(fs.o)
 .debug_info    0x0000000000026275      0x358 D:/devkitpro/libctru/lib\libctru.a(rbtree_iterator.o)
 .debug_info    0x00000000000265cd      0x1f2 D:/devkitpro/libctru/lib\libctru.a(utf16_to_utf8.o)
 .debug_info    0x00000000000267bf      0x13d D:/devkitpro/libctru/lib\libctru.a(decode_utf16.o)
 .debug_info    0x00000000000268fc      0x15d D:/devkitpro/libctru/lib\libctru.a(decode_utf8.o)
 .debug_info    0x0000000000026a59      0x1f2 D:/devkitpro/libctru/lib\libctru.a(utf8_to_utf16.o)
 .debug_info    0x0000000000026c4b      0xf47 D:/devkitpro/libctru/lib\libctru.a(syscalls.o)
 .debug_info    0x0000000000027b92       0x26 D:/devkitpro/libctru/lib\libctru.a(readtp.o)
 .debug_info    0x0000000000027bb8     0x10cd D:/devkitpro/libctru/lib\libctru.a(os.o)
 .debug_info    0x0000000000028c85       0xe2 D:/devkitpro/libctru/lib\libctru.a(path_buf.o)
 .debug_info    0x0000000000028d67      0xab4 D:/devkitpro/libctru/lib\libctru.a(irrst.o)
 .debug_info    0x000000000002981b      0xac3 D:/devkitpro/libctru/lib\libctru.a(ptmsysm.o)
 .debug_info    0x000000000002a2de      0x10a D:/devkitpro/libctru/lib\libctru.a(encode_utf16.o)
 .debug_info    0x000000000002a3e8      0x10a D:/devkitpro/libctru/lib\libctru.a(encode_utf8.o)

.debug_abbrev   0x0000000000000000     0x6125
 *(.debug_abbrev)
 .debug_abbrev  0x0000000000000000       0xd6 main.o
 .debug_abbrev  0x00000000000000d6      0x33f D:/devkitpro/libctru/lib\libctru.a(gfx.o)
 .debug_abbrev  0x0000000000000415      0x5a9 D:/devkitpro/libctru/lib\libctru.a(gspgpu.o)
 .debug_abbrev  0x00000000000009be      0x128 D:/devkitpro/libctru/lib\libctru.a(initArgv.o)
 .debug_abbrev  0x0000000000000ae6       0x12 D:/devkitpro/libctru/lib\libctru.a(svc.o)
 .debug_abbrev  0x0000000000000af8       0x12 D:/devkitpro/libctru/lib\libctru.a(stack_adjust.o)
 .debug_abbrev  0x0000000000000b0a      0x457 D:/devkitpro/libctru/lib\libctru.a(vram.o)
 .debug_abbrev  0x0000000000000f61      0x42b D:/devkitpro/libctru/lib\libctru.a(linear.o)
 .debug_abbrev  0x000000000000138c      0x3b6 D:/devkitpro/libctru/lib\libctru.a(mem_pool.o)
 .debug_abbrev  0x0000000000001742      0x4cc D:/devkitpro/libctru/lib\libctru.a(synchronization.o)
 .debug_abbrev  0x0000000000001c0e      0x4d5 D:/devkitpro/libctru/lib\libctru.a(srv.o)
 .debug_abbrev  0x00000000000020e3      0x41f D:/devkitpro/libctru/lib\libctru.a(thread.o)
 .debug_abbrev  0x0000000000002502      0x1a4 D:/devkitpro/libctru/lib\libctru.a(mappable.o)
 .debug_abbrev  0x00000000000026a6      0x2a6 D:/devkitpro/libctru/lib\libctru.a(srvpm.o)
 .debug_abbrev  0x000000000000294c       0xbc D:/devkitpro/libctru/lib\libctru.a(rbtree_init.o)
 .debug_abbrev  0x0000000000002a08      0x23f D:/devkitpro/libctru/lib\libctru.a(rbtree_insert.o)
 .debug_abbrev  0x0000000000002c47      0x1b5 D:/devkitpro/libctru/lib\libctru.a(rbtree_rotate.o)
 .debug_abbrev  0x0000000000002dfc      0x245 D:/devkitpro/libctru/lib\libctru.a(rbtree_remove.o)
 .debug_abbrev  0x0000000000003041      0x105 D:/devkitpro/libctru/lib\libctru.a(rbtree_find.o)
 .debug_abbrev  0x0000000000003146       0x64 D:/devkitpro/libctru/lib\libctru.a(appInit.o)
 .debug_abbrev  0x00000000000031aa      0x162 D:/devkitpro/libctru/lib\libctru.a(allocateHeaps.o)
 .debug_abbrev  0x000000000000330c       0x72 D:/devkitpro/libctru/lib\libctru.a(appExit.o)