Archive member included to satisfy reference by file (symbol)

D:/devkitpro/libctru/lib\libctru.a(console.o)
                              main.o (consoleInit)
D:/devkitpro/libctru/lib\libctru.a(gfx.o)
                              D:/devkitpro/libctru/lib\libctru.a(console.o) (gfxIsWide)
D:/devkitpro/libctru/lib\libctru.a(gspgpu.o)
                              D:/devkitpro/libctru/lib\libctru.a(gfx.o) (gspInit)
D:/devkitpro/libctru/lib\libctru.a(initArgv.o)
                              d:/devkitpro/devkitarm/bin/../lib/gcc/arm-none-eabi/10.2.0/../../../../arm-none-eabi/lib/armv6k/fpu/3dsx_crt0.o (__system_argv)
D:/devkitpro/libctru/lib\libctru.a(svc.o)
                              D:/devkitpro/libctru/lib\libctru.a(gspgpu.o) (svcCreateEvent)
D:/devkitpro/libctru/lib\libctru.a(stack_adjust.o)
                              d:/devkitpro/devkitarm/bin/../lib/gcc/arm-none-eabi/10.2.0/../../../../arm-none-eabi/lib/armv6k/fpu/3dsx_crt0.o (initSystem)
D:/devkitpro/libctru/lib\libctru.a(default_font.bin.o)
                              D:/devkitpro/libctru/lib\libctru.a(console.o) (default_font_bin)
D:/devkitpro/libctru/lib\libctru.a(vram.o)
                              D:/devkitpro/libctru/lib\libctru.a(gfx.o) (vramAlloc)
D:/devkitpro/libctru/lib\libctru.a(linear.o)
                              D:/devkitpro/libctru/lib\libctru.a(gfx.o) (linearAlloc)
D:/devkitpro/libctru/lib\libctru.a(mem_pool.o)
                              D:/devkitpro/libctru/lib\libctru.a(vram.o) (MemPool::Allocate(MemChunk&, unsigned long, int))
D:/devkitpro/libctru/lib\libctru.a(synchronization.o)
                              D:/devkitpro/libctru/lib\libctru.a(gspgpu.o) (syncArbitrateAddress)
D:/devkitpro/libctru/lib\libctru.a(srv.o)
                              D:/devkitpro/libctru/lib\libctru.a(gspgpu.o) (srvGetServiceHandle)
D:/devkitpro/libctru/lib\libctru.a(thread.o)
                              D:/devkitpro/libctru/lib\libctru.a(gspgpu.o) (threadCreate)
D:/devkitpro/libctru/lib\libctru.a(mappable.o)
                              D:/devkitpro/libctru/lib\libctru.a(gspgpu.o) (mappableAlloc)
D:/devkitpro/libctru/lib\libctru.a(srvpm.o)
                              D:/devkitpro/libctru/lib\libctru.a(srv.o) (srvPmGetSessionHandle)
D:/devkitpro/libctru/lib\libctru.a(rbtree_init.o)
                              D:/devkitpro/libctru/lib\libctru.a(vram.o) (rbtree_init)
D:/devkitpro/libctru/lib\libctru.a(rbtree_insert.o)
                              D:/devkitpro/libctru/lib\libctru.a(vram.o) (rbtree_insert)
D:/devkitpro/libctru/lib\libctru.a(rbtree_rotate.o)
                              D:/devkitpro/libctru/lib\libctru.a(rbtree_insert.o) (rbtree_rotate)
D:/devkitpro/libctru/lib\libctru.a(rbtree_remove.o)
                              D:/devkitpro/libctru/lib\libctru.a(vram.o) (rbtree_remove)
D:/devkitpro/libctru/lib\libctru.a(rbtree_find.o)
                              D:/devkitpro/libctru/lib\libctru.a(vram.o) (rbtree_find)
D:/devkitpro/libctru/lib\libctru.a(appInit.o)
                              D:/devkitpro/libctru/lib\libctru.a(stack_adjust.o) (__appInit)
D:/devkitpro/libctru/lib\libctru.a(allocateHeaps.o)
                              D:/devkitpro/libctru/lib\libctru.a(linear.o) (__ctru_linear_heap_size)
D:/devkitpro/libctru/lib\libctru.a(appExit.o)
                              D:/devkitpro/libctru/lib\libctru.a(stack_adjust.o) (__appExit)
D:/devkitpro/libctru/lib\libctru.a(ctru_init.o)
                              D:/devkitpro/libctru/lib\libctru.a(stack_adjust.o) (__libctru_init)
D:/devkitpro/libctru/lib\libctru.a(ctru_exit.o)
                              D:/devkitpro/libctru/lib\libctru.a(stack_adjust.o) (__libctru_exit)
D:/devkitpro/libctru/lib\libctru.a(env.o)
                              D:/devkitpro/libctru/lib\libctru.a(srv.o) (envGetHandle)
D:/devkitpro/libctru/lib\libctru.a(archive_dev.o)
                              D:/devkitpro/libctru/lib\libctru.a(appInit.o) (archiveMountSdmc)
D:/devkitpro/libctru/lib\libctru.a(apt.o)
                              D:/devkitpro/libctru/lib\libctru.a(appExit.o) (aptExit)
D:/devkitpro/libctru/lib\libctru.a(hid.o)
                              D:/devkitpro/libctru/lib\libctru.a(appInit.o) (hidInit)
D:/devkitpro/libctru/lib\libctru.a(fs.o)
                              D:/devkitpro/libctru/lib\libctru.a(appInit.o) (fsInit)
D:/devkitpro/libctru/lib\libctru.a(rbtree_iterator.o)
                              D:/devkitpro/libctru/lib\libctru.a(rbtree_remove.o) (rbtree_node_next)
D:/devkitpro/libctru/lib\libctru.a(utf16_to_utf8.o)
                              D:/devkitpro/libctru/lib\libctru.a(archive_dev.o) (utf16_to_utf8)
D:/devkitpro/libctru/lib\libctru.a(decode_utf16.o)
                              D:/devkitpro/libctru/lib\libctru.a(utf16_to_utf8.o) (decode_utf16)
D:/devkitpro/libctru/lib\libctru.a(decode_utf8.o)
                              D:/devkitpro/libctru/lib\libctru.a(archive_dev.o) (decode_utf8)
D:/devkitpro/libctru/lib\libctru.a(utf8_to_utf16.o)
[...]
Memory Configuration

Name             Origin             Length             Attributes
*default*        0x0000000000000000 0xffffffffffffffff

Linker script and memory map

                0x0000000000100000                PROVIDE (__start__ = 0x100000)
                0x0000000000100000                . = __start__

.text           0x0000000000100000    0x1c8b4
 *(.crt0)
 .crt0          0x0000000000100000       0x94 d:/devkitpro/devkitarm/bin/../lib/gcc/arm-none-eabi/10.2.0/../../../../arm-none-eabi/lib/armv6k/fpu/3dsx_crt0.o
                0x0000000000100000                _start
                0x0000000000100008                __service_ptr
                0x000000000010000c                __apt_appid
                0x0000000000100010                __heap_size
                0x0000000000100014                __linear_heap_size
                0x0000000000100018                __system_arglist
                0x000000000010001c                __system_runflags
 *(.init)
 .init          0x0000000000100094        0xc d:/devkitpro/devkitarm/bin/../lib/gcc/arm-none-eabi/10.2.0/armv6k/fpu/crti.o
                0x0000000000100094                _init
 .init          0x00000000001000a0        0xc d:/devkitpro/devkitarm/bin/../lib/gcc/arm-none-eabi/10.2.0/armv6k/fpu/crtn.o
                0x00000000001000ac                . = ALIGN (0x4)
 *(.text)
 .text          0x00000000001000ac      0x240 d:/devkitpro/devkitarm/bin/../lib/gcc/arm-none-eabi/10.2.0/armv6k/fpu\libgcc.a(_divsi3.o)
                0x00000000001000ac                __divsi3
                0x00000000001000ac                __aeabi_idiv
                0x00000000001002cc                __aeabi_idivmod
 .text          0x00000000001002ec        0x4 d:/devkitpro/devkitarm/bin/../lib/gcc/arm-none-eabi/10.2.0/armv6k/fpu\libgcc.a(_dvmd_tls.o)
                0x00000000001002ec                __aeabi_idiv0
                0x00000000001002ec                __aeabi_ldiv0
 .text          0x00000000001002f0       0xd4 d:/devkitpro/devkitarm/bin/../lib/gcc/arm-none-eabi/10.2.0/armv6k/fpu\libgcc.a(_aeabi_ldivmod.o)
                0x00000000001002f0                __aeabi_ldivmod
 .text          0x00000000001003c4       0x3c d:/devkitpro/devkitarm/bin/../lib/gcc/arm-none-eabi/10.2.0/armv6k/fpu\libgcc.a(_aeabi_uldivmod.o)
                0x00000000001003c4                __aeabi_uldivmod
 .text          0x0000000000100400      0x390 d:/devkitpro/devkitarm/bin/../lib/gcc/arm-none-eabi/10.2.0/../../../../arm-none-eabi/lib/armv6k/fpu\libg.a(lib_a-strcmp.o)
                0x0000000000100408                strcmp
 .text          0x0000000000100790      0x20c d:/devkitpro/devkitarm/bin/../lib/gcc/arm-none-eabi/10.2.0/armv6k/fpu\libgcc.a(_udivsi3.o)
                0x0000000000100790                __aeabi_uidiv
                0x0000000000100790                __udivsi3
                0x000000000010097c                __aeabi_uidivmod
 .text          0x000000000010099c      0x3c0 d:/devkitpro/devkitarm/bin/../lib/gcc/arm-none-eabi/10.2.0/armv6k/fpu\libgcc.a(_arm_addsubdf3.o)
                0x000000000010099c                __aeabi_drsub
                0x00000000001009a4                __aeabi_dsub
                0x00000000001009a4                __subdf3
                0x00000000001009a8                __aeabi_dadd
                0x00000000001009a8                __adddf3
                0x0000000000100c54                __floatunsidf
                0x0000000000100c54                __aeabi_ui2d
                0x0000000000100c78                __floatsidf
                0x0000000000100c78                __aeabi_i2d
                0x0000000000100ca0                __aeabi_f2d
                0x0000000000100ca0                __extendsfdf2
                0x0000000000100ce8                __floatundidf
                0x0000000000100ce8                __aeabi_ul2d
                0x0000000000100cfc                __floatdidf
                0x0000000000100cfc                __aeabi_l2d
 *(.text.*)
 .text.__do_global_dtors_aux
                0x0000000000100d5c       0x40 d:/devkitpro/devkitarm/bin/../lib/gcc/arm-none-eabi/10.2.0/armv6k/fpu/crtbegin.o
 .text.frame_dummy
                0x0000000000100d9c       0x2c d:/devkitpro/devkitarm/bin/../lib/gcc/arm-none-eabi/10.2.0/armv6k/fpu/crtbegin.o
 .text.startup.main
                0x0000000000100dc8       0x30 main.o
                0x0000000000100dc8                main
 .text.consoleDrawChar
                0x0000000000100df8      0x178 D:/devkitpro/libctru/lib\libctru.a(console.o)
                0x0000000000100df8                consoleDrawChar
 .text.consolePrintChar
                0x0000000000100f70      0x124 D:/devkitpro/libctru/lib\libctru.a(console.o)
                0x0000000000100f70                consolePrintChar
 .text.con_write
                0x0000000000101094      0xa00 D:/devkitpro/libctru/lib\libctru.a(console.o)
                0x0000000000101094                con_write
 .text.consoleInit
                0x0000000000101a94      0x168 D:/devkitpro/libctru/lib\libctru.a(console.o)
                0x0000000000101a94                consoleInit
 .text.newRow   0x0000000000101bfc       0xf4 D:/devkitpro/libctru/lib\libctru.a(console.o)
 .text.gfxPresentFramebuffer
                0x0000000000101cf0       0xd0 D:/devkitpro/libctru/lib\libctru.a(gfx.o)
 .text.gfxIsWide
                0x0000000000101dc0       0x1c D:/devkitpro/libctru/lib\libctru.a(gfx.o)
                0x0000000000101dc0                gfxIsWide
 .text.gfxSetScreenFormat
                0x0000000000101ddc       0xec D:/devkitpro/libctru/lib\libctru.a(gfx.o)
                0x0000000000101ddc                gfxSetScreenFormat
 .text.gfxSetDoubleBuffering
                0x0000000000101ec8       0x10 D:/devkitpro/libctru/lib\libctru.a(gfx.o)
                0x0000000000101ec8                gfxSetDoubleBuffering
 .text.gfxInit  0x0000000000101ed8      0x108 D:/devkitpro/libctru/lib\libctru.a(gfx.o)
                0x0000000000101ed8                gfxInit
 .text.gfxInitDefault
                0x0000000000101fe0       0x10 D:/devkitpro/libctru/lib\libctru.a(gfx.o)
                0x0000000000101fe0                gfxInitDefault
 .text.gfxGetFramebuffer
                0x0000000000101ff0       0xa0 D:/devkitpro/libctru/lib\libctru.a(gfx.o)
                0x0000000000101ff0                gfxGetFramebuffer
 .text.gfxFlushBuffers
                0x0000000000102090      0x10c D:/devkitpro/libctru/lib\libctru.a(gfx.o)
                0x0000000000102090                gfxFlushBuffers
 .text.gfxSwapBuffersGpu
                0x000000000010219c       0x50 D:/devkitpro/libctru/lib\libctru.a(gfx.o)
                0x000000000010219c                gfxSwapBuffersGpu
 .text.gspHardwareInit
                0x00000000001021ec      0xc58 D:/devkitpro/libctru/lib\libctru.a(gspgpu.o)
 .text.gspInit  0x0000000000102e44      0x254 D:/devkitpro/libctru/lib\libctru.a(gspgpu.o)
                0x0000000000102e44                gspInit
 .text.gspPresentBuffer
                0x0000000000103098       0x98 D:/devkitpro/libctru/lib\libctru.a(gspgpu.o)
                0x0000000000103098                gspPresentBuffer
 .text.gspWaitForEvent
                0x0000000000103130       0x50 D:/devkitpro/libctru/lib\libctru.a(gspgpu.o)
                0x0000000000103130                gspWaitForEvent
 .text.gxCmdQueueInterrupt
                0x0000000000103180        0x4 D:/devkitpro/libctru/lib\libctru.a(gspgpu.o)
                0x0000000000103180                gxCmdQueueInterrupt
 .text.gspEventThreadMain
                0x0000000000103184      0x160 D:/devkitpro/libctru/lib\libctru.a(gspgpu.o)
 .text.GSPGPU_FlushDataCache
                0x00000000001032e4       0x50 D:/devkitpro/libctru/lib\libctru.a(gspgpu.o)
                0x00000000001032e4                GSPGPU_FlushDataCache
 .text.GSPGPU_SetLcdForceBlack
                0x0000000000103334       0x34 D:/devkitpro/libctru/lib\libctru.a(gspgpu.o)
                0x0000000000103334                GSPGPU_SetLcdForceBlack
 .text.GSPGPU_AcquireRight
                0x0000000000103368       0x68 D:/devkitpro/libctru/lib\libctru.a(gspgpu.o)
                0x0000000000103368                GSPGPU_AcquireRight
 .text.GSPGPU_RestoreVramSysArea
                0x00000000001033d0       0x2c D:/devkitpro/libctru/lib\libctru.a(gspgpu.o)
                0x00000000001033d0                GSPGPU_RestoreVramSysArea
 .text.__system_initArgv
                0x00000000001033fc       0xf0 D:/devkitpro/libctru/lib\libctru.a(initArgv.o)
                0x00000000001033fc                __system_initArgv
 .text.svcControlMemory
                0x00000000001034ec       0x20 D:/devkitpro/libctru/lib\libctru.a(svc.o)
                0x00000000001034ec                svcControlMemory
 .text.svcQueryMemory
                0x000000000010350c       0x30 D:/devkitpro/libctru/lib\libctru.a(svc.o)
                0x000000000010350c                svcQueryMemory
 .text.svcExitProcess
                0x000000000010353c        0x8 D:/devkitpro/libctru/lib\libctru.a(svc.o)
                0x000000000010353c                svcExitProcess
 .text.svcCreateThread
                0x0000000000103544       0x20 D:/devkitpro/libctru/lib\libctru.a(svc.o)
                0x0000000000103544                svcCreateThread
 .text.svcExitThread
                0x0000000000103564        0x8 D:/devkitpro/libctru/lib\libctru.a(svc.o)
                0x0000000000103564                svcExitThread
 .text.svcSleepThread
                0x000000000010356c        0x8 D:/devkitpro/libctru/lib\libctru.a(svc.o)
                0x000000000010356c                svcSleepThread
 .text.svcReleaseMutex
                0x0000000000103574        0x8 D:/devkitpro/libctru/lib\libctru.a(svc.o)
                0x0000000000103574                svcReleaseMutex
 .text.svcCreateEvent
                0x000000000010357c       0x14 D:/devkitpro/libctru/lib\libctru.a(svc.o)
                0x000000000010357c                svcCreateEvent
 .text.svcSignalEvent
                0x0000000000103590        0x8 D:/devkitpro/libctru/lib\libctru.a(svc.o)
                0x0000000000103590                svcSignalEvent
 .text.svcClearEvent
                0x0000000000103598        0x8 D:/devkitpro/libctru/lib\libctru.a(svc.o)
                0x0000000000103598                svcClearEvent
 .text.svcMapMemoryBlock
                0x00000000001035a0        0x8 D:/devkitpro/libctru/lib\libctru.a(svc.o)
                0x00000000001035a0                svcMapMemoryBlock
 .text.svcUnmapMemoryBlock
                0x00000000001035a8        0x8 D:/devkitpro/libctru/lib\libctru.a(svc.o)
                0x00000000001035a8                svcUnmapMemoryBlock
 .text.svcCreateAddressArbiter
                0x00000000001035b0       0x14 D:/devkitpro/libctru/lib\libctru.a(svc.o)
                0x00000000001035b0                svcCreateAddressArbiter
 .text.svcArbitrateAddressNoTimeout
                0x00000000001035c4        0x8 D:/devkitpro/libctru/lib\libctru.a(svc.o)
                0x00000000001035c4                svcArbitrateAddressNoTimeout
 .text.svcCloseHandle
                0x00000000001035cc        0x8 D:/devkitpro/libctru/lib\libctru.a(svc.o)
                0x00000000001035cc                svcCloseHandle
 .text.svcWaitSynchronization
                0x00000000001035d4        0x8 D:/devkitpro/libctru/lib\libctru.a(svc.o)
                0x00000000001035d4                svcWaitSynchronization
 .text.svcWaitSynchronizationN
                0x00000000001035dc       0x28 D:/devkitpro/libctru/lib\libctru.a(svc.o)
                0x00000000001035dc                svcWaitSynchronizationN
 .text.svcDuplicateHandle
                0x0000000000103604       0x14 D:/devkitpro/libctru/lib\libctru.a(svc.o)
                0x0000000000103604                svcDuplicateHandle
 .text.svcGetSystemTick
                0x0000000000103618        0x8 D:/devkitpro/libctru/lib\libctru.a(svc.o)
                0x0000000000103618                svcGetSystemTick
 .text.svcConnectToPort
                0x0000000000103620       0x14 D:/devkitpro/libctru/lib\libctru.a(svc.o)
                0x0000000000103620                svcConnectToPort
 .text.svcSendSyncRequest
                0x0000000000103634        0x8 D:/devkitpro/libctru/lib\libctru.a(svc.o)
                0x0000000000103634                svcSendSyncRequest
 .text.svcGetResourceLimit
                0x000000000010363c       0x14 D:/devkitpro/libctru/lib\libctru.a(svc.o)
                0x000000000010363c                svcGetResourceLimit
 .text.svcGetResourceLimitLimitValues
                0x0000000000103650        0x8 D:/devkitpro/libctru/lib\libctru.a(svc.o)
                0x0000000000103650                svcGetResourceLimitLimitValues
 .text.svcGetResourceLimitCurrentValues
                0x0000000000103658        0x8 D:/devkitpro/libctru/lib\libctru.a(svc.o)
                0x0000000000103658                svcGetResourceLimitCurrentValues
 .text.svcBreak
                0x0000000000103660        0x8 D:/devkitpro/libctru/lib\libctru.a(svc.o)
                0x0000000000103660                svcBreak
 .text.initSystem
                0x0000000000103668       0x50 D:/devkitpro/libctru/lib\libctru.a(stack_adjust.o)
                0x0000000000103668                initSystem
 .text.__ctru_exit
                0x00000000001036b8       0x18 D:/devkitpro/libctru/lib\libctru.a(stack_adjust.o)
                0x00000000001036b8                __ctru_exit
 .text._ZL21addrMapNodeComparatorPK11rbtree_nodeS1_
                0x00000000001036d0       0x24 D:/devkitpro/libctru/lib\libctru.a(vram.o)
 .text._ZL21addrMapNodeDestructorP11rbtree_node
                0x00000000001036f4        0x4 D:/devkitpro/libctru/lib\libctru.a(vram.o)
 .text.vramMemAlign
                0x00000000001036f8      0x114 D:/devkitpro/libctru/lib\libctru.a(vram.o)
                0x00000000001036f8                vramMemAlign
 .text.vramAlloc
                0x000000000010380c        0x8 D:/devkitpro/libctru/lib\libctru.a(vram.o)
                0x000000000010380c                vramAlloc
 .text.vramFree
                0x0000000000103814       0x5c D:/devkitpro/libctru/lib\libctru.a(vram.o)
                0x0000000000103814                vramFree
 .text._ZL21addrMapNodeComparatorPK11rbtree_nodeS1_
                0x0000000000103870       0x24 D:/devkitpro/libctru/lib\libctru.a(linear.o)
 .text._ZL21addrMapNodeDestructorP11rbtree_node
                0x0000000000103894        0x4 D:/devkitpro/libctru/lib\libctru.a(linear.o)
 .text.linearMemAlign
                0x0000000000103898      0x120 D:/devkitpro/libctru/lib\libctru.a(linear.o)
                0x0000000000103898                linearMemAlign
 .text.linearAlloc
                0x00000000001039b8        0x8 D:/devkitpro/libctru/lib\libctru.a(linear.o)
                0x00000000001039b8                linearAlloc
 .text.linearFree
                0x00000000001039c0       0x5c D:/devkitpro/libctru/lib\libctru.a(linear.o)
                0x00000000001039c0                linearFree
 .text._ZN7MemPool13CoalesceRightEP8MemBlock
                0x0000000000103a1c       0x84 D:/devkitpro/libctru/lib\libctru.a(mem_pool.o)
                0x0000000000103a1c                MemPool::CoalesceRight(MemBlock*)
 .text._ZN7MemPool8AllocateER8MemChunkmi
                0x0000000000103aa0      0x170 D:/devkitpro/libctru/lib\libctru.a(mem_pool.o)
                0x0000000000103aa0                MemPool::Allocate(MemChunk&, unsigned long, int)
 .text._ZN7MemPool10DeallocateERK8MemChunk
                0x0000000000103c10       0xfc D:/devkitpro/libctru/lib\libctru.a(mem_pool.o)
                0x0000000000103c10                MemPool::Deallocate(MemChunk const&)
 .text.__sync_init
                0x0000000000103d0c        0xc D:/devkitpro/libctru/lib\libctru.a(synchronization.o)
                0x0000000000103d0c                __sync_init
 .text.__sync_fini
                0x0000000000103d18       0x18 D:/devkitpro/libctru/lib\libctru.a(synchronization.o)
                0x0000000000103d18                __sync_fini
 .text.syncArbitrateAddress
                0x0000000000103d30       0x2c D:/devkitpro/libctru/lib\libctru.a(synchronization.o)
                0x0000000000103d30                syncArbitrateAddress
 .text.LightLock_Init
                0x0000000000103d5c       0x1c D:/devkitpro/libctru/lib\libctru.a(synchronization.o)
                0x0000000000103d5c                LightLock_Init
 .text.LightLock_Lock
                0x0000000000103d78       0x94 D:/devkitpro/libctru/lib\libctru.a(synchronization.o)
                0x0000000000103d78                LightLock_Lock
 .text.LightLock_TryLock
                0x0000000000103e0c       0x44 D:/devkitpro/libctru/lib\libctru.a(synchronization.o)
                0x0000000000103e0c                LightLock_TryLock
 .text.LightLock_Unlock
                0x0000000000103e50       0x40 D:/devkitpro/libctru/lib\libctru.a(synchronization.o)
                0x0000000000103e50                LightLock_Unlock
 .text.RecursiveLock_Init
                0x0000000000103e90       0x24 D:/devkitpro/libctru/lib\libctru.a(synchronization.o)
                0x0000000000103e90                RecursiveLock_Init
 .text.RecursiveLock_Lock
                0x0000000000103eb4       0x30 D:/devkitpro/libctru/lib\libctru.a(synchronization.o)
                0x0000000000103eb4                RecursiveLock_Lock
 .text.RecursiveLock_TryLock
                0x0000000000103ee4       0x78 D:/devkitpro/libctru/lib\libctru.a(synchronization.o)
                0x0000000000103ee4                RecursiveLock_TryLock
 .text.RecursiveLock_Unlock
                0x0000000000103f5c       0x54 D:/devkitpro/libctru/lib\libctru.a(synchronization.o)
                0x0000000000103f5c                RecursiveLock_Unlock
 .text.LightEvent_Init
                0x0000000000103fb0       0x40 D:/devkitpro/libctru/lib\libctru.a(synchronization.o)
                0x0000000000103fb0                LightEvent_Init
 .text.LightEvent_Clear
                0x0000000000103ff0       0xa4 D:/devkitpro/libctru/lib\libctru.a(synchronization.o)
                0x0000000000103ff0                LightEvent_Clear
 .text.LightEvent_Signal
                0x0000000000104094       0xc8 D:/devkitpro/libctru/lib\libctru.a(synchronization.o)
                0x0000000000104094                LightEvent_Signal
 .text.LightEvent_TryWait
                0x000000000010415c       0x58 D:/devkitpro/libctru/lib\libctru.a(synchronization.o)
                0x000000000010415c                LightEvent_TryWait
 .text.LightEvent_Wait
                0x00000000001041b4       0xb0 D:/devkitpro/libctru/lib\libctru.a(synchronization.o)
                0x00000000001041b4                LightEvent_Wait
 .text.srvInit  0x0000000000104264      0x124 D:/devkitpro/libctru/lib\libctru.a(srv.o)
                0x0000000000104264                srvInit
 .text.srvExit  0x0000000000104388       0x58 D:/devkitpro/libctru/lib\libctru.a(srv.o)
                0x0000000000104388                srvExit
 .text.srvGetServiceHandleDirect
                0x00000000001043e0       0x80 D:/devkitpro/libctru/lib\libctru.a(srv.o)
                0x00000000001043e0                srvGetServiceHandleDirect
 .text.srvGetServiceHandle
                0x0000000000104460       0x48 D:/devkitpro/libctru/lib\libctru.a(srv.o)
                0x0000000000104460                srvGetServiceHandle
 .text.srvPublishToSubscriber
                0x00000000001044a8       0x38 D:/devkitpro/libctru/lib\libctru.a(srv.o)
                0x00000000001044a8                srvPublishToSubscriber
 .text.threadCreate
                0x00000000001044e0      0x188 D:/devkitpro/libctru/lib\libctru.a(thread.o)
                0x00000000001044e0                threadCreate
 .text.threadFree
                0x0000000000104668       0x2c D:/devkitpro/libctru/lib\libctru.a(thread.o)
                0x0000000000104668                threadFree
 .text.threadJoin
                0x0000000000104694       0x24 D:/devkitpro/libctru/lib\libctru.a(thread.o)
                0x0000000000104694                threadJoin
 .text.threadGetCurrent
                0x00000000001046b8       0x30 D:/devkitpro/libctru/lib\libctru.a(thread.o)
                0x00000000001046b8                threadGetCurrent
 .text.threadExit
                0x00000000001046e8       0x40 D:/devkitpro/libctru/lib\libctru.a(thread.o)
                0x00000000001046e8                threadExit
 .text._thread_begin
                0x0000000000104728       0x44 D:/devkitpro/libctru/lib\libctru.a(thread.o)
 .text.mappableFindAddressWithin
                0x000000000010476c       0x94 D:/devkitpro/libctru/lib\libctru.a(mappable.o)
 .text.mappableInit
                0x0000000000104800       0x28 D:/devkitpro/libctru/lib\libctru.a(mappable.o)
                0x0000000000104800                mappableInit
 .text.mappableAlloc
                0x0000000000104828       0x80 D:/devkitpro/libctru/lib\libctru.a(mappable.o)
                0x0000000000104828                mappableAlloc
 .text.mappableFree
                0x00000000001048a8        0x4 D:/devkitpro/libctru/lib\libctru.a(mappable.o)
                0x00000000001048a8                mappableFree
 .text.srvPmGetSessionHandle
                0x00000000001048ac        0xc D:/devkitpro/libctru/lib\libctru.a(srvpm.o)
                0x00000000001048ac                srvPmGetSessionHandle
 .text.rbtree_init
                0x00000000001048b8       0x10 D:/devkitpro/libctru/lib\libctru.a(rbtree_init.o)
                0x00000000001048b8                rbtree_init
 .text.do_insert
                0x00000000001048c8      0x1a0 D:/devkitpro/libctru/lib\libctru.a(rbtree_insert.o)
 .text.rbtree_insert
                0x0000000000104a68        0x8 D:/devkitpro/libctru/lib\libctru.a(rbtree_insert.o)
                0x0000000000104a68                rbtree_insert
 .text.rbtree_rotate
                0x0000000000104a70       0x90 D:/devkitpro/libctru/lib\libctru.a(rbtree_rotate.o)
                0x0000000000104a70                rbtree_rotate
 .text.rbtree_remove
                0x0000000000104b00      0x338 D:/devkitpro/libctru/lib\libctru.a(rbtree_remove.o)
                0x0000000000104b00                rbtree_remove
 .text.rbtree_find
                0x0000000000104e38       0x74 D:/devkitpro/libctru/lib\libctru.a(rbtree_find.o)
                0x0000000000104e38                rbtree_find
 .text.__appInit
                0x0000000000104eac       0x30 D:/devkitpro/libctru/lib\libctru.a(appInit.o)
                0x0000000000104eac                __appInit
 *fill*         0x0000000000104edc        0x4 
 .text.__system_allocateHeaps
                0x0000000000104ee0      0x1e0 D:/devkitpro/libctru/lib\libctru.a(allocateHeaps.o)
                0x0000000000104ee0                __system_allocateHeaps
 .text.__appExit
                0x00000000001050c0       0x30 D:/devkitpro/libctru/lib\libctru.a(appExit.o)
                0x00000000001050c0                __appExit
 .text.__libctru_init
                0x00000000001050f0       0x38 D:/devkitpro/libctru/lib\libctru.a(ctru_init.o)
                0x00000000001050f0                __libctru_init
 .text.__libctru_exit
                0x0000000000105128       0x90 D:/devkitpro/libctru/lib\libctru.a(ctru_exit.o)
                0x0000000000105128                __libctru_exit
 .text.envGetHandle
                0x00000000001051b8       0x84 D:/devkitpro/libctru/lib\libctru.a(env.o)
                0x00000000001051b8                envGetHandle
 .text.envDestroyHandles
                0x000000000010523c       0x50 D:/devkitpro/libctru/lib\libctru.a(env.o)
                0x000000000010523c                envDestroyHandles
 .text.archive_link
                0x000000000010528c       0x14 D:/devkitpro/libctru/lib\libctru.a(archive_dev.o)
 .text.archive_dirreset
                0x00000000001052a0       0x14 D:/devkitpro/libctru/lib\libctru.a(archive_dev.o)
 .text.archive_chmod
                0x00000000001052b4       0x14 D:/devkitpro/libctru/lib\libctru.a(archive_dev.o)
 .text.error_cmp
                0x00000000001052c8       0x24 D:/devkitpro/libctru/lib\libctru.a(archive_dev.o)
 .text.archive_translate_error
                0x00000000001052ec       0x50 D:/devkitpro/libctru/lib\libctru.a(archive_dev.o)
 .text.archive_seek
                0x000000000010533c       0xd4 D:/devkitpro/libctru/lib\libctru.a(archive_dev.o)
 .text._archiveInit.part.0
                0x0000000000105410       0x7c D:/devkitpro/libctru/lib\libctru.a(archive_dev.o)
 .text.archiveFindDevice.part.0
                0x000000000010548c       0x8c D:/devkitpro/libctru/lib\libctru.a(archive_dev.o)
 .text.archive_utf16path
                0x0000000000105518      0x294 D:/devkitpro/libctru/lib\libctru.a(archive_dev.o)
 .text._archiveUnmountDeviceStruct.part.0
                0x00000000001057ac       0xa0 D:/devkitpro/libctru/lib\libctru.a(archive_dev.o)
 .text.archive_fchmod
                0x000000000010584c       0x14 D:/devkitpro/libctru/lib\libctru.a(archive_dev.o)
 .text.archive_statvfs
                0x0000000000105860       0x14 D:/devkitpro/libctru/lib\libctru.a(archive_dev.o)
 .text._archiveMountDevice
                0x0000000000105874      0x158 D:/devkitpro/libctru/lib\libctru.a(archive_dev.o)
 .text.archive_diropen
                0x00000000001059cc       0xe8 D:/devkitpro/libctru/lib\libctru.a(archive_dev.o)
 .text.archive_fstat
                0x0000000000105ab4       0xa4 D:/devkitpro/libctru/lib\libctru.a(archive_dev.o)
 .text.archive_close
                0x0000000000105b58       0x6c D:/devkitpro/libctru/lib\libctru.a(archive_dev.o)
 .text.archive_fsync
                0x0000000000105bc4       0x6c D:/devkitpro/libctru/lib\libctru.a(archive_dev.o)
 .text.archive_dirclose
                0x0000000000105c30       0x70 D:/devkitpro/libctru/lib\libctru.a(archive_dev.o)
 .text.sdmc_statvfs
                0x0000000000105ca0       0xe8 D:/devkitpro/libctru/lib\libctru.a(archive_dev.o)
 .text.archive_ftruncate
                0x0000000000105d88       0x80 D:/devkitpro/libctru/lib\libctru.a(archive_dev.o)
 .text.archive_chdir
                0x0000000000105e08       0xfc D:/devkitpro/libctru/lib\libctru.a(archive_dev.o)
 .text.archive_read
                0x0000000000105f04       0xb0 D:/devkitpro/libctru/lib\libctru.a(archive_dev.o)
 .text.archive_unlink
                0x0000000000105fb4       0xac D:/devkitpro/libctru/lib\libctru.a(archive_dev.o)
 .text.archive_rmdir
                0x0000000000106060       0xc8 D:/devkitpro/libctru/lib\libctru.a(archive_dev.o)
 .text.archive_mkdir
                0x0000000000106128       0xec D:/devkitpro/libctru/lib\libctru.a(archive_dev.o)
 .text.archive_stat
                0x0000000000106214      0x1a8 D:/devkitpro/libctru/lib\libctru.a(archive_dev.o)
 .text.archive_rename
                0x00000000001063bc      0x184 D:/devkitpro/libctru/lib\libctru.a(archive_dev.o)
 .text.archive_dirnext
                0x0000000000106540      0x168 D:/devkitpro/libctru/lib\libctru.a(archive_dev.o)
 .text.archive_write
                0x00000000001066a8      0x12c D:/devkitpro/libctru/lib\libctru.a(archive_dev.o)
 .text.archive_open
                0x00000000001067d4      0x1f0 D:/devkitpro/libctru/lib\libctru.a(archive_dev.o)
 .text.archiveMountSdmc
                0x00000000001069c4      0x1a4 D:/devkitpro/libctru/lib\libctru.a(archive_dev.o)
                0x00000000001069c4                archiveMountSdmc
 .text.archiveUnmountAll
                0x0000000000106b68       0x54 D:/devkitpro/libctru/lib\libctru.a(archive_dev.o)
                0x0000000000106b68                archiveUnmountAll
 .text.aptDspSleep
                0x0000000000106bbc        0x8 D:/devkitpro/libctru/lib\libctru.a(apt.o)
                0x0000000000106bbc                aptDspSleep
 .text.aptDspWakeup
                0x0000000000106bc4        0x4 D:/devkitpro/libctru/lib\libctru.a(apt.o)
                0x0000000000106bc4                aptDspWakeup
 .text.aptDspCancel
                0x0000000000106bc8        0x4 D:/devkitpro/libctru/lib\libctru.a(apt.o)
                0x0000000000106bc8                aptDspCancel
 .text.aptSendCommand
                0x0000000000106bcc      0x15c D:/devkitpro/libctru/lib\libctru.a(apt.o)
                0x0000000000106bcc                aptSendCommand
 .text.aptExitProcess
                0x0000000000106d28       0x38 D:/devkitpro/libctru/lib\libctru.a(apt.o)
 .text.aptExit  0x0000000000106d60      0x2f0 D:/devkitpro/libctru/lib\libctru.a(apt.o)
                0x0000000000106d60                aptExit
 .text.APT_SleepIfShellClosed
                0x0000000000107050       0x84 D:/devkitpro/libctru/lib\libctru.a(apt.o)
                0x0000000000107050                APT_SleepIfShellClosed
 .text.APT_UnlockTransition
                0x00000000001070d4       0x84 D:/devkitpro/libctru/lib\libctru.a(apt.o)
                0x00000000001070d4                APT_UnlockTransition
 .text.aptEventHandler
                0x0000000000107158      0x484 D:/devkitpro/libctru/lib\libctru.a(apt.o)
 .text.APT_ReceiveParameter
                0x00000000001075dc       0xb0 D:/devkitpro/libctru/lib\libctru.a(apt.o)
                0x00000000001075dc                APT_ReceiveParameter
 .text.aptReceiveParameter.constprop.0
                0x000000000010768c       0xb0 D:/devkitpro/libctru/lib\libctru.a(apt.o)
 .text.aptWaitForWakeUp.isra.0
                0x000000000010773c      0x2d0 D:/devkitpro/libctru/lib\libctru.a(apt.o)
 .text.aptInit  0x0000000000107a0c      0x234 D:/devkitpro/libctru/lib\libctru.a(apt.o)
                0x0000000000107a0c                aptInit
 .text.APT_CheckNew3DS
                0x0000000000107c40       0x7c D:/devkitpro/libctru/lib\libctru.a(apt.o)
                0x0000000000107c40                APT_CheckNew3DS
 .text.hidShouldUseIrrst
                0x0000000000107cbc       0x24 D:/devkitpro/libctru/lib\libctru.a(hid.o)
                0x0000000000107cbc                hidShouldUseIrrst
 .text.hidInit  0x0000000000107ce0      0x18c D:/devkitpro/libctru/lib\libctru.a(hid.o)
                0x0000000000107ce0                hidInit
 .text.hidExit  0x0000000000107e6c       0xe8 D:/devkitpro/libctru/lib\libctru.a(hid.o)
                0x0000000000107e6c                hidExit
 .text.fsInit   0x0000000000107f54       0xc8 D:/devkitpro/libctru/lib\libctru.a(fs.o)
                0x0000000000107f54                fsInit
 .text.fsExit   0x000000000010801c       0x3c D:/devkitpro/libctru/lib\libctru.a(fs.o)
                0x000000000010801c                fsExit
 .text.fsExemptFromSession
                0x0000000000108058       0x60 D:/devkitpro/libctru/lib\libctru.a(fs.o)
                0x0000000000108058                fsExemptFromSession
 .text.fsUnexemptFromSession
                0x00000000001080b8       0x50 D:/devkitpro/libctru/lib\libctru.a(fs.o)
                0x00000000001080b8                fsUnexemptFromSession
 .text.FSUSER_OpenFile
                0x0000000000108108       0xcc D:/devkitpro/libctru/lib\libctru.a(fs.o)
                0x0000000000108108                FSUSER_OpenFile
 .text.FSUSER_DeleteFile
                0x00000000001081d4       0xbc D:/devkitpro/libctru/lib\libctru.a(fs.o)
                0x00000000001081d4                FSUSER_DeleteFile
 .text.FSUSER_RenameFile
                0x0000000000108290       0xf8 D:/devkitpro/libctru/lib\libctru.a(fs.o)
                0x0000000000108290                FSUSER_RenameFile
 .text.FSUSER_DeleteDirectory
                0x0000000000108388       0xbc D:/devkitpro/libctru/lib\libctru.a(fs.o)
                0x0000000000108388                FSUSER_DeleteDirectory
 .text.FSUSER_CreateFile
                0x0000000000108444       0xd4 D:/devkitpro/libctru/lib\libctru.a(fs.o)
                0x0000000000108444                FSUSER_CreateFile
 .text.FSUSER_CreateDirectory
                0x0000000000108518       0xc4 D:/devkitpro/libctru/lib\libctru.a(fs.o)
                0x0000000000108518                FSUSER_CreateDirectory
 .text.FSUSER_RenameDirectory
                0x00000000001085dc       0xf8 D:/devkitpro/libctru/lib\libctru.a(fs.o)
                0x00000000001085dc                FSUSER_RenameDirectory
 .text.FSUSER_OpenDirectory
                0x00000000001086d4       0xb4 D:/devkitpro/libctru/lib\libctru.a(fs.o)
                0x00000000001086d4                FSUSER_OpenDirectory
 .text.FSUSER_OpenArchive
                0x0000000000108788       0x94 D:/devkitpro/libctru/lib\libctru.a(fs.o)
                0x0000000000108788                FSUSER_OpenArchive
 .text.FSUSER_CloseArchive
                0x000000000010881c       0x8c D:/devkitpro/libctru/lib\libctru.a(fs.o)
                0x000000000010881c                FSUSER_CloseArchive
 .text.FSUSER_GetSdmcArchiveResource
                0x00000000001088a8       0x74 D:/devkitpro/libctru/lib\libctru.a(fs.o)
                0x00000000001088a8                FSUSER_GetSdmcArchiveResource
 .text.FSUSER_IsSdmcWritable
                0x000000000010891c       0x64 D:/devkitpro/libctru/lib\libctru.a(fs.o)
                0x000000000010891c                FSUSER_IsSdmcWritable
 .text.FSFILE_Read
                0x0000000000108980       0x58 D:/devkitpro/libctru/lib\libctru.a(fs.o)
                0x0000000000108980                FSFILE_Read
 .text.FSFILE_Write
                0x00000000001089d8       0x60 D:/devkitpro/libctru/lib\libctru.a(fs.o)
                0x00000000001089d8                FSFILE_Write
 .text.FSFILE_GetSize
                0x0000000000108a38       0x38 D:/devkitpro/libctru/lib\libctru.a(fs.o)
                0x0000000000108a38                FSFILE_GetSize
 .text.FSFILE_SetSize
                0x0000000000108a70       0x28 D:/devkitpro/libctru/lib\libctru.a(fs.o)
                0x0000000000108a70                FSFILE_SetSize
 .text.FSFILE_Close
                0x0000000000108a98       0x3c D:/devkitpro/libctru/lib\libctru.a(fs.o)
                0x0000000000108a98                FSFILE_Close
 .text.FSFILE_Flush
                0x0000000000108ad4       0x24 D:/devkitpro/libctru/lib\libctru.a(fs.o)
                0x0000000000108ad4                FSFILE_Flush
 .text.FSDIR_Read
                0x0000000000108af8       0x50 D:/devkitpro/libctru/lib\libctru.a(fs.o)
                0x0000000000108af8                FSDIR_Read
 .text.FSDIR_Close
                0x0000000000108b48       0x3c D:/devkitpro/libctru/lib\libctru.a(fs.o)
                0x0000000000108b48                FSDIR_Close
 .text.rbtree_node_next
                0x0000000000108b84       0x50 D:/devkitpro/libctru/lib\libctru.a(rbtree_iterator.o)
                0x0000000000108b84                rbtree_node_next
 .text.utf16_to_utf8
                0x0000000000108bd4       0xe8 D:/devkitpro/libctru/lib\libctru.a(utf16_to_utf8.o)
                0x0000000000108bd4                utf16_to_utf8
 .text.decode_utf16
                0x0000000000108cbc       0x64 D:/devkitpro/libctru/lib\libctru.a(decode_utf16.o)
                0x0000000000108cbc                decode_utf16
 .text.decode_utf8
                0x0000000000108d20      0x13c D:/devkitpro/libctru/lib\libctru.a(decode_utf8.o)
                0x0000000000108d20                decode_utf8
 .text.utf8_to_utf16
                0x0000000000108e5c       0xc0 D:/devkitpro/libctru/lib\libctru.a(utf8_to_utf16.o)
                0x0000000000108e5c                utf8_to_utf16
 .text.__libctru_nanosleep
                0x0000000000108f1c       0x30 D:/devkitpro/libctru/lib\libctru.a(syscalls.o)
 .text.__libctru_get_reent
                0x0000000000108f4c       0x30 D:/devkitpro/libctru/lib\libctru.a(syscalls.o)
 .text.__system_initSyscalls
                0x0000000000108f7c       0xf8 D:/devkitpro/libctru/lib\libctru.a(syscalls.o)
                0x0000000000108f7c                __system_initSyscalls
 .text.__aeabi_read_tp
                0x0000000000109074        0xc D:/devkitpro/libctru/lib\libctru.a(readtp.o)
                0x0000000000109074                __aeabi_read_tp
 .text.osGetTimeRef
                0x0000000000109080       0x54 D:/devkitpro/libctru/lib\libctru.a(os.o)
                0x0000000000109080                osGetTimeRef
 .text.osGetTime
                0x00000000001090d4       0xe4 D:/devkitpro/libctru/lib\libctru.a(os.o)
                0x00000000001090d4                osGetTime
 .text.__libctru_gtod
                0x00000000001091b8       0x74 D:/devkitpro/libctru/lib\libctru.a(os.o)
                0x00000000001091b8                __libctru_gtod
 .text.__ctru_speedup_config
                0x000000000010922c       0x34 D:/devkitpro/libctru/lib\libctru.a(os.o)
                0x000000000010922c                __ctru_speedup_config
 .text.irrstInit
                0x0000000000109260      0x160 D:/devkitpro/libctru/lib\libctru.a(irrst.o)
                0x0000000000109260                irrstInit
 .text.irrstExit
                0x00000000001093c0       0xcc D:/devkitpro/libctru/lib\libctru.a(irrst.o)
                0x00000000001093c0                irrstExit
 .text.ptmSysmInit
                0x000000000010948c       0x74 D:/devkitpro/libctru/lib\libctru.a(ptmsysm.o)
                0x000000000010948c                ptmSysmInit
 .text.ptmSysmExit
                0x0000000000109500       0x3c D:/devkitpro/libctru/lib\libctru.a(ptmsysm.o)
                0x0000000000109500                ptmSysmExit
 .text.PTMSYSM_ConfigureNew3DSCPU
                0x000000000010953c       0x34 D:/devkitpro/libctru/lib\libctru.a(ptmsysm.o)
                0x000000000010953c                PTMSYSM_ConfigureNew3DSCPU
 .text.encode_utf16
                0x0000000000109570       0x60 D:/devkitpro/libctru/lib\libctru.a(encode_utf16.o)
                0x0000000000109570                encode_utf16
 .text.encode_utf8
                0x00000000001095d0       0xfc D:/devkitpro/libctru/lib\libctru.a(encode_utf8.o)
                0x00000000001095d0                encode_utf8
 .text.__udivmoddi4
                0x00000000001096cc      0x120 d:/devkitpro/devkitarm/bin/../lib/gcc/arm-none-eabi/10.2.0/armv6k/fpu\libgcc.a(_udivmoddi4.o)
                0x00000000001096cc                __udivmoddi4
 .text.bsearch  0x00000000001097ec       0x78 d:/devkitpro/devkitarm/bin/../lib/gcc/arm-none-eabi/10.2.0/../../../../arm-none-eabi/lib/armv6k/fpu\libg.a(lib_a-bsearch.o)
                0x00000000001097ec                bsearch
 .text.__errno  0x0000000000109864        0xc d:/devkitpro/devkitarm/bin/../lib/gcc/arm-none-eabi/10.2.0/../../../../arm-none-eabi/lib/armv6k/fpu\libg.a(lib_a-errno.o)
                0x0000000000109864                __errno
 .text.exit     0x0000000000109870       0x34 d:/devkitpro/devkitarm/bin/../lib/gcc/arm-none-eabi/10.2.0/../../../../arm-none-eabi/lib/armv6k/fpu\libg.a(lib_a-exit.o)
                0x0000000000109870                exit
 .text.__libc_fini_array
                0x00000000001098a4       0x3c d:/devkitpro/devkitarm/bin/../lib/gcc/arm-none-eabi/10.2.0/../../../../arm-none-eabi/lib/armv6k/fpu\libg.a(lib_a-fini.o)
                0x00000000001098a4                __libc_fini_array
 .text.__libc_init_array
                0x00000000001098e0       0x7c d:/devkitpro/devkitarm/bin/../lib/gcc/arm-none-eabi/10.2.0/../../../../arm-none-eabi/lib/armv6k/fpu\libg.a(lib_a-init.o)
                0x00000000001098e0                __libc_init_array
 .text.iprintf  0x000000000010995c       0x34 d:/devkitpro/devkitarm/bin/../lib/gcc/arm-none-eabi/10.2.0/../../../../arm-none-eabi/lib/armv6k/fpu\libg.a(lib_a-iprintf.o)
                0x000000000010995c                iprintf
 .text.memalign
                0x0000000000109990       0x28 d:/devkitpro/devkitarm/bin/../lib/gcc/arm-none-eabi/10.2.0/../../../../arm-none-eabi/lib/armv6k/fpu\libg.a(lib_a-malign.o)
                0x0000000000109990                memalign
 .text._memalign_r
                0x00000000001099b8      0x148 d:/devkitpro/devkitarm/bin/../lib/gcc/arm-none-eabi/10.2.0/../../../../arm-none-eabi/lib/armv6k/fpu\libg.a(lib_a-malignr.o)
                0x00000000001099b8                _memalign_r
 .text.malloc   0x0000000000109b00       0x20 d:/devkitpro/devkitarm/bin/../lib/gcc/arm-none-eabi/10.2.0/../../../../arm-none-eabi/lib/armv6k/fpu\libg.a(lib_a-malloc.o)
                0x0000000000109b00                malloc
 .text.free     0x0000000000109b20       0x20 d:/devkitpro/devkitarm/bin/../lib/gcc/arm-none-eabi/10.2.0/../../../../arm-none-eabi/lib/armv6k/fpu\libg.a(lib_a-malloc.o)
                0x0000000000109b20                free
 .text._malloc_r
                0x0000000000109b40      0x7f0 d:/devkitpro/devkitarm/bin/../lib/gcc/arm-none-eabi/10.2.0/../../../../arm-none-eabi/lib/armv6k/fpu\libg.a(lib_a-mallocr.o)
                0x0000000000109b40                _malloc_r
 .text.memchr   0x000000000010a330       0xe0 d:/devkitpro/devkitarm/bin/../lib/gcc/arm-none-eabi/10.2.0/../../../../arm-none-eabi/lib/armv6k/fpu\libg.a(lib_a-memchr-stub.o)
                0x000000000010a330                memchr
 .text.memcpy   0x000000000010a410      0x11c d:/devkitpro/devkitarm/bin/../lib/gcc/arm-none-eabi/10.2.0/../../../../arm-none-eabi/lib/armv6k/fpu\libg.a(lib_a-memcpy-stub.o)
                0x000000000010a410                memcpy
 .text.memset   0x000000000010a52c      0x118 d:/devkitpro/devkitarm/bin/../lib/gcc/arm-none-eabi/10.2.0/../../../../arm-none-eabi/lib/armv6k/fpu\libg.a(lib_a-memset.o)
                0x000000000010a52c                memset
 .text.__malloc_lock
                0x000000000010a644        0xc d:/devkitpro/devkitarm/bin/../lib/gcc/arm-none-eabi/10.2.0/../../../../arm-none-eabi/lib/armv6k/fpu\libg.a(lib_a-mlock.o)
                0x000000000010a644                __malloc_lock
 .text.__malloc_unlock
                0x000000000010a650        0xc d:/devkitpro/devkitarm/bin/../lib/gcc/arm-none-eabi/10.2.0/../../../../arm-none-eabi/lib/armv6k/fpu\libg.a(lib_a-mlock.o)
                0x000000000010a650                __malloc_unlock
 .text.setvbuf  0x000000000010a65c      0x260 d:/devkitpro/devkitarm/bin/../lib/gcc/arm-none-eabi/10.2.0/../../../../arm-none-eabi/lib/armv6k/fpu\libg.a(lib_a-setvbuf.o)
                0x000000000010a65c                setvbuf
 .text.sscanf   0x000000000010a8bc       0x74 d:/devkitpro/devkitarm/bin/../lib/gcc/arm-none-eabi/10.2.0/../../../../arm-none-eabi/lib/armv6k/fpu\libg.a(lib_a-sscanf.o)
                0x000000000010a8bc                sscanf
 .text.__sread  0x000000000010a930       0x44 d:/devkitpro/devkitarm/bin/../lib/gcc/arm-none-eabi/10.2.0/../../../../arm-none-eabi/lib/armv6k/fpu\libg.a(lib_a-stdio.o)
                0x000000000010a930                __sread
 .text.__seofread
                0x000000000010a974        0x8 d:/devkitpro/devkitarm/bin/../lib/gcc/arm-none-eabi/10.2.0/../../../../arm-none-eabi/lib/armv6k/fpu\libg.a(lib_a-stdio.o)
                0x000000000010a974                __seofread
 .text.__swrite
                0x000000000010a97c       0x68 d:/devkitpro/devkitarm/bin/../lib/gcc/arm-none-eabi/10.2.0/../../../../arm-none-eabi/lib/armv6k/fpu\libg.a(lib_a-stdio.o)
                0x000000000010a97c                __swrite
 .text.__sseek  0x000000000010a9e4       0x48 d:/devkitpro/devkitarm/bin/../lib/gcc/arm-none-eabi/10.2.0/../../../../arm-none-eabi/lib/armv6k/fpu\libg.a(lib_a-stdio.o)
                0x000000000010a9e4                __sseek
 .text.__sclose
                0x000000000010aa2c        0x8 d:/devkitpro/devkitarm/bin/../lib/gcc/arm-none-eabi/10.2.0/../../../../arm-none-eabi/lib/armv6k/fpu\libg.a(lib_a-stdio.o)
                0x000000000010aa2c                __sclose
 .text.strlen   0x000000000010aa34       0x5c d:/devkitpro/devkitarm/bin/../lib/gcc/arm-none-eabi/10.2.0/../../../../arm-none-eabi/lib/armv6k/fpu\libg.a(lib_a-strlen-stub.o)
                0x000000000010aa34                strlen
 .text.strncat  0x000000000010aa90       0xec d:/devkitpro/devkitarm/bin/../lib/gcc/arm-none-eabi/10.2.0/../../../../arm-none-eabi/lib/armv6k/fpu\libg.a(lib_a-strncat.o)
                0x000000000010aa90                strncat
 .text.strncmp  0x000000000010ab7c       0xdc d:/devkitpro/devkitarm/bin/../lib/gcc/arm-none-eabi/10.2.0/../../../../arm-none-eabi/lib/armv6k/fpu\libg.a(lib_a-strncmp.o)
                0x000000000010ab7c                strncmp
 .text.strncpy  0x000000000010ac58       0xc0 d:/devkitpro/devkitarm/bin/../lib/gcc/arm-none-eabi/10.2.0/../../../../arm-none-eabi/lib/armv6k/fpu\libg.a(lib_a-strncpy.o)
                0x000000000010ac58                strncpy
 .text.strnlen  0x000000000010ad18       0x48 d:/devkitpro/devkitarm/bin/../lib/gcc/arm-none-eabi/10.2.0/../../../../arm-none-eabi/lib/armv6k/fpu\libg.a(lib_a-strnlen.o)
                0x000000000010ad18                strnlen
 .text.get_arg  0x000000000010ad60       0x50 d:/devkitpro/devkitarm/bin/../lib/gcc/arm-none-eabi/10.2.0/../../../../arm-none-eabi/lib/armv6k/fpu\libg.a(lib_a-svfscanf.o)
 .text.__ssvfscanf_r
                0x000000000010adb0     0x2b68 d:/devkitpro/devkitarm/bin/../lib/gcc/arm-none-eabi/10.2.0/../../../../arm-none-eabi/lib/armv6k/fpu\libg.a(lib_a-svfscanf.o)
                0x000000000010adb0                __ssvfscanf_r
 .text.get_arg  0x000000000010d918      0x64c d:/devkitpro/devkitarm/bin/../lib/gcc/arm-none-eabi/10.2.0/../../../../arm-none-eabi/lib/armv6k/fpu\libg.a(lib_a-vfiprintf.o)
 .text.__sprint_r
                0x000000000010df64       0x34 d:/devkitpro/devkitarm/bin/../lib/gcc/arm-none-eabi/10.2.0/../../../../arm-none-eabi/lib/armv6k/fpu\libg.a(lib_a-vfiprintf.o)
                0x000000000010df64                __sprint_r
 .text._vfiprintf_r
                0x000000000010df98     0x2584 d:/devkitpro/devkitarm/bin/../lib/gcc/arm-none-eabi/10.2.0/../../../../arm-none-eabi/lib/armv6k/fpu\libg.a(lib_a-vfiprintf.o)
                0x000000000010df98                _vfiprintf_r
 .text.__sbprintf
                0x000000000011051c       0xd4 d:/devkitpro/devkitarm/bin/../lib/gcc/arm-none-eabi/10.2.0/../../../../arm-none-eabi/lib/armv6k/fpu\libg.a(lib_a-vfiprintf.o)
 .text._wcrtomb_r
                0x00000000001105f0       0x54 d:/devkitpro/devkitarm/bin/../lib/gcc/arm-none-eabi/10.2.0/../../../../arm-none-eabi/lib/armv6k/fpu\libg.a(lib_a-wcrtomb.o)
                0x00000000001105f0                _wcrtomb_r
 .text._wcsrtombs_r
                0x0000000000110644       0x28 d:/devkitpro/devkitarm/bin/../lib/gcc/arm-none-eabi/10.2.0/../../../../arm-none-eabi/lib/armv6k/fpu\libg.a(lib_a-wcsrtombs.o)
                0x0000000000110644                _wcsrtombs_r
 .text.__swsetup_r
                0x000000000011066c      0x154 d:/devkitpro/devkitarm/bin/../lib/gcc/arm-none-eabi/10.2.0/../../../../arm-none-eabi/lib/armv6k/fpu\libg.a(lib_a-wsetup.o)
                0x000000000011066c                __swsetup_r
 .text.__call_exitprocs
                0x00000000001107c0      0x114 d:/devkitpro/devkitarm/bin/../lib/gcc/arm-none-eabi/10.2.0/../../../../arm-none-eabi/lib/armv6k/fpu\libg.a(lib_a-__call_atexit.o)
                0x00000000001107c0                __call_exitprocs
 .text.__sflush_r
                0x00000000001108d4      0x258 d:/devkitpro/devkitarm/bin/../lib/gcc/arm-none-eabi/10.2.0/../../../../arm-none-eabi/lib/armv6k/fpu\libg.a(lib_a-fflush.o)
                0x00000000001108d4                __sflush_r
 .text._fflush_r
                0x0000000000110b2c       0x94 d:/devkitpro/devkitarm/bin/../lib/gcc/arm-none-eabi/10.2.0/../../../../arm-none-eabi/lib/armv6k/fpu\libg.a(lib_a-fflush.o)
                0x0000000000110b2c                _fflush_r
 .text._cleanup_r
                0x0000000000110bc0        0xc d:/devkitpro/devkitarm/bin/../lib/gcc/arm-none-eabi/10.2.0/../../../../arm-none-eabi/lib/armv6k/fpu\libg.a(lib_a-findfp.o)
                0x0000000000110bc0                _cleanup_r
 .text.__sinit  0x0000000000110bcc      0x184 d:/devkitpro/devkitarm/bin/../lib/gcc/arm-none-eabi/10.2.0/../../../../arm-none-eabi/lib/armv6k/fpu\libg.a(lib_a-findfp.o)
                0x0000000000110bcc                __sinit
 .text.__sfp_lock_acquire
                0x0000000000110d50        0xc d:/devkitpro/devkitarm/bin/../lib/gcc/arm-none-eabi/10.2.0/../../../../arm-none-eabi/lib/armv6k/fpu\libg.a(lib_a-findfp.o)
                0x0000000000110d50                __sfp_lock_acquire
 .text.__sfp_lock_release
                0x0000000000110d5c        0xc d:/devkitpro/devkitarm/bin/../lib/gcc/arm-none-eabi/10.2.0/../../../../arm-none-eabi/lib/armv6k/fpu\libg.a(lib_a-findfp.o)
                0x0000000000110d5c                __sfp_lock_release
 .text._malloc_trim_r
                0x0000000000110d68       0xf8 d:/devkitpro/devkitarm/bin/../lib/gcc/arm-none-eabi/10.2.0/../../../../arm-none-eabi/lib/armv6k/fpu\libg.a(lib_a-freer.o)
                0x0000000000110d68                _malloc_trim_r
 .text._free_r  0x0000000000110e60      0x2e4 d:/devkitpro/devkitarm/bin/../lib/gcc/arm-none-eabi/10.2.0/../../../../arm-none-eabi/lib/armv6k/fpu\libg.a(lib_a-freer.o)
                0x0000000000110e60                _free_r
 .text.__sfvwrite_r
                0x0000000000111144      0x4a4 d:/devkitpro/devkitarm/bin/../lib/gcc/arm-none-eabi/10.2.0/../../../../arm-none-eabi/lib/armv6k/fpu\libg.a(lib_a-fvwrite.o)
                0x0000000000111144                __sfvwrite_r
 .text._fwalk_reent
                0x00000000001115e8       0x70 d:/devkitpro/devkitarm/bin/../lib/gcc/arm-none-eabi/10.2.0/../../../../arm-none-eabi/lib/armv6k/fpu\libg.a(lib_a-fwalk.o)
                0x00000000001115e8                _fwalk_reent
 .text.iswspace
                0x0000000000111658        0x8 d:/devkitpro/devkitarm/bin/../lib/gcc/arm-none-eabi/10.2.0/../../../../arm-none-eabi/lib/armv6k/fpu\libg.a(lib_a-iswspace.o)
                0x0000000000111658                iswspace
 .text._localeconv_r
                0x0000000000111660        0xc d:/devkitpro/devkitarm/bin/../lib/gcc/arm-none-eabi/10.2.0/../../../../arm-none-eabi/lib/armv6k/fpu\libg.a(lib_a-localeconv.o)
                0x0000000000111660                _localeconv_r
 .text.__locale_mb_cur_max
                0x000000000011166c       0x10 d:/devkitpro/devkitarm/bin/../lib/gcc/arm-none-eabi/10.2.0/../../../../arm-none-eabi/lib/armv6k/fpu\libg.a(lib_a-locale.o)
                0x000000000011166c                __locale_mb_cur_max
 .text.__smakebuf_r
                0x000000000011167c      0x138 d:/devkitpro/devkitarm/bin/../lib/gcc/arm-none-eabi/10.2.0/../../../../arm-none-eabi/lib/armv6k/fpu\libg.a(lib_a-makebuf.o)
                0x000000000011167c                __smakebuf_r
 .text.__swhatbuf_r
                0x00000000001117b4       0x94 d:/devkitpro/devkitarm/bin/../lib/gcc/arm-none-eabi/10.2.0/../../../../arm-none-eabi/lib/armv6k/fpu\libg.a(lib_a-makebuf.o)
                0x00000000001117b4                __swhatbuf_r
 .text._mbrtowc_r
                0x0000000000111848       0x68 d:/devkitpro/devkitarm/bin/../lib/gcc/arm-none-eabi/10.2.0/../../../../arm-none-eabi/lib/armv6k/fpu\libg.a(lib_a-mbrtowc.o)
                0x0000000000111848                _mbrtowc_r
 .text.__utf8_mbtowc
                0x00000000001118b0      0x2fc d:/devkitpro/devkitarm/bin/../lib/gcc/arm-none-eabi/10.2.0/../../../../arm-none-eabi/lib/armv6k/fpu\libg.a(lib_a-mbtowc_r.o)
                0x00000000001118b0                __utf8_mbtowc
 .text.memmove  0x0000000000111bac      0x154 d:/devkitpro/devkitarm/bin/../lib/gcc/arm-none-eabi/10.2.0/../../../../arm-none-eabi/lib/armv6k/fpu\libg.a(lib_a-memmove.o)
                0x0000000000111bac                memmove
 .text.realloc  0x0000000000111d00       0x28 d:/devkitpro/devkitarm/bin/../lib/gcc/arm-none-eabi/10.2.0/../../../../arm-none-eabi/lib/armv6k/fpu\libg.a(lib_a-realloc.o)
                0x0000000000111d00                realloc
 .text._realloc_r
                0x0000000000111d28      0x598 d:/devkitpro/devkitarm/bin/../lib/gcc/arm-none-eabi/10.2.0/../../../../arm-none-eabi/lib/armv6k/fpu\libg.a(lib_a-reallocr.o)
                0x0000000000111d28                _realloc_r
 .text.__sccl   0x00000000001122c0       0xe4 d:/devkitpro/devkitarm/bin/../lib/gcc/arm-none-eabi/10.2.0/../../../../arm-none-eabi/lib/armv6k/fpu\libg.a(lib_a-sccl.o)
                0x00000000001122c0                __sccl
 .text.nanf     0x00000000001123a4        0xc d:/devkitpro/devkitarm/bin/../lib/gcc/arm-none-eabi/10.2.0/../../../../arm-none-eabi/lib/armv6k/fpu\libg.a(lib_a-sf_nan.o)
                0x00000000001123a4                nanf
 .text.sprintf  0x00000000001123b0       0x64 d:/devkitpro/devkitarm/bin/../lib/gcc/arm-none-eabi/10.2.0/../../../../arm-none-eabi/lib/armv6k/fpu\libg.a(lib_a-sprintf.o)
                0x00000000001123b0                sprintf
 .text.stpncpy  0x0000000000112414       0xb8 d:/devkitpro/devkitarm/bin/../lib/gcc/arm-none-eabi/10.2.0/../../../../arm-none-eabi/lib/armv6k/fpu\libg.a(lib_a-stpncpy.o)
                0x0000000000112414                stpncpy
 .text.strchr   0x00000000001124cc      0x144 d:/devkitpro/devkitarm/bin/../lib/gcc/arm-none-eabi/10.2.0/../../../../arm-none-eabi/lib/armv6k/fpu\libg.a(lib_a-strchr.o)
                0x00000000001124cc                strchr
 .text._strtod_l
                0x0000000000112610     0x130c d:/devkitpro/devkitarm/bin/../lib/gcc/arm-none-eabi/10.2.0/../../../../arm-none-eabi/lib/armv6k/fpu\libg.a(lib_a-strtod.o)
                0x0000000000112610                _strtod_l
 .text._strtod_r
                0x000000000011391c        0xc d:/devkitpro/devkitarm/bin/../lib/gcc/arm-none-eabi/10.2.0/../../../../arm-none-eabi/lib/armv6k/fpu\libg.a(lib_a-strtod.o)
                0x000000000011391c                _strtod_r
 .text._strtoll_l.constprop.0
                0x0000000000113928      0x22c d:/devkitpro/devkitarm/bin/../lib/gcc/arm-none-eabi/10.2.0/../../../../arm-none-eabi/lib/armv6k/fpu\libg.a(lib_a-strtoll.o)
 .text._strtoll_r
                0x0000000000113b54        0x4 d:/devkitpro/devkitarm/bin/../lib/gcc/arm-none-eabi/10.2.0/../../../../arm-none-eabi/lib/armv6k/fpu\libg.a(lib_a-strtoll.o)
                0x0000000000113b54                _strtoll_r
 .text._strtol_l.part.0
                0x0000000000113b58      0x1b0 d:/devkitpro/devkitarm/bin/../lib/gcc/arm-none-eabi/10.2.0/../../../../arm-none-eabi/lib/armv6k/fpu\libg.a(lib_a-strtol.o)
 .text._strtol_r
                0x0000000000113d08       0x3c d:/devkitpro/devkitarm/bin/../lib/gcc/arm-none-eabi/10.2.0/../../../../arm-none-eabi/lib/armv6k/fpu\libg.a(lib_a-strtol.o)
                0x0000000000113d08                _strtol_r
 .text._strtoull_l.constprop.0
                0x0000000000113d44      0x244 d:/devkitpro/devkitarm/bin/../lib/gcc/arm-none-eabi/10.2.0/../../../../arm-none-eabi/lib/armv6k/fpu\libg.a(lib_a-strtoull.o)
 .text._strtoull_r
                0x0000000000113f88        0x4 d:/devkitpro/devkitarm/bin/../lib/gcc/arm-none-eabi/10.2.0/../../../../arm-none-eabi/lib/armv6k/fpu\libg.a(lib_a-strtoull.o)
                0x0000000000113f88                _strtoull_r
 .text._strtoul_l.constprop.0
                0x0000000000113f8c      0x1c8 d:/devkitpro/devkitarm/bin/../lib/gcc/arm-none-eabi/10.2.0/../../../../arm-none-eabi/lib/armv6k/fpu\libg.a(lib_a-strtoul.o)
 .text._strtoul_r
                0x0000000000114154        0x4 d:/devkitpro/devkitarm/bin/../lib/gcc/arm-none-eabi/10.2.0/../../../../arm-none-eabi/lib/armv6k/fpu\libg.a(lib_a-strtoul.o)
                0x0000000000114154                _strtoul_r
 .text.__ssprint_r
                0x0000000000114158      0x188 d:/devkitpro/devkitarm/bin/../lib/gcc/arm-none-eabi/10.2.0/../../../../arm-none-eabi/lib/armv6k/fpu\libg.a(lib_a-svfiprintf.o)
                0x0000000000114158                __ssprint_r
 .text._sungetc_r
                0x00000000001142e0       0xe0 d:/devkitpro/devkitarm/bin/../lib/gcc/arm-none-eabi/10.2.0/../../../../arm-none-eabi/lib/armv6k/fpu\libg.a(lib_a-svfiscanf.o)
                0x00000000001142e0                _sungetc_r
 .text.__ssrefill_r
                0x00000000001143c0       0x6c d:/devkitpro/devkitarm/bin/../lib/gcc/arm-none-eabi/10.2.0/../../../../arm-none-eabi/lib/armv6k/fpu\libg.a(lib_a-svfiscanf.o)
                0x00000000001143c0                __ssrefill_r
 .text._sfread_r
                0x000000000011442c       0xc8 d:/devkitpro/devkitarm/bin/../lib/gcc/arm-none-eabi/10.2.0/../../../../arm-none-eabi/lib/armv6k/fpu\libg.a(lib_a-svfiscanf.o)
                0x000000000011442c                _sfread_r
 .text.get_arg  0x00000000001144f4      0x64c d:/devkitpro/devkitarm/bin/../lib/gcc/arm-none-eabi/10.2.0/../../../../arm-none-eabi/lib/armv6k/fpu\libg.a(lib_a-svfprintf.o)
 .text._svfprintf_r
                0x0000000000114b40     0x3808 d:/devkitpro/devkitarm/bin/../lib/gcc/arm-none-eabi/10.2.0/../../../../arm-none-eabi/lib/armv6k/fpu\libg.a(lib_a-svfprintf.o)
                0x0000000000114b40                _svfprintf_r
 .text.__submore
                0x0000000000118348       0xa8 d:/devkitpro/devkitarm/bin/../lib/gcc/arm-none-eabi/10.2.0/../../../../arm-none-eabi/lib/armv6k/fpu\libg.a(lib_a-ungetc.o)
                0x0000000000118348                __submore
 .text._wcsnrtombs_l
                0x00000000001183f0      0x190 d:/devkitpro/devkitarm/bin/../lib/gcc/arm-none-eabi/10.2.0/../../../../arm-none-eabi/lib/armv6k/fpu\libg.a(lib_a-wcsnrtombs.o)
                0x00000000001183f0                _wcsnrtombs_l
 .text._wcsnrtombs_r
                0x0000000000118580       0x4c d:/devkitpro/devkitarm/bin/../lib/gcc/arm-none-eabi/10.2.0/../../../../arm-none-eabi/lib/armv6k/fpu\libg.a(lib_a-wcsnrtombs.o)
                0x0000000000118580                _wcsnrtombs_r
 .text.__utf8_wctomb
                0x00000000001185cc       0xf0 d:/devkitpro/devkitarm/bin/../lib/gcc/arm-none-eabi/10.2.0/../../../../arm-none-eabi/lib/armv6k/fpu\libg.a(lib_a-wctomb_r.o)
                0x00000000001185cc                __utf8_wctomb
 .text.quorem   0x00000000001186bc      0x1a8 d:/devkitpro/devkitarm/bin/../lib/gcc/arm-none-eabi/10.2.0/../../../../arm-none-eabi/lib/armv6k/fpu\libg.a(lib_a-dtoa.o)
 *fill*         0x0000000000118864        0x4 
 .text._dtoa_r  0x0000000000118868     0x12ec d:/devkitpro/devkitarm/bin/../lib/gcc/arm-none-eabi/10.2.0/../../../../arm-none-eabi/lib/armv6k/fpu\libg.a(lib_a-dtoa.o)
                0x0000000000118868                _dtoa_r
 .text._fclose_r
                0x0000000000119b54      0x160 d:/devkitpro/devkitarm/bin/../lib/gcc/arm-none-eabi/10.2.0/../../../../arm-none-eabi/lib/armv6k/fpu\libg.a(lib_a-fclose.o)
                0x0000000000119b54                _fclose_r
 .text.rshift   0x0000000000119cb4       0xec d:/devkitpro/devkitarm/bin/../lib/gcc/arm-none-eabi/10.2.0/../../../../arm-none-eabi/lib/armv6k/fpu\libg.a(lib_a-gdtoa-gethex.o)
 .text.__gethex
                0x0000000000119da0      0x928 d:/devkitpro/devkitarm/bin/../lib/gcc/arm-none-eabi/10.2.0/../../../../arm-none-eabi/lib/armv6k/fpu\libg.a(lib_a-gdtoa-gethex.o)
                0x0000000000119da0                __gethex
 .text.__match  0x000000000011a6c8       0x4c d:/devkitpro/devkitarm/bin/../lib/gcc/arm-none-eabi/10.2.0/../../../../arm-none-eabi/lib/armv6k/fpu\libg.a(lib_a-gdtoa-hexnan.o)
                0x000000000011a6c8                __match
 .text.__hexnan
                0x000000000011a714      0x29c d:/devkitpro/devkitarm/bin/../lib/gcc/arm-none-eabi/10.2.0/../../../../arm-none-eabi/lib/armv6k/fpu\libg.a(lib_a-gdtoa-hexnan.o)
                0x000000000011a714                __hexnan
 .text.iswspace_l
                0x000000000011a9b0       0x3c d:/devkitpro/devkitarm/bin/../lib/gcc/arm-none-eabi/10.2.0/../../../../arm-none-eabi/lib/armv6k/fpu\libg.a(lib_a-iswspace_l.o)
                0x000000000011a9b0                iswspace_l
 .text.__jp2uc  0x000000000011a9ec      0x1d4 d:/devkitpro/devkitarm/bin/../lib/gcc/arm-none-eabi/10.2.0/../../../../arm-none-eabi/lib/armv6k/fpu\libg.a(lib_a-jp2uc.o)
 .text._jp2uc_l
                0x000000000011abc0       0x9c d:/devkitpro/devkitarm/bin/../lib/gcc/arm-none-eabi/10.2.0/../../../../arm-none-eabi/lib/armv6k/fpu\libg.a(lib_a-jp2uc.o)
                0x000000000011abc0                _jp2uc_l
 .text._Balloc  0x000000000011ac5c       0x88 d:/devkitpro/devkitarm/bin/../lib/gcc/arm-none-eabi/10.2.0/../../../../arm-none-eabi/lib/armv6k/fpu\libg.a(lib_a-mprec.o)
                0x000000000011ac5c                _Balloc
 .text._Bfree   0x000000000011ace4       0x1c d:/devkitpro/devkitarm/bin/../lib/gcc/arm-none-eabi/10.2.0/../../../../arm-none-eabi/lib/armv6k/fpu\libg.a(lib_a-mprec.o)
                0x000000000011ace4                _Bfree
 .text.__multadd
                0x000000000011ad00       0xf4 d:/devkitpro/devkitarm/bin/../lib/gcc/arm-none-eabi/10.2.0/../../../../arm-none-eabi/lib/armv6k/fpu\libg.a(lib_a-mprec.o)
                0x000000000011ad00                __multadd
 .text.__s2b    0x000000000011adf4      0x110 d:/devkitpro/devkitarm/bin/../lib/gcc/arm-none-eabi/10.2.0/../../../../arm-none-eabi/lib/armv6k/fpu\libg.a(lib_a-mprec.o)
                0x000000000011adf4                __s2b
 .text.__hi0bits
                0x000000000011af04       0x58 d:/devkitpro/devkitarm/bin/../lib/gcc/arm-none-eabi/10.2.0/../../../../arm-none-eabi/lib/armv6k/fpu\libg.a(lib_a-mprec.o)
                0x000000000011af04                __hi0bits
 .text.__lo0bits
                0x000000000011af5c       0x9c d:/devkitpro/devkitarm/bin/../lib/gcc/arm-none-eabi/10.2.0/../../../../arm-none-eabi/lib/armv6k/fpu\libg.a(lib_a-mprec.o)
                0x000000000011af5c                __lo0bits
 .text.__i2b    0x000000000011aff8       0xa4 d:/devkitpro/devkitarm/bin/../lib/gcc/arm-none-eabi/10.2.0/../../../../arm-none-eabi/lib/armv6k/fpu\libg.a(lib_a-mprec.o)
                0x000000000011aff8                __i2b
 .text.__multiply
                0x000000000011b09c      0x204 d:/devkitpro/devkitarm/bin/../lib/gcc/arm-none-eabi/10.2.0/../../../../arm-none-eabi/lib/armv6k/fpu\libg.a(lib_a-mprec.o)
                0x000000000011b09c                __multiply
 .text.__pow5mult
                0x000000000011b2a0      0x120 d:/devkitpro/devkitarm/bin/../lib/gcc/arm-none-eabi/10.2.0/../../../../arm-none-eabi/lib/armv6k/fpu\libg.a(lib_a-mprec.o)
                0x000000000011b2a0                __pow5mult
 .text.__lshift
                0x000000000011b3c0      0x13c d:/devkitpro/devkitarm/bin/../lib/gcc/arm-none-eabi/10.2.0/../../../../arm-none-eabi/lib/armv6k/fpu\libg.a(lib_a-mprec.o)
                0x000000000011b3c0                __lshift
 .text.__mcmp   0x000000000011b4fc       0x58 d:/devkitpro/devkitarm/bin/../lib/gcc/arm-none-eabi/10.2.0/../../../../arm-none-eabi/lib/armv6k/fpu\libg.a(lib_a-mprec.o)
                0x000000000011b4fc                __mcmp
 .text.__mdiff  0x000000000011b554      0x1cc d:/devkitpro/devkitarm/bin/../lib/gcc/arm-none-eabi/10.2.0/../../../../arm-none-eabi/lib/armv6k/fpu\libg.a(lib_a-mprec.o)
                0x000000000011b554                __mdiff
 .text.__ulp    0x000000000011b720       0x88 d:/devkitpro/devkitarm/bin/../lib/gcc/arm-none-eabi/10.2.0/../../../../arm-none-eabi/lib/armv6k/fpu\libg.a(lib_a-mprec.o)
                0x000000000011b720                __ulp
 .text.__b2d    0x000000000011b7a8       0xd4 d:/devkitpro/devkitarm/bin/../lib/gcc/arm-none-eabi/10.2.0/../../../../arm-none-eabi/lib/armv6k/fpu\libg.a(lib_a-mprec.o)
                0x000000000011b7a8                __b2d
 .text.__d2b    0x000000000011b87c      0x12c d:/devkitpro/devkitarm/bin/../lib/gcc/arm-none-eabi/10.2.0/../../../../arm-none-eabi/lib/armv6k/fpu\libg.a(lib_a-mprec.o)
                0x000000000011b87c                __d2b
 .text.__ratio  0x000000000011b9a8       0x78 d:/devkitpro/devkitarm/bin/../lib/gcc/arm-none-eabi/10.2.0/../../../../arm-none-eabi/lib/armv6k/fpu\libg.a(lib_a-mprec.o)
                0x000000000011b9a8                __ratio
 .text.__copybits
                0x000000000011ba20       0x88 d:/devkitpro/devkitarm/bin/../lib/gcc/arm-none-eabi/10.2.0/../../../../arm-none-eabi/lib/armv6k/fpu\libg.a(lib_a-mprec.o)
                0x000000000011ba20                __copybits
 .text.__any_on
                0x000000000011baa8       0x5c d:/devkitpro/devkitarm/bin/../lib/gcc/arm-none-eabi/10.2.0/../../../../arm-none-eabi/lib/armv6k/fpu\libg.a(lib_a-mprec.o)
                0x000000000011baa8                __any_on
 *fill*         0x000000000011bb04        0x4 
 .text.frexp    0x000000000011bb08       0xa8 d:/devkitpro/devkitarm/bin/../lib/gcc/arm-none-eabi/10.2.0/../../../../arm-none-eabi/lib/armv6k/fpu\libg.a(lib_a-s_frexp.o)
                0x000000000011bb08                frexp
 .text.nan      0x000000000011bbb0       0x10 d:/devkitpro/devkitarm/bin/../lib/gcc/arm-none-eabi/10.2.0/../../../../arm-none-eabi/lib/armv6k/fpu\libg.a(lib_a-s_nan.o)
                0x000000000011bbb0                nan
 .text.__assert_func
                0x000000000011bbc0       0x5c d:/devkitpro/devkitarm/bin/../lib/gcc/arm-none-eabi/10.2.0/../../../../arm-none-eabi/lib/armv6k/fpu\libg.a(lib_a-assert.o)
                0x000000000011bbc0                __assert_func
 .text._calloc_r
                0x000000000011bc1c       0x94 d:/devkitpro/devkitarm/bin/../lib/gcc/arm-none-eabi/10.2.0/../../../../arm-none-eabi/lib/armv6k/fpu\libg.a(lib_a-callocr.o)
                0x000000000011bc1c                _calloc_r
 .text.category
                0x000000000011bcb0       0x84 d:/devkitpro/devkitarm/bin/../lib/gcc/arm-none-eabi/10.2.0/../../../../arm-none-eabi/lib/armv6k/fpu\libg.a(lib_a-categories.o)
                0x000000000011bcb0                category
 .text.fiprintf
                0x000000000011bd34       0x3c d:/devkitpro/devkitarm/bin/../lib/gcc/arm-none-eabi/10.2.0/../../../../arm-none-eabi/lib/armv6k/fpu\libg.a(lib_a-fiprintf.o)
                0x000000000011bd34                fiprintf
 .text.abort    0x000000000011bd70       0x14 d:/devkitpro/devkitarm/bin/../lib/gcc/arm-none-eabi/10.2.0/../../../../arm-none-eabi/lib/armv6k/fpu\libg.a(lib_a-abort.o)
                0x000000000011bd70                abort
 .text._raise_r
                0x000000000011bd84       0x98 d:/devkitpro/devkitarm/bin/../lib/gcc/arm-none-eabi/10.2.0/../../../../arm-none-eabi/lib/armv6k/fpu\libg.a(lib_a-signal.o)
                0x000000000011bd84                _raise_r
 .text.raise    0x000000000011be1c       0x20 d:/devkitpro/devkitarm/bin/../lib/gcc/arm-none-eabi/10.2.0/../../../../arm-none-eabi/lib/armv6k/fpu\libg.a(lib_a-signal.o)
                0x000000000011be1c                raise
 .text.null_write
                0x000000000011be3c        0x8 d:/devkitpro/devkitarm/bin/../lib/gcc/arm-none-eabi/10.2.0/../../../../arm-none-eabi/lib/armv6k/fpu\libsysbase.a(iosupport.o)
 .text.setDefaultDevice
                0x000000000011be44       0x18 d:/devkitpro/devkitarm/bin/../lib/gcc/arm-none-eabi/10.2.0/../../../../arm-none-eabi/lib/armv6k/fpu\libsysbase.a(iosupport.o)
                0x000000000011be44                setDefaultDevice
 .text.FindDevice
                0x000000000011be5c       0xc8 d:/devkitpro/devkitarm/bin/../lib/gcc/arm-none-eabi/10.2.0/../../../../arm-none-eabi/lib/armv6k/fpu\libsysbase.a(iosupport.o)
                0x000000000011be5c                FindDevice
 .text.RemoveDevice
                0x000000000011bf24       0x28 d:/devkitpro/devkitarm/bin/../lib/gcc/arm-none-eabi/10.2.0/../../../../arm-none-eabi/lib/armv6k/fpu\libsysbase.a(iosupport.o)
                0x000000000011bf24                RemoveDevice
 .text.AddDevice
                0x000000000011bf4c       0x9c d:/devkitpro/devkitarm/bin/../lib/gcc/arm-none-eabi/10.2.0/../../../../arm-none-eabi/lib/armv6k/fpu\libsysbase.a(iosupport.o)
                0x000000000011bf4c                AddDevice
 .text.GetDeviceOpTab
                0x000000000011bfe8       0x20 d:/devkitpro/devkitarm/bin/../lib/gcc/arm-none-eabi/10.2.0/../../../../arm-none-eabi/lib/armv6k/fpu\libsysbase.a(iosupport.o)
                0x000000000011bfe8                GetDeviceOpTab
 .text._fstat_r
                0x000000000011c008       0x78 d:/devkitpro/devkitarm/bin/../lib/gcc/arm-none-eabi/10.2.0/../../../../arm-none-eabi/lib/armv6k/fpu\libsysbase.a(fstat.o)
                0x000000000011c008                _fstat_r
 .text._getpid_r
                0x000000000011c080       0x14 d:/devkitpro/devkitarm/bin/../lib/gcc/arm-none-eabi/10.2.0/../../../../arm-none-eabi/lib/armv6k/fpu\libsysbase.a(getpid.o)
                0x000000000011c080                _getpid_r
 .text._isatty_r
                0x000000000011c094        0x8 d:/devkitpro/devkitarm/bin/../lib/gcc/arm-none-eabi/10.2.0/../../../../arm-none-eabi/lib/armv6k/fpu\libsysbase.a(isatty.o)
                0x000000000011c094                _isatty_r
 .text._kill_r  0x000000000011c09c       0x14 d:/devkitpro/devkitarm/bin/../lib/gcc/arm-none-eabi/10.2.0/../../../../arm-none-eabi/lib/armv6k/fpu\libsysbase.a(kill.o)
                0x000000000011c09c                _kill_r
 .text._lseek_r
                0x000000000011c0b0       0x84 d:/devkitpro/devkitarm/bin/../lib/gcc/arm-none-eabi/10.2.0/../../../../arm-none-eabi/lib/armv6k/fpu\libsysbase.a(lseek.o)
                0x000000000011c0b0                _lseek_r
 .text._read_r  0x000000000011c134       0x80 d:/devkitpro/devkitarm/bin/../lib/gcc/arm-none-eabi/10.2.0/../../../../arm-none-eabi/lib/armv6k/fpu\libsysbase.a(read.o)
                0x000000000011c134                _read_r
 .text._sbrk_r  0x000000000011c1b4       0x78 d:/devkitpro/devkitarm/bin/../lib/gcc/arm-none-eabi/10.2.0/../../../../arm-none-eabi/lib/armv6k/fpu\libsysbase.a(sbrk.o)
                0x000000000011c1b4                _sbrk_r
 .text._write_r
                0x000000000011c22c       0x80 d:/devkitpro/devkitarm/bin/../lib/gcc/arm-none-eabi/10.2.0/../../../../arm-none-eabi/lib/armv6k/fpu\libsysbase.a(write.o)
                0x000000000011c22c                _write_r
 .text._exit    0x000000000011c2ac       0x24 d:/devkitpro/devkitarm/bin/../lib/gcc/arm-none-eabi/10.2.0/../../../../arm-none-eabi/lib/armv6k/fpu\libsysbase.a(_exit.o)
                0x000000000011c2ac                _exit
 .text._concatenate_path
                0x000000000011c2d0      0x1b8 d:/devkitpro/devkitarm/bin/../lib/gcc/arm-none-eabi/10.2.0/../../../../arm-none-eabi/lib/armv6k/fpu\libsysbase.a(chdir.o)
                0x000000000011c2d0                _concatenate_path
 .text.chdir    0x000000000011c488      0x160 d:/devkitpro/devkitarm/bin/../lib/gcc/arm-none-eabi/10.2.0/../../../../arm-none-eabi/lib/armv6k/fpu\libsysbase.a(chdir.o)
                0x000000000011c488                chdir
 .text.__flockfile
                0x000000000011c5e8        0x8 d:/devkitpro/devkitarm/bin/../lib/gcc/arm-none-eabi/10.2.0/../../../../arm-none-eabi/lib/armv6k/fpu\libsysbase.a(flock.o)
                0x000000000011c5e8                __flockfile
 .text.__funlockfile
                0x000000000011c5f0        0x8 d:/devkitpro/devkitarm/bin/../lib/gcc/arm-none-eabi/10.2.0/../../../../arm-none-eabi/lib/armv6k/fpu\libsysbase.a(flock.o)
                0x000000000011c5f0                __funlockfile
 .text.__libc_lock_acquire
                0x000000000011c5f8       0x18 d:/devkitpro/devkitarm/bin/../lib/gcc/arm-none-eabi/10.2.0/../../../../arm-none-eabi/lib/armv6k/fpu\libsysbase.a(syscall_support.o)
                0x000000000011c5f8                __libc_lock_acquire
 .text.__libc_lock_release
                0x000000000011c610       0x18 d:/devkitpro/devkitarm/bin/../lib/gcc/arm-none-eabi/10.2.0/../../../../arm-none-eabi/lib/armv6k/fpu\libsysbase.a(syscall_support.o)
                0x000000000011c610                __libc_lock_release
 .text.__libc_lock_init_recursive
                0x000000000011c628       0x18 d:/devkitpro/devkitarm/bin/../lib/gcc/arm-none-eabi/10.2.0/../../../../arm-none-eabi/lib/armv6k/fpu\libsysbase.a(syscall_support.o)
                0x000000000011c628                __libc_lock_init_recursive
 .text.__libc_lock_acquire_recursive
                0x000000000011c640       0x18 d:/devkitpro/devkitarm/bin/../lib/gcc/arm-none-eabi/10.2.0/../../../../arm-none-eabi/lib/armv6k/fpu\libsysbase.a(syscall_support.o)
                0x000000000011c640                __libc_lock_acquire_recursive
 .text.__libc_lock_release_recursive
                0x000000000011c658       0x18 d:/devkitpro/devkitarm/bin/../lib/gcc/arm-none-eabi/10.2.0/../../../../arm-none-eabi/lib/armv6k/fpu\libsysbase.a(syscall_support.o)
                0x000000000011c658                __libc_lock_release_recursive
 .text.__libc_lock_close_recursive
                0x000000000011c670       0x18 d:/devkitpro/devkitarm/bin/../lib/gcc/arm-none-eabi/10.2.0/../../../../arm-none-eabi/lib/armv6k/fpu\libsysbase.a(syscall_support.o)
                0x000000000011c670                __libc_lock_close_recursive
 .text.__get_handle
                0x000000000011c688       0x3c d:/devkitpro/devkitarm/bin/../lib/gcc/arm-none-eabi/10.2.0/../../../../arm-none-eabi/lib/armv6k/fpu\libsysbase.a(handle_manager.o)
                0x000000000011c688                __get_handle
 .text._close_r
                0x000000000011c6c4       0xf4 d:/devkitpro/devkitarm/bin/../lib/gcc/arm-none-eabi/10.2.0/../../../../arm-none-eabi/lib/armv6k/fpu\libsysbase.a(handle_manager.o)
                0x000000000011c6c4                _close_r
 .text.__getreent
                0x000000000011c7b8       0x28 d:/devkitpro/devkitarm/bin/../lib/gcc/arm-none-eabi/10.2.0/../../../../arm-none-eabi/lib/armv6k/fpu\libsysbase.a(getreent.o)
                0x000000000011c7b8                __getreent
 .text.__fixdfdi
                0x000000000011c7e0       0x38 d:/devkitpro/devkitarm/bin/../lib/gcc/arm-none-eabi/10.2.0/armv6k/fpu\libgcc.a(_fixdfdi.o)
                0x000000000011c7e0                __fixdfdi
                0x000000000011c7e0                __aeabi_d2lz
 .text.__fixunsdfdi
                0x000000000011c818       0x40 d:/devkitpro/devkitarm/bin/../lib/gcc/arm-none-eabi/10.2.0/armv6k/fpu\libgcc.a(_fixunsdfdi.o)
                0x000000000011c818                __fixunsdfdi
                0x000000000011c818                __aeabi_d2ulz
 .text.strrchr  0x000000000011c858       0x44 d:/devkitpro/devkitarm/bin/../lib/gcc/arm-none-eabi/10.2.0/../../../../arm-none-eabi/lib/armv6k/fpu\libg.a(lib_a-strrchr.o)
                0x000000000011c858                strrchr
 *(.glue_7)
 .glue_7        0x000000000011c89c        0x0 linker stubs
 *(.glue_7t)
 .glue_7t       0x000000000011c89c        0x0 linker stubs
 *(.stub)
 *(.gnu.warning)
 *(.gnu.linkonce.t*)
                0x000000000011c89c                . = ALIGN (0x4)
 *(.fini)
 .fini          0x000000000011c89c        0xc d:/devkitpro/devkitarm/bin/../lib/gcc/arm-none-eabi/10.2.0/armv6k/fpu/crti.o
                0x000000000011c89c                _fini
 .fini          0x000000000011c8a8        0xc d:/devkitpro/devkitarm/bin/../lib/gcc/arm-none-eabi/10.2.0/armv6k/fpu/crtn.o
                0x000000000011c8b4                . = ALIGN (0x4)

.vfp11_veneer   0x000000000011c8b4        0x0
 .vfp11_veneer  0x000000000011c8b4        0x0 linker stubs

.v4_bx          0x000000000011c8b4        0x0
 .v4_bx         0x000000000011c8b4        0x0 linker stubs

.iplt           0x000000000011c8b4        0x0
 .iplt          0x000000000011c8b4        0x0 d:/devkitpro/devkitarm/bin/../lib/gcc/arm-none-eabi/10.2.0/../../../../arm-none-eabi/lib/armv6k/fpu/3dsx_crt0.o
                0x000000000011d000                . = ALIGN (0x1000)

.rodata         0x000000000011d000     0x78fc
 *(.rodata)
 .rodata        0x000000000011d000        0xc D:/devkitpro/libctru/lib\libctru.a(archive_dev.o)
 .rodata        0x000000000011d00c        0x3 D:/devkitpro/libctru/lib\libctru.a(apt.o)
 *(.roda)
 *(.rodata.*)
 *fill*         0x000000000011d00f        0x1 
 .rodata.str1.4
                0x000000000011d010       0x17 main.o
 *fill*         0x000000000011d027        0x1 
 .rodata.con_write.str1.4
                0x000000000011d028       0x52 D:/devkitpro/libctru/lib\libctru.a(console.o)
 *fill*         0x000000000011d07a        0x2 
 .rodata.str1.4
                0x000000000011d07c       0x10 D:/devkitpro/libctru/lib\libctru.a(console.o)
 .rodata.colorTable
                0x000000000011d08c       0x30 D:/devkitpro/libctru/lib\libctru.a(console.o)
 .rodata.dotab_stdout
                0x000000000011d0bc       0x70 D:/devkitpro/libctru/lib\libctru.a(console.o)
 .rodata.gspInit.str1.4
                0x000000000011d12c        0x9 D:/devkitpro/libctru/lib\libctru.a(gspgpu.o)
 *fill*         0x000000000011d135        0x3 
 .rodata.default_font_bin
                0x000000000011d138      0x800 D:/devkitpro/libctru/lib\libctru.a(default_font.bin.o)
                0x000000000011d138                default_font_bin
                0x000000000011d938                default_font_bin_end
 .rodata.srvInit.str1.4
                0x000000000011d938        0x5 D:/devkitpro/libctru/lib\libctru.a(srv.o)
 *fill*         0x000000000011d93d        0x3 
 .rodata.str1.4
                0x000000000011d940        0x8 D:/devkitpro/libctru/lib\libctru.a(archive_dev.o)
                                          0xc (size before relaxing)
 .rodata._archiveUnmountDeviceStruct.part.0.str1.4
                0x000000000011d948        0x2 D:/devkitpro/libctru/lib\libctru.a(archive_dev.o)
 *fill*         0x000000000011d94a        0x2 
 .rodata._archiveMountDevice.str1.4
                0x000000000011d94c        0x8 D:/devkitpro/libctru/lib\libctru.a(archive_dev.o)
 .rodata.archiveMountSdmc.str1.4
                0x000000000011d954        0x5 D:/devkitpro/libctru/lib\libctru.a(archive_dev.o)
 *fill*         0x000000000011d959        0x3 
 .rodata.archive_devoptab
                0x000000000011d95c       0x70 D:/devkitpro/libctru/lib\libctru.a(archive_dev.o)
 .rodata.error_table
                0x000000000011d9cc       0x30 D:/devkitpro/libctru/lib\libctru.a(archive_dev.o)
 .rodata.aptSendCommand.str1.4
                0x000000000011d9fc       0x16 D:/devkitpro/libctru/lib\libctru.a(apt.o)
 *fill*         0x000000000011da12        0x2 
 .rodata.s_sleepWakeEvents.4
                0x000000000011da14        0x8 D:/devkitpro/libctru/lib\libctru.a(apt.o)
 .rodata.hidInit.str1.4
                0x000000000011da1c       0x15 D:/devkitpro/libctru/lib\libctru.a(hid.o)
 *fill*         0x000000000011da31        0x3 
 .rodata.fsInit.str1.4
                0x000000000011da34        0x8 D:/devkitpro/libctru/lib\libctru.a(fs.o)
 .rodata.irrstInit.str1.4
                0x000000000011da3c        0x7 D:/devkitpro/libctru/lib\libctru.a(irrst.o)
 *fill*         0x000000000011da43        0x1 
 .rodata.ptmSysmInit.str1.4
                0x000000000011da44        0x9 D:/devkitpro/libctru/lib\libctru.a(ptmsysm.o)
 *fill*         0x000000000011da4d        0x3 
 .rodata._global_impure_ptr
                0x000000000011da50        0x4 d:/devkitpro/devkitarm/bin/../lib/gcc/arm-none-eabi/10.2.0/../../../../arm-none-eabi/lib/armv6k/fpu\libg.a(lib_a-impure.o)
                0x000000000011da50                _global_impure_ptr
 .rodata.__ssvfscanf_r.str1.1
                0x000000000011da54        0x5 d:/devkitpro/devkitarm/bin/../lib/gcc/arm-none-eabi/10.2.0/../../../../arm-none-eabi/lib/armv6k/fpu\libg.a(lib_a-svfscanf.o)
                                          0x6 (size before relaxing)
 *fill*         0x000000000011da59        0x3 
 .rodata.basefix.0
                0x000000000011da5c       0x22 d:/devkitpro/devkitarm/bin/../lib/gcc/arm-none-eabi/10.2.0/../../../../arm-none-eabi/lib/armv6k/fpu\libg.a(lib_a-svfscanf.o)
 .rodata._vfiprintf_r.str1.1
                0x000000000011da7e       0x29 d:/devkitpro/devkitarm/bin/../lib/gcc/arm-none-eabi/10.2.0/../../../../arm-none-eabi/lib/armv6k/fpu\libg.a(lib_a-vfiprintf.o)
 *fill*         0x000000000011daa7        0x1 
 .rodata.blanks.1
                0x000000000011daa8       0x10 d:/devkitpro/devkitarm/bin/../lib/gcc/arm-none-eabi/10.2.0/../../../../arm-none-eabi/lib/armv6k/fpu\libg.a(lib_a-vfiprintf.o)
 .rodata.zeroes.0
                0x000000000011dab8       0x10 d:/devkitpro/devkitarm/bin/../lib/gcc/arm-none-eabi/10.2.0/../../../../arm-none-eabi/lib/armv6k/fpu\libg.a(lib_a-vfiprintf.o)
 .rodata._ctype_
                0x000000000011dac8      0x101 d:/devkitpro/devkitarm/bin/../lib/gcc/arm-none-eabi/10.2.0/../../../../arm-none-eabi/lib/armv6k/fpu\libg.a(lib_a-ctype_.o)
                0x000000000011dac8                _ctype_
 *fill*         0x000000000011dbc9        0x3 
 .rodata.str1.4
                0x000000000011dbcc       0x48 d:/devkitpro/devkitarm/bin/../lib/gcc/arm-none-eabi/10.2.0/../../../../arm-none-eabi/lib/armv6k/fpu\libg.a(lib_a-locale.o)
                                         0x4c (size before relaxing)
 .rodata._mbrtowc_r.str1.4
                0x000000000011dc14        0x1 d:/devkitpro/devkitarm/bin/../lib/gcc/arm-none-eabi/10.2.0/../../../../arm-none-eabi/lib/armv6k/fpu\libg.a(lib_a-mbrtowc.o)
 .rodata._strtod_l.str1.4
                0x000000000011dc14        0xf d:/devkitpro/devkitarm/bin/../lib/gcc/arm-none-eabi/10.2.0/../../../../arm-none-eabi/lib/armv6k/fpu\libg.a(lib_a-strtod.o)
                                         0x11 (size before relaxing)
 *fill*         0x000000000011dc23        0x1 
 .rodata.fpi.1  0x000000000011dc24       0x14 d:/devkitpro/devkitarm/bin/../lib/gcc/arm-none-eabi/10.2.0/../../../../arm-none-eabi/lib/armv6k/fpu\libg.a(lib_a-strtod.o)
 .rodata.fpinan.0
                0x000000000011dc38       0x14 d:/devkitpro/devkitarm/bin/../lib/gcc/arm-none-eabi/10.2.0/../../../../arm-none-eabi/lib/armv6k/fpu\libg.a(lib_a-strtod.o)
 *fill*         0x000000000011dc4c        0x4 
 .rodata.tinytens
                0x000000000011dc50       0x28 d:/devkitpro/devkitarm/bin/../lib/gcc/arm-none-eabi/10.2.0/../../../../arm-none-eabi/lib/armv6k/fpu\libg.a(lib_a-strtod.o)
 .rodata.__action_table
                0x000000000011dc78       0x6c d:/devkitpro/devkitarm/bin/../lib/gcc/arm-none-eabi/10.2.0/../../../../arm-none-eabi/lib/armv6k/fpu\libg.a(lib_a-svfiprintf.o)
                0x000000000011dc78                __action_table
 .rodata.__chclass
                0x000000000011dce4      0x100 d:/devkitpro/devkitarm/bin/../lib/gcc/arm-none-eabi/10.2.0/../../../../arm-none-eabi/lib/armv6k/fpu\libg.a(lib_a-svfiprintf.o)
                0x000000000011dce4                __chclass
 .rodata.__state_table
                0x000000000011dde4       0x6c d:/devkitpro/devkitarm/bin/../lib/gcc/arm-none-eabi/10.2.0/../../../../arm-none-eabi/lib/armv6k/fpu\libg.a(lib_a-svfiprintf.o)
                0x000000000011dde4                __state_table
 .rodata._svfprintf_r.str1.1
                0x000000000011de50       0x12 d:/devkitpro/devkitarm/bin/../lib/gcc/arm-none-eabi/10.2.0/../../../../arm-none-eabi/lib/armv6k/fpu\libg.a(lib_a-svfprintf.o)
                                         0x3b (size before relaxing)
 *fill*         0x000000000011de62        0x2 
 .rodata.blanks.1
                0x000000000011de64       0x10 d:/devkitpro/devkitarm/bin/../lib/gcc/arm-none-eabi/10.2.0/../../../../arm-none-eabi/lib/armv6k/fpu\libg.a(lib_a-svfprintf.o)
 .rodata.zeroes.0
                0x000000000011de74       0x10 d:/devkitpro/devkitarm/bin/../lib/gcc/arm-none-eabi/10.2.0/../../../../arm-none-eabi/lib/armv6k/fpu\libg.a(lib_a-svfprintf.o)
 .rodata._dtoa_r.str1.4
                0x000000000011de84       0x67 d:/devkitpro/devkitarm/bin/../lib/gcc/arm-none-eabi/10.2.0/../../../../arm-none-eabi/lib/armv6k/fpu\libg.a(lib_a-dtoa.o)
 *fill*         0x000000000011deeb        0x1 
 .rodata.__gethex.str1.4
                0x000000000011deec       0x47 d:/devkitpro/devkitarm/bin/../lib/gcc/arm-none-eabi/10.2.0/../../../../arm-none-eabi/lib/armv6k/fpu\libg.a(lib_a-gdtoa-gethex.o)
                                         0x5b (size before relaxing)
 *fill*         0x000000000011df33        0x1 
 .rodata.__hexdig
                0x000000000011df34      0x100 d:/devkitpro/devkitarm/bin/../lib/gcc/arm-none-eabi/10.2.0/../../../../arm-none-eabi/lib/armv6k/fpu\libg.a(lib_a-gdtoa-gethex.o)
                0x000000000011df34                __hexdig
 .rodata._jp2uc_l.str1.4
                0x000000000011e034       0x12 d:/devkitpro/devkitarm/bin/../lib/gcc/arm-none-eabi/10.2.0/../../../../arm-none-eabi/lib/armv6k/fpu\libg.a(lib_a-jp2uc.o)
 *fill*         0x000000000011e046        0x2 
 .rodata.a1     0x000000000011e048       0xbc d:/devkitpro/devkitarm/bin/../lib/gcc/arm-none-eabi/10.2.0/../../../../arm-none-eabi/lib/armv6k/fpu\libg.a(lib_a-jp2uc.o)
 .rodata.a2     0x000000000011e104       0xbc d:/devkitpro/devkitarm/bin/../lib/gcc/arm-none-eabi/10.2.0/../../../../arm-none-eabi/lib/armv6k/fpu\libg.a(lib_a-jp2uc.o)
 .rodata.a3     0x000000000011e1c0       0x5b d:/devkitpro/devkitarm/bin/../lib/gcc/arm-none-eabi/10.2.0/../../../../arm-none-eabi/lib/armv6k/fpu\libg.a(lib_a-jp2uc.o)
 *fill*         0x000000000011e21b        0x1 
 .rodata.a6     0x000000000011e21c       0x70 d:/devkitpro/devkitarm/bin/../lib/gcc/arm-none-eabi/10.2.0/../../../../arm-none-eabi/lib/armv6k/fpu\libg.a(lib_a-jp2uc.o)
 .rodata.a7     0x000000000011e28c       0xa2 d:/devkitpro/devkitarm/bin/../lib/gcc/arm-none-eabi/10.2.0/../../../../arm-none-eabi/lib/armv6k/fpu\libg.a(lib_a-jp2uc.o)
 *fill*         0x000000000011e32e        0x2 
 .rodata.a8     0x000000000011e330       0x40 d:/devkitpro/devkitarm/bin/../lib/gcc/arm-none-eabi/10.2.0/../../../../arm-none-eabi/lib/armv6k/fpu\libg.a(lib_a-jp2uc.o)
 .rodata.b02cf  0x000000000011e370     0x172a d:/devkitpro/devkitarm/bin/../lib/gcc/arm-none-eabi/10.2.0/../../../../arm-none-eabi/lib/armv6k/fpu\libg.a(lib_a-jp2uc.o)
 *fill*         0x000000000011fa9a        0x2 
 .rodata.d02f4  0x000000000011fa9c     0x1a7c d:/devkitpro/devkitarm/bin/../lib/gcc/arm-none-eabi/10.2.0/../../../../arm-none-eabi/lib/armv6k/fpu\libg.a(lib_a-jp2uc.o)
 .rodata.str1.4
                0x0000000000121518        0x5 d:/devkitpro/devkitarm/bin/../lib/gcc/arm-none-eabi/10.2.0/../../../../arm-none-eabi/lib/armv6k/fpu\libg.a(lib_a-lnumeric.o)
 .rodata._C_numeric_locale
                0x0000000000121518        0xc d:/devkitpro/devkitarm/bin/../lib/gcc/arm-none-eabi/10.2.0/../../../../arm-none-eabi/lib/armv6k/fpu\libg.a(lib_a-lnumeric.o)
                0x0000000000121518                _C_numeric_locale
 .rodata.__multadd.str1.4
                0x0000000000121524       0x40 d:/devkitpro/devkitarm/bin/../lib/gcc/arm-none-eabi/10.2.0/../../../../arm-none-eabi/lib/armv6k/fpu\libg.a(lib_a-mprec.o)
                                         0x54 (size before relaxing)
 *fill*         0x0000000000121564        0x4 
 .rodata.__mprec_bigtens
                0x0000000000121568       0x28 d:/devkitpro/devkitarm/bin/../lib/gcc/arm-none-eabi/10.2.0/../../../../arm-none-eabi/lib/armv6k/fpu\libg.a(lib_a-mprec.o)
                0x0000000000121568                __mprec_bigtens
 .rodata.__mprec_tens
                0x0000000000121590       0xc8 d:/devkitpro/devkitarm/bin/../lib/gcc/arm-none-eabi/10.2.0/../../../../arm-none-eabi/lib/armv6k/fpu\libg.a(lib_a-mprec.o)
                0x0000000000121590                __mprec_tens
 .rodata.p05.0  0x0000000000121658        0xc d:/devkitpro/devkitarm/bin/../lib/gcc/arm-none-eabi/10.2.0/../../../../arm-none-eabi/lib/armv6k/fpu\libg.a(lib_a-mprec.o)
 .rodata.__assert_func.str1.4
                0x0000000000121664       0x3f d:/devkitpro/devkitarm/bin/../lib/gcc/arm-none-eabi/10.2.0/../../../../arm-none-eabi/lib/armv6k/fpu\libg.a(lib_a-assert.o)
                                         0x43 (size before relaxing)
 *fill*         0x00000000001216a3        0x1 
 .rodata.categories
                0x00000000001216a4     0x31e6 d:/devkitpro/devkitarm/bin/../lib/gcc/arm-none-eabi/10.2.0/../../../../arm-none-eabi/lib/armv6k/fpu\libg.a(lib_a-categories.o)
 .rodata.AddDevice.str1.4
                0x000000000012488a        0x8 d:/devkitpro/devkitarm/bin/../lib/gcc/arm-none-eabi/10.2.0/../../../../arm-none-eabi/lib/armv6k/fpu\libsysbase.a(iosupport.o)
 *fill*         0x000000000012488a        0x2 
 .rodata.dotab_stdnull
                0x000000000012488c       0x70 d:/devkitpro/devkitarm/bin/../lib/gcc/arm-none-eabi/10.2.0/../../../../arm-none-eabi/lib/armv6k/fpu\libsysbase.a(iosupport.o)
                0x000000000012488c                dotab_stdnull
 *all.rodata*(*)
 *(.gnu.linkonce.r*)
                0x00000000001248fc                . = ALIGN (0x4)

.eh_frame       0x00000000001248fc        0x0
 .eh_frame      0x00000000001248fc        0x0 d:/devkitpro/devkitarm/bin/../lib/gcc/arm-none-eabi/10.2.0/armv6k/fpu/crtbegin.o

.rel.dyn        0x00000000001248fc        0x0
 .rel.iplt      0x00000000001248fc        0x0 d:/devkitpro/devkitarm/bin/../lib/gcc/arm-none-eabi/10.2.0/../../../../arm-none-eabi/lib/armv6k/fpu/3dsx_crt0.o
 .rel.got       0x00000000001248fc        0x0 d:/devkitpro/devkitarm/bin/../lib/gcc/arm-none-eabi/10.2.0/../../../../arm-none-eabi/lib/armv6k/fpu/3dsx_crt0.o

.ARM.extab
 *(.ARM.extab* .gnu.linkonce.armextab.*)
                0x00000000001248fc                __exidx_start = .

ARM.exidx
 *(.ARM.exidx* .gnu.linkonce.armexidx.*)
                0x00000000001248fc                __exidx_end = .
                0x0000000000125000                . = ALIGN (0x1000)

.data           0x0000000000125000     0x1f28
 *(.data)
 *(.data.*)
 .data.currentConsole
                0x0000000000125000        0x4 D:/devkitpro/libctru/lib\libctru.a(console.o)
                0x0000000000125000                currentConsole
 .data.defaultConsole
                0x0000000000125004       0x4c D:/devkitpro/libctru/lib\libctru.a(console.o)
                0x0000000000125004                defaultConsole
 .data.firstConsoleInit.0
                0x0000000000125050        0x1 D:/devkitpro/libctru/lib\libctru.a(console.o)
 *fill*         0x0000000000125051        0x3 
 .data.__stacksize__
                0x0000000000125054        0x4 D:/devkitpro/libctru/lib\libctru.a(stack_adjust.o)
                0x0000000000125054                __stacksize__
 .data._impure_ptr
                0x0000000000125058        0x4 d:/devkitpro/devkitarm/bin/../lib/gcc/arm-none-eabi/10.2.0/../../../../arm-none-eabi/lib/armv6k/fpu\libg.a(lib_a-impure.o)
                0x0000000000125058                _impure_ptr
 *fill*         0x000000000012505c        0x4 
 .data.impure_data
                0x0000000000125060      0x460 d:/devkitpro/devkitarm/bin/../lib/gcc/arm-none-eabi/10.2.0/../../../../arm-none-eabi/lib/armv6k/fpu\libg.a(lib_a-impure.o)
 .data.__malloc_av_
                0x00000000001254c0      0x408 d:/devkitpro/devkitarm/bin/../lib/gcc/arm-none-eabi/10.2.0/../../../../arm-none-eabi/lib/armv6k/fpu\libg.a(lib_a-mallocr.o)
                0x00000000001254c0                __malloc_av_
 .data.__malloc_sbrk_base
                0x00000000001258c8        0x4 d:/devkitpro/devkitarm/bin/../lib/gcc/arm-none-eabi/10.2.0/../../../../arm-none-eabi/lib/armv6k/fpu\libg.a(lib_a-mallocr.o)
                0x00000000001258c8                __malloc_sbrk_base
 .data.__malloc_trim_threshold
                0x00000000001258cc        0x4 d:/devkitpro/devkitarm/bin/../lib/gcc/arm-none-eabi/10.2.0/../../../../arm-none-eabi/lib/armv6k/fpu\libg.a(lib_a-mallocr.o)
                0x00000000001258cc                __malloc_trim_threshold
 .data.__malloc_recursive_mutex
                0x00000000001258d0        0xc d:/devkitpro/devkitarm/bin/../lib/gcc/arm-none-eabi/10.2.0/../../../../arm-none-eabi/lib/armv6k/fpu\libg.a(lib_a-mlock.o)
 .data.__atexit_recursive_mutex
                0x00000000001258dc        0xc d:/devkitpro/devkitarm/bin/../lib/gcc/arm-none-eabi/10.2.0/../../../../arm-none-eabi/lib/armv6k/fpu\libg.a(lib_a-__call_atexit.o)
                0x00000000001258dc                __atexit_recursive_mutex
 .data.__sfp_recursive_mutex
                0x00000000001258e8        0xc d:/devkitpro/devkitarm/bin/../lib/gcc/arm-none-eabi/10.2.0/../../../../arm-none-eabi/lib/armv6k/fpu\libg.a(lib_a-findfp.o)
 .data.__sinit_recursive_mutex
                0x00000000001258f4        0xc d:/devkitpro/devkitarm/bin/../lib/gcc/arm-none-eabi/10.2.0/../../../../arm-none-eabi/lib/armv6k/fpu\libg.a(lib_a-findfp.o)
 .data.__global_locale
                0x0000000000125900      0x16c d:/devkitpro/devkitarm/bin/../lib/gcc/arm-none-eabi/10.2.0/../../../../arm-none-eabi/lib/armv6k/fpu\libg.a(lib_a-locale.o)
                0x0000000000125900                __global_locale
 .data.numempty
                0x0000000000125a6c        0x2 d:/devkitpro/devkitarm/bin/../lib/gcc/arm-none-eabi/10.2.0/../../../../arm-none-eabi/lib/armv6k/fpu\libg.a(lib_a-lnumeric.o)
 *fill*         0x0000000000125a6e        0x2 
 .data.defaultDevice
                0x0000000000125a70        0x4 d:/devkitpro/devkitarm/bin/../lib/gcc/arm-none-eabi/10.2.0/../../../../arm-none-eabi/lib/armv6k/fpu\libsysbase.a(iosupport.o)
 .data.devoptab_list
                0x0000000000125a74       0x8c d:/devkitpro/devkitarm/bin/../lib/gcc/arm-none-eabi/10.2.0/../../../../arm-none-eabi/lib/armv6k/fpu\libsysbase.a(iosupport.o)
                0x0000000000125a74                devoptab_list
 .data._current_working_directory
                0x0000000000125b00      0x400 d:/devkitpro/devkitarm/bin/../lib/gcc/arm-none-eabi/10.2.0/../../../../arm-none-eabi/lib/armv6k/fpu\libsysbase.a(chdir.o)
 .data.__hndl_lock
                0x0000000000125f00        0x4 d:/devkitpro/devkitarm/bin/../lib/gcc/arm-none-eabi/10.2.0/../../../../arm-none-eabi/lib/armv6k/fpu\libsysbase.a(handle_manager.o)
 .data.__stderr_handle
                0x0000000000125f04        0xc d:/devkitpro/devkitarm/bin/../lib/gcc/arm-none-eabi/10.2.0/../../../../arm-none-eabi/lib/armv6k/fpu\libsysbase.a(handle_manager.o)
 .data.__stdin_handle
                0x0000000000125f10        0xc d:/devkitpro/devkitarm/bin/../lib/gcc/arm-none-eabi/10.2.0/../../../../arm-none-eabi/lib/armv6k/fpu\libsysbase.a(handle_manager.o)
 .data.__stdout_handle
                0x0000000000125f1c        0xc d:/devkitpro/devkitarm/bin/../lib/gcc/arm-none-eabi/10.2.0/../../../../arm-none-eabi/lib/armv6k/fpu\libsysbase.a(handle_manager.o)
 .data.handles  0x0000000000125f28     0x1000 d:/devkitpro/devkitarm/bin/../lib/gcc/arm-none-eabi/10.2.0/../../../../arm-none-eabi/lib/armv6k/fpu\libsysbase.a(handle_manager.o)
 *(.gnu.linkonce.d*)
                0x0000000000126f28                . = ALIGN (0x4)

.igot.plt       0x0000000000126f28        0x0
 .igot.plt      0x0000000000126f28        0x0 d:/devkitpro/devkitarm/bin/../lib/gcc/arm-none-eabi/10.2.0/../../../../arm-none-eabi/lib/armv6k/fpu/3dsx_crt0.o

.got            0x0000000000126f28        0x8